Archive member included because of file (symbol)

c:/program files/atmel/avr studio 5.0/avr toolchain/bin/../lib/gcc/avr/4.5.1/avrxmega2\libgcc.a(_mulsi3.o)
                              main.o (__mulsi3)
c:/program files/atmel/avr studio 5.0/avr toolchain/bin/../lib/gcc/avr/4.5.1/avrxmega2\libgcc.a(_udivmodhi4.o)
                              hardware.o (__udivmodhi4)
c:/program files/atmel/avr studio 5.0/avr toolchain/bin/../lib/gcc/avr/4.5.1/avrxmega2\libgcc.a(_divmodhi4.o)
                              hardware.o (__divmodhi4)
c:/program files/atmel/avr studio 5.0/avr toolchain/bin/../lib/gcc/avr/4.5.1/avrxmega2\libgcc.a(_udivmodsi4.o)
                              main.o (__udivmodsi4)
c:/program files/atmel/avr studio 5.0/avr toolchain/bin/../lib/gcc/avr/4.5.1/avrxmega2\libgcc.a(_exit.o)
                              c:/program files/atmel/avr studio 5.0/avr toolchain/bin/../lib/gcc/avr/4.5.1/../../../../avr/lib/avrxmega2/crtx16a4.o (exit)
c:/program files/atmel/avr studio 5.0/avr toolchain/bin/../lib/gcc/avr/4.5.1/avrxmega2\libgcc.a(_copy_data.o)
                              main.o (__do_copy_data)
c:/program files/atmel/avr studio 5.0/avr toolchain/bin/../lib/gcc/avr/4.5.1/avrxmega2\libgcc.a(_clear_bss.o)
                              hardware.o (__do_clear_bss)
c:/program files/atmel/avr studio 5.0/avr toolchain/bin/../lib/gcc/avr/4.5.1/avrxmega2\libgcc.a(_fixunssfsi.o)
                              hardware.o (__fixunssfsi)
c:/program files/atmel/avr studio 5.0/avr toolchain/bin/../lib/gcc/avr/4.5.1/avrxmega2\libgcc.a(_addsub_sf.o)
                              hardware.o (__addsf3)
c:/program files/atmel/avr studio 5.0/avr toolchain/bin/../lib/gcc/avr/4.5.1/avrxmega2\libgcc.a(_mul_sf.o)
                              hardware.o (__mulsf3)
c:/program files/atmel/avr studio 5.0/avr toolchain/bin/../lib/gcc/avr/4.5.1/avrxmega2\libgcc.a(_div_sf.o)
                              hardware.o (__divsf3)
c:/program files/atmel/avr studio 5.0/avr toolchain/bin/../lib/gcc/avr/4.5.1/avrxmega2\libgcc.a(_ge_sf.o)
                              c:/program files/atmel/avr studio 5.0/avr toolchain/bin/../lib/gcc/avr/4.5.1/avrxmega2\libgcc.a(_fixunssfsi.o) (__gesf2)
c:/program files/atmel/avr studio 5.0/avr toolchain/bin/../lib/gcc/avr/4.5.1/avrxmega2\libgcc.a(_lt_sf.o)
                              hardware.o (__ltsf2)
c:/program files/atmel/avr studio 5.0/avr toolchain/bin/../lib/gcc/avr/4.5.1/avrxmega2\libgcc.a(_sf_to_si.o)
                              c:/program files/atmel/avr studio 5.0/avr toolchain/bin/../lib/gcc/avr/4.5.1/avrxmega2\libgcc.a(_fixunssfsi.o) (__fixsfsi)
c:/program files/atmel/avr studio 5.0/avr toolchain/bin/../lib/gcc/avr/4.5.1/avrxmega2\libgcc.a(_thenan_sf.o)
                              c:/program files/atmel/avr studio 5.0/avr toolchain/bin/../lib/gcc/avr/4.5.1/avrxmega2\libgcc.a(_addsub_sf.o) (__thenan_sf)
c:/program files/atmel/avr studio 5.0/avr toolchain/bin/../lib/gcc/avr/4.5.1/avrxmega2\libgcc.a(_usi_to_sf.o)
                              hardware.o (__floatunsisf)
c:/program files/atmel/avr studio 5.0/avr toolchain/bin/../lib/gcc/avr/4.5.1/avrxmega2\libgcc.a(_prologue.o)
                              c:/program files/atmel/avr studio 5.0/avr toolchain/bin/../lib/gcc/avr/4.5.1/avrxmega2\libgcc.a(_addsub_sf.o) (__prologue_saves__)
c:/program files/atmel/avr studio 5.0/avr toolchain/bin/../lib/gcc/avr/4.5.1/avrxmega2\libgcc.a(_epilogue.o)
                              c:/program files/atmel/avr studio 5.0/avr toolchain/bin/../lib/gcc/avr/4.5.1/avrxmega2\libgcc.a(_addsub_sf.o) (__epilogue_restores__)
c:/program files/atmel/avr studio 5.0/avr toolchain/bin/../lib/gcc/avr/4.5.1/avrxmega2\libgcc.a(_clzsi2.o)
                              c:/program files/atmel/avr studio 5.0/avr toolchain/bin/../lib/gcc/avr/4.5.1/avrxmega2\libgcc.a(_usi_to_sf.o) (__clzsi2)
c:/program files/atmel/avr studio 5.0/avr toolchain/bin/../lib/gcc/avr/4.5.1/avrxmega2\libgcc.a(_pack_sf.o)
                              c:/program files/atmel/avr studio 5.0/avr toolchain/bin/../lib/gcc/avr/4.5.1/avrxmega2\libgcc.a(_addsub_sf.o) (__pack_f)
c:/program files/atmel/avr studio 5.0/avr toolchain/bin/../lib/gcc/avr/4.5.1/avrxmega2\libgcc.a(_unpack_sf.o)
                              c:/program files/atmel/avr studio 5.0/avr toolchain/bin/../lib/gcc/avr/4.5.1/avrxmega2\libgcc.a(_addsub_sf.o) (__unpack_f)
c:/program files/atmel/avr studio 5.0/avr toolchain/bin/../lib/gcc/avr/4.5.1/avrxmega2\libgcc.a(_fpcmp_parts_sf.o)
                              c:/program files/atmel/avr studio 5.0/avr toolchain/bin/../lib/gcc/avr/4.5.1/avrxmega2\libgcc.a(_ge_sf.o) (__fpcmp_parts_f)
c:/program files/atmel/avr studio 5.0/avr toolchain/bin/../lib/gcc/avr/4.5.1/avrxmega2\libgcc.a(_clz.o)
                              c:/program files/atmel/avr studio 5.0/avr toolchain/bin/../lib/gcc/avr/4.5.1/avrxmega2\libgcc.a(_clzsi2.o) (__clz_tab)

Allocating common symbols
Common symbol       size              file

next_division       0x1               main.o
next_duration       0x2               main.o
next_velocity       0x1               main.o

Memory Configuration

Name             Origin             Length             Attributes
text             0x00000000         0x00100000         xr
data             0x00802000         0x0000ffa0         rw !x
eeprom           0x00810000         0x00010000         rw !x
fuse             0x00820000         0x00000400         rw !x
lock             0x00830000         0x00000400         rw !x
signature        0x00840000         0x00000400         rw !x
*default*        0x00000000         0xffffffff

Linker script and memory map

LOAD c:/program files/atmel/avr studio 5.0/avr toolchain/bin/../lib/gcc/avr/4.5.1/../../../../avr/lib/avrxmega2/crtx16a4.o
LOAD hardware.o
LOAD main.o
LOAD serial_midi.o
LOAD xnorMIDI/bytequeue/bytequeue.o
LOAD xnorMIDI/bytequeue/interrupt_setting.o
LOAD xnorMIDI/midi.o
LOAD xnorMIDI/midi_device.o
LOAD c:/program files/atmel/avr studio 5.0/avr toolchain/bin/../lib/gcc/avr/4.5.1/avrxmega2\libgcc.a
LOAD c:/program files/atmel/avr studio 5.0/avr toolchain/bin/../lib/gcc/avr/4.5.1/../../../../avr/lib/avrxmega2\libc.a
LOAD c:/program files/atmel/avr studio 5.0/avr toolchain/bin/../lib/gcc/avr/4.5.1/avrxmega2\libgcc.a

.hash
 *(.hash)

.dynsym
 *(.dynsym)

.dynstr
 *(.dynstr)

.gnu.version
 *(.gnu.version)

.gnu.version_d
 *(.gnu.version_d)

.gnu.version_r
 *(.gnu.version_r)

.rel.init
 *(.rel.init)

.rela.init
 *(.rela.init)

.rel.text
 *(.rel.text)
 *(.rel.text.*)
 *(.rel.gnu.linkonce.t*)

.rela.text
 *(.rela.text)
 *(.rela.text.*)
 *(.rela.gnu.linkonce.t*)

.rel.fini
 *(.rel.fini)

.rela.fini
 *(.rela.fini)

.rel.rodata
 *(.rel.rodata)
 *(.rel.rodata.*)
 *(.rel.gnu.linkonce.r*)

.rela.rodata
 *(.rela.rodata)
 *(.rela.rodata.*)
 *(.rela.gnu.linkonce.r*)

.rel.data
 *(.rel.data)
 *(.rel.data.*)
 *(.rel.gnu.linkonce.d*)

.rela.data
 *(.rela.data)
 *(.rela.data.*)
 *(.rela.gnu.linkonce.d*)

.rel.ctors
 *(.rel.ctors)

.rela.ctors
 *(.rela.ctors)

.rel.dtors
 *(.rel.dtors)

.rela.dtors
 *(.rela.dtors)

.rel.got
 *(.rel.got)

.rela.got
 *(.rela.got)

.rel.bss
 *(.rel.bss)

.rela.bss
 *(.rela.bss)

.rel.plt
 *(.rel.plt)

.rela.plt
 *(.rela.plt)

.text           0x00000000     0x2924
 *(.vectors)
 .vectors       0x00000000      0x178 c:/program files/atmel/avr studio 5.0/avr toolchain/bin/../lib/gcc/avr/4.5.1/../../../../avr/lib/avrxmega2/crtx16a4.o
                0x00000000                __vector_default
                0x00000000                __vectors
 *(.vectors)
 *(.progmem.gcc*)
 *(.progmem*)
                0x00000178                . = ALIGN (0x2)
                0x00000178                __trampolines_start = .
 *(.trampolines)
 .trampolines   0x00000178        0x0 linker stubs
 *(.trampolines*)
                0x00000178                __trampolines_end = .
 *(.jumptables)
 *(.jumptables*)
 *(.lowtext)
 *(.lowtext*)
                0x00000178                __ctors_start = .
 *(.ctors)
                0x00000178                __ctors_end = .
                0x00000178                __dtors_start = .
 *(.dtors)
                0x00000178                __dtors_end = .
 SORT(*)(.ctors)
 SORT(*)(.dtors)
 *(.init0)
 .init0         0x00000178        0x0 c:/program files/atmel/avr studio 5.0/avr toolchain/bin/../lib/gcc/avr/4.5.1/../../../../avr/lib/avrxmega2/crtx16a4.o
                0x00000178                __init
 *(.init0)
 *(.init1)
 *(.init1)
 *(.init2)
 .init2         0x00000178        0xc c:/program files/atmel/avr studio 5.0/avr toolchain/bin/../lib/gcc/avr/4.5.1/../../../../avr/lib/avrxmega2/crtx16a4.o
 *(.init2)
 *(.init3)
 *(.init3)
 *(.init4)
 .init4         0x00000184       0x16 c:/program files/atmel/avr studio 5.0/avr toolchain/bin/../lib/gcc/avr/4.5.1/avrxmega2\libgcc.a(_copy_data.o)
                0x00000184                __do_copy_data
 .init4         0x0000019a       0x10 c:/program files/atmel/avr studio 5.0/avr toolchain/bin/../lib/gcc/avr/4.5.1/avrxmega2\libgcc.a(_clear_bss.o)
                0x0000019a                __do_clear_bss
 *(.init4)
 *(.init5)
 *(.init5)
 *(.init6)
 *(.init6)
 *(.init7)
 *(.init7)
 *(.init8)
 *(.init8)
 *(.init9)
 .init9         0x000001aa        0x8 c:/program files/atmel/avr studio 5.0/avr toolchain/bin/../lib/gcc/avr/4.5.1/../../../../avr/lib/avrxmega2/crtx16a4.o
 *(.init9)
 *(.text)
 .text          0x000001b2        0x4 c:/program files/atmel/avr studio 5.0/avr toolchain/bin/../lib/gcc/avr/4.5.1/../../../../avr/lib/avrxmega2/crtx16a4.o
                0x000001b2                __vector_38
                0x000001b2                __vector_22
                0x000001b2                __vector_63
                0x000001b2                __vector_28
                0x000001b2                __vector_67
                0x000001b2                __vector_1
                0x000001b2                __vector_32
                0x000001b2                __vector_75
                0x000001b2                __vector_71
                0x000001b2                __vector_34
                0x000001b2                __vector_62
                0x000001b2                __vector_77
                0x000001b2                __vector_24
                0x000001b2                __vector_12
                0x000001b2                __vector_55
                0x000001b2                __vector_69
                0x000001b2                __vector_81
                0x000001b2                __vector_90
                0x000001b2                __vector_46
                0x000001b2                __bad_interrupt
                0x000001b2                __vector_72
                0x000001b2                __vector_6
                0x000001b2                __vector_31
                0x000001b2                __vector_92
                0x000001b2                __vector_35
                0x000001b2                __vector_78
                0x000001b2                __vector_74
                0x000001b2                __vector_39
                0x000001b2                __vector_3
                0x000001b2                __vector_23
                0x000001b2                __vector_68
                0x000001b2                __vector_30
                0x000001b2                __vector_73
                0x000001b2                __vector_45
                0x000001b2                __vector_25
                0x000001b2                __vector_93
                0x000001b2                __vector_61
                0x000001b2                __vector_11
                0x000001b2                __vector_54
                0x000001b2                __vector_13
                0x000001b2                __vector_56
                0x000001b2                __vector_7
                0x000001b2                __vector_49
                0x000001b2                __vector_41
                0x000001b2                __vector_86
                0x000001b2                __vector_64
                0x000001b2                __vector_88
                0x000001b2                __vector_43
                0x000001b2                __vector_27
                0x000001b2                __vector_5
                0x000001b2                __vector_33
                0x000001b2                __vector_76
                0x000001b2                __vector_47
                0x000001b2                __vector_52
                0x000001b2                __vector_37
                0x000001b2                __vector_89
                0x000001b2                __vector_4
                0x000001b2                __vector_44
                0x000001b2                __vector_82
                0x000001b2                __vector_51
                0x000001b2                __vector_9
                0x000001b2                __vector_2
                0x000001b2                __vector_21
                0x000001b2                __vector_15
                0x000001b2                __vector_66
                0x000001b2                __vector_36
                0x000001b2                __vector_79
                0x000001b2                __vector_58
                0x000001b2                __vector_70
                0x000001b2                __vector_83
                0x000001b2                __vector_29
                0x000001b2                __vector_60
                0x000001b2                __vector_40
                0x000001b2                __vector_85
                0x000001b2                __vector_8
                0x000001b2                __vector_26
                0x000001b2                __vector_48
                0x000001b2                __vector_80
                0x000001b2                __vector_14
                0x000001b2                __vector_84
                0x000001b2                __vector_57
                0x000001b2                __vector_53
                0x000001b2                __vector_10
                0x000001b2                __vector_50
                0x000001b2                __vector_59
                0x000001b2                __vector_20
                0x000001b2                __vector_42
                0x000001b2                __vector_87
                0x000001b2                __vector_65
 .text          0x000001b6      0x69e hardware.o
                0x000001b6                get_encoder
                0x000001bc                get_pot_value
                0x000002f0                set_seven_segment_LEDs
                0x00000400                set_LEDs_on
                0x00000432                set_LEDs_off
                0x00000464                get_encoder_switch_state
                0x0000046a                get_encoder_switch_edge
                0x00000470                get_pushbutton_switch_state
                0x00000476                get_pushbutton_switch_edge
                0x0000047c                get_toggle_switch_state
                0x00000482                get_toggle_switch_edge
                0x00000488                initialize_hardware
                0x00000588                read_hardware
                0x00000852                postloop_functions
 .text          0x00000854      0x63c main.o
                0x00000854                __vector_91
                0x000008a8                test_pots
                0x00000908                test_switches
                0x00000936                test_seven_segment
                0x000009aa                test_ADC
                0x00000a3e                test_blank
                0x00000a5c                BPM_to_TMR
                0x00000c60                BPM_to_TMR2
                0x00000e7e                main
 .text          0x00000e90      0x3ce serial_midi.o
                0x00000e90                serial_midi_send
                0x00000ec8                generic_callback
                0x00000f00                __vector_16
                0x00000f24                __vector_19
                0x00000f38                serial_midi_device
                0x00000f3e                __vector_18
                0x00000f9a                __vector_17
                0x0000121a                serial_midi_init
 .text          0x0000125e       0xee xnorMIDI/bytequeue/bytequeue.o
                0x0000125e                bytequeue_init
                0x0000126c                bytequeue_enqueue
                0x000012ce                bytequeue_length
                0x000012fa                bytequeue_get
                0x0000131a                bytequeue_remove
 .text          0x0000134c        0xa xnorMIDI/bytequeue/interrupt_setting.o
                0x0000134c                store_and_clear_interrupt
                0x00001352                restore_interrupt_setting
 .text          0x00001356      0x372 xnorMIDI/midi.o
                0x00001356                midi_is_statusbyte
                0x0000135e                midi_is_realtime
                0x0000136a                midi_packet_length
                0x000013fa                midi_send_cc
                0x0000141c                midi_send_noteon
                0x0000143e                midi_send_noteoff
                0x00001460                midi_send_aftertouch
                0x00001482                midi_send_pitchbend
                0x000014d0                midi_send_programchange
                0x000014ee                midi_send_channelpressure
                0x0000150c                midi_send_clock
                0x00001524                midi_send_tick
                0x0000153c                midi_send_start
                0x00001554                midi_send_continue
                0x0000156c                midi_send_stop
                0x00001584                midi_send_activesense
                0x0000159c                midi_send_reset
                0x000015b4                midi_send_tcquarterframe
                0x000015ce                midi_send_songposition
                0x000015f8                midi_send_songselect
                0x00001612                midi_send_tunerequest
                0x0000162a                midi_send_byte
                0x00001642                midi_send_data
                0x00001650                midi_register_cc_callback
                0x00001658                midi_register_noteon_callback
                0x00001660                midi_register_noteoff_callback
                0x00001668                midi_register_aftertouch_callback
                0x00001670                midi_register_pitchbend_callback
                0x00001678                midi_register_songposition_callback
                0x00001680                midi_register_progchange_callback
                0x00001688                midi_register_chanpressure_callback
                0x00001690                midi_register_songselect_callback
                0x00001698                midi_register_tc_quarterframe_callback
                0x000016a0                midi_register_realtime_callback
                0x000016a8                midi_register_tunerequest_callback
                0x000016b0                midi_register_sysex_callback
                0x000016b8                midi_register_fallthrough_callback
                0x000016c0                midi_register_catchall_callback
 .text          0x000016c8      0x406 xnorMIDI/midi_device.o
                0x000016c8                midi_device_init
                0x0000172a                midi_device_input
                0x00001774                midi_device_set_send_func
                0x0000177c                midi_device_set_pre_input_process_func
                0x00001784                midi_input_callbacks
                0x000018fc                midi_process_byte
                0x00001a60                midi_device_process
 .text          0x00001ace        0x0 c:/program files/atmel/avr studio 5.0/avr toolchain/bin/../lib/gcc/avr/4.5.1/avrxmega2\libgcc.a(_mulsi3.o)
 .text          0x00001ace        0x0 c:/program files/atmel/avr studio 5.0/avr toolchain/bin/../lib/gcc/avr/4.5.1/avrxmega2\libgcc.a(_udivmodhi4.o)
 .text          0x00001ace        0x0 c:/program files/atmel/avr studio 5.0/avr toolchain/bin/../lib/gcc/avr/4.5.1/avrxmega2\libgcc.a(_divmodhi4.o)
 .text          0x00001ace        0x0 c:/program files/atmel/avr studio 5.0/avr toolchain/bin/../lib/gcc/avr/4.5.1/avrxmega2\libgcc.a(_udivmodsi4.o)
 .text          0x00001ace        0x0 c:/program files/atmel/avr studio 5.0/avr toolchain/bin/../lib/gcc/avr/4.5.1/avrxmega2\libgcc.a(_exit.o)
 .text          0x00001ace        0x0 c:/program files/atmel/avr studio 5.0/avr toolchain/bin/../lib/gcc/avr/4.5.1/avrxmega2\libgcc.a(_copy_data.o)
 .text          0x00001ace        0x0 c:/program files/atmel/avr studio 5.0/avr toolchain/bin/../lib/gcc/avr/4.5.1/avrxmega2\libgcc.a(_clear_bss.o)
 .text          0x00001ace       0x58 c:/program files/atmel/avr studio 5.0/avr toolchain/bin/../lib/gcc/avr/4.5.1/avrxmega2\libgcc.a(_fixunssfsi.o)
                0x00001ace                __fixunssfsi
 .text          0x00001b26      0x350 c:/program files/atmel/avr studio 5.0/avr toolchain/bin/../lib/gcc/avr/4.5.1/avrxmega2\libgcc.a(_addsub_sf.o)
                0x00001dba                __addsf3
                0x00001e14                __subsf3
 .text          0x00001e76      0x1f4 c:/program files/atmel/avr studio 5.0/avr toolchain/bin/../lib/gcc/avr/4.5.1/avrxmega2\libgcc.a(_mul_sf.o)
                0x00001e76                __mulsf3
 .text          0x0000206a      0x15c c:/program files/atmel/avr studio 5.0/avr toolchain/bin/../lib/gcc/avr/4.5.1/avrxmega2\libgcc.a(_div_sf.o)
                0x0000206a                __divsf3
 .text          0x000021c6       0x60 c:/program files/atmel/avr studio 5.0/avr toolchain/bin/../lib/gcc/avr/4.5.1/avrxmega2\libgcc.a(_ge_sf.o)
                0x000021c6                __gesf2
 .text          0x00002226       0x60 c:/program files/atmel/avr studio 5.0/avr toolchain/bin/../lib/gcc/avr/4.5.1/avrxmega2\libgcc.a(_lt_sf.o)
                0x00002226                __ltsf2
 .text          0x00002286       0xa4 c:/program files/atmel/avr studio 5.0/avr toolchain/bin/../lib/gcc/avr/4.5.1/avrxmega2\libgcc.a(_sf_to_si.o)
                0x00002286                __fixsfsi
 .text          0x0000232a        0x0 c:/program files/atmel/avr studio 5.0/avr toolchain/bin/../lib/gcc/avr/4.5.1/avrxmega2\libgcc.a(_thenan_sf.o)
 .text          0x0000232a       0xf0 c:/program files/atmel/avr studio 5.0/avr toolchain/bin/../lib/gcc/avr/4.5.1/avrxmega2\libgcc.a(_usi_to_sf.o)
                0x0000232a                __floatunsisf
 .text          0x0000241a        0x0 c:/program files/atmel/avr studio 5.0/avr toolchain/bin/../lib/gcc/avr/4.5.1/avrxmega2\libgcc.a(_prologue.o)
 .text          0x0000241a        0x0 c:/program files/atmel/avr studio 5.0/avr toolchain/bin/../lib/gcc/avr/4.5.1/avrxmega2\libgcc.a(_epilogue.o)
 .text          0x0000241a       0xb4 c:/program files/atmel/avr studio 5.0/avr toolchain/bin/../lib/gcc/avr/4.5.1/avrxmega2\libgcc.a(_clzsi2.o)
                0x0000241a                __clzsi2
 .text          0x000024ce      0x19c c:/program files/atmel/avr studio 5.0/avr toolchain/bin/../lib/gcc/avr/4.5.1/avrxmega2\libgcc.a(_pack_sf.o)
                0x000024ce                __pack_f
 .text          0x0000266a       0xd2 c:/program files/atmel/avr studio 5.0/avr toolchain/bin/../lib/gcc/avr/4.5.1/avrxmega2\libgcc.a(_unpack_sf.o)
                0x0000266a                __unpack_f
 .text          0x0000273c       0xb2 c:/program files/atmel/avr studio 5.0/avr toolchain/bin/../lib/gcc/avr/4.5.1/avrxmega2\libgcc.a(_fpcmp_parts_sf.o)
                0x0000273c                __fpcmp_parts_f
 .text          0x000027ee        0x0 c:/program files/atmel/avr studio 5.0/avr toolchain/bin/../lib/gcc/avr/4.5.1/avrxmega2\libgcc.a(_clz.o)
                0x000027ee                . = ALIGN (0x2)
 *(.text.*)
 .text.libgcc   0x000027ee       0x3e c:/program files/atmel/avr studio 5.0/avr toolchain/bin/../lib/gcc/avr/4.5.1/avrxmega2\libgcc.a(_mulsi3.o)
                0x000027ee                __mulsi3
 .text.libgcc   0x0000282c       0x28 c:/program files/atmel/avr studio 5.0/avr toolchain/bin/../lib/gcc/avr/4.5.1/avrxmega2\libgcc.a(_udivmodhi4.o)
                0x0000282c                __udivmodhi4
 .text.libgcc   0x00002854       0x26 c:/program files/atmel/avr studio 5.0/avr toolchain/bin/../lib/gcc/avr/4.5.1/avrxmega2\libgcc.a(_divmodhi4.o)
                0x00002854                _div
                0x00002854                __divmodhi4
 .text.libgcc   0x0000287a       0x44 c:/program files/atmel/avr studio 5.0/avr toolchain/bin/../lib/gcc/avr/4.5.1/avrxmega2\libgcc.a(_udivmodsi4.o)
                0x0000287a                __udivmodsi4
 .text.libgcc   0x000028be        0x0 c:/program files/atmel/avr studio 5.0/avr toolchain/bin/../lib/gcc/avr/4.5.1/avrxmega2\libgcc.a(_exit.o)
 .text.libgcc   0x000028be        0x0 c:/program files/atmel/avr studio 5.0/avr toolchain/bin/../lib/gcc/avr/4.5.1/avrxmega2\libgcc.a(_copy_data.o)
 .text.libgcc   0x000028be        0x0 c:/program files/atmel/avr studio 5.0/avr toolchain/bin/../lib/gcc/avr/4.5.1/avrxmega2\libgcc.a(_clear_bss.o)
 .text.libgcc   0x000028be       0x32 c:/program files/atmel/avr studio 5.0/avr toolchain/bin/../lib/gcc/avr/4.5.1/avrxmega2\libgcc.a(_prologue.o)
                0x000028be                __prologue_saves__
 .text.libgcc   0x000028f0       0x30 c:/program files/atmel/avr studio 5.0/avr toolchain/bin/../lib/gcc/avr/4.5.1/avrxmega2\libgcc.a(_epilogue.o)
                0x000028f0                __epilogue_restores__
                0x00002920                . = ALIGN (0x2)
 *(.fini9)
 .fini9         0x00002920        0x0 c:/program files/atmel/avr studio 5.0/avr toolchain/bin/../lib/gcc/avr/4.5.1/avrxmega2\libgcc.a(_exit.o)
                0x00002920                _exit
                0x00002920                exit
 *(.fini9)
 *(.fini8)
 *(.fini8)
 *(.fini7)
 *(.fini7)
 *(.fini6)
 *(.fini6)
 *(.fini5)
 *(.fini5)
 *(.fini4)
 *(.fini4)
 *(.fini3)
 *(.fini3)
 *(.fini2)
 *(.fini2)
 *(.fini1)
 *(.fini1)
 *(.fini0)
 .fini0         0x00002920        0x4 c:/program files/atmel/avr studio 5.0/avr toolchain/bin/../lib/gcc/avr/4.5.1/avrxmega2\libgcc.a(_exit.o)
 *(.fini0)
                0x00002924                _etext = .

.data           0x00802000      0x190 load address 0x00002924
                0x00802000                PROVIDE (__data_start, .)
 *(.data)
 .data          0x00802000        0x0 c:/program files/atmel/avr studio 5.0/avr toolchain/bin/../lib/gcc/avr/4.5.1/../../../../avr/lib/avrxmega2/crtx16a4.o
 .data          0x00802000        0x0 hardware.o
 .data          0x00802000       0x47 main.o
                0x00802000                pitch_array
 .data          0x00802047       0x40 serial_midi.o
 .data          0x00802087        0x0 xnorMIDI/bytequeue/bytequeue.o
 .data          0x00802087        0x0 xnorMIDI/bytequeue/interrupt_setting.o
 .data          0x00802087        0x0 xnorMIDI/midi.o
 .data          0x00802087        0x0 xnorMIDI/midi_device.o
 .data          0x00802087        0x0 c:/program files/atmel/avr studio 5.0/avr toolchain/bin/../lib/gcc/avr/4.5.1/avrxmega2\libgcc.a(_mulsi3.o)
 .data          0x00802087        0x0 c:/program files/atmel/avr studio 5.0/avr toolchain/bin/../lib/gcc/avr/4.5.1/avrxmega2\libgcc.a(_udivmodhi4.o)
 .data          0x00802087        0x0 c:/program files/atmel/avr studio 5.0/avr toolchain/bin/../lib/gcc/avr/4.5.1/avrxmega2\libgcc.a(_divmodhi4.o)
 .data          0x00802087        0x0 c:/program files/atmel/avr studio 5.0/avr toolchain/bin/../lib/gcc/avr/4.5.1/avrxmega2\libgcc.a(_udivmodsi4.o)
 .data          0x00802087        0x0 c:/program files/atmel/avr studio 5.0/avr toolchain/bin/../lib/gcc/avr/4.5.1/avrxmega2\libgcc.a(_exit.o)
 .data          0x00802087        0x0 c:/program files/atmel/avr studio 5.0/avr toolchain/bin/../lib/gcc/avr/4.5.1/avrxmega2\libgcc.a(_copy_data.o)
 .data          0x00802087        0x0 c:/program files/atmel/avr studio 5.0/avr toolchain/bin/../lib/gcc/avr/4.5.1/avrxmega2\libgcc.a(_clear_bss.o)
 .data          0x00802087        0x0 c:/program files/atmel/avr studio 5.0/avr toolchain/bin/../lib/gcc/avr/4.5.1/avrxmega2\libgcc.a(_fixunssfsi.o)
 .data          0x00802087        0x0 c:/program files/atmel/avr studio 5.0/avr toolchain/bin/../lib/gcc/avr/4.5.1/avrxmega2\libgcc.a(_addsub_sf.o)
 .data          0x00802087        0x0 c:/program files/atmel/avr studio 5.0/avr toolchain/bin/../lib/gcc/avr/4.5.1/avrxmega2\libgcc.a(_mul_sf.o)
 .data          0x00802087        0x0 c:/program files/atmel/avr studio 5.0/avr toolchain/bin/../lib/gcc/avr/4.5.1/avrxmega2\libgcc.a(_div_sf.o)
 .data          0x00802087        0x0 c:/program files/atmel/avr studio 5.0/avr toolchain/bin/../lib/gcc/avr/4.5.1/avrxmega2\libgcc.a(_ge_sf.o)
 .data          0x00802087        0x0 c:/program files/atmel/avr studio 5.0/avr toolchain/bin/../lib/gcc/avr/4.5.1/avrxmega2\libgcc.a(_lt_sf.o)
 .data          0x00802087        0x0 c:/program files/atmel/avr studio 5.0/avr toolchain/bin/../lib/gcc/avr/4.5.1/avrxmega2\libgcc.a(_sf_to_si.o)
 .data          0x00802087        0x8 c:/program files/atmel/avr studio 5.0/avr toolchain/bin/../lib/gcc/avr/4.5.1/avrxmega2\libgcc.a(_thenan_sf.o)
                0x00802087                __thenan_sf
 .data          0x0080208f        0x0 c:/program files/atmel/avr studio 5.0/avr toolchain/bin/../lib/gcc/avr/4.5.1/avrxmega2\libgcc.a(_usi_to_sf.o)
 .data          0x0080208f        0x0 c:/program files/atmel/avr studio 5.0/avr toolchain/bin/../lib/gcc/avr/4.5.1/avrxmega2\libgcc.a(_prologue.o)
 .data          0x0080208f        0x0 c:/program files/atmel/avr studio 5.0/avr toolchain/bin/../lib/gcc/avr/4.5.1/avrxmega2\libgcc.a(_epilogue.o)
 .data          0x0080208f        0x0 c:/program files/atmel/avr studio 5.0/avr toolchain/bin/../lib/gcc/avr/4.5.1/avrxmega2\libgcc.a(_clzsi2.o)
 .data          0x0080208f        0x0 c:/program files/atmel/avr studio 5.0/avr toolchain/bin/../lib/gcc/avr/4.5.1/avrxmega2\libgcc.a(_pack_sf.o)
 .data          0x0080208f        0x0 c:/program files/atmel/avr studio 5.0/avr toolchain/bin/../lib/gcc/avr/4.5.1/avrxmega2\libgcc.a(_unpack_sf.o)
 .data          0x0080208f        0x0 c:/program files/atmel/avr studio 5.0/avr toolchain/bin/../lib/gcc/avr/4.5.1/avrxmega2\libgcc.a(_fpcmp_parts_sf.o)
 .data          0x0080208f      0x100 c:/program files/atmel/avr studio 5.0/avr toolchain/bin/../lib/gcc/avr/4.5.1/avrxmega2\libgcc.a(_clz.o)
                0x0080208f                __clz_tab
 *(.data*)
 *(.rodata)
 *(.rodata*)
 *(.gnu.linkonce.d*)
                0x00802190                . = ALIGN (0x2)
 *fill*         0x0080218f        0x1 00
                0x00802190                _edata = .
                0x00802190                PROVIDE (__data_end, .)

.bss            0x00802190      0x10b
                0x00802190                PROVIDE (__bss_start, .)
 *(.bss)
 .bss           0x00802190        0x0 c:/program files/atmel/avr studio 5.0/avr toolchain/bin/../lib/gcc/avr/4.5.1/../../../../avr/lib/avrxmega2/crtx16a4.o
 .bss           0x00802190       0x18 hardware.o
 .bss           0x008021a8        0x2 main.o
                0x008021a8                beat_overflow
                0x008021a9                pitch_array_select
 .bss           0x008021aa       0xed serial_midi.o
 .bss           0x00802297        0x0 xnorMIDI/bytequeue/bytequeue.o
 .bss           0x00802297        0x0 xnorMIDI/bytequeue/interrupt_setting.o
 .bss           0x00802297        0x0 xnorMIDI/midi.o
 .bss           0x00802297        0x0 xnorMIDI/midi_device.o
 .bss           0x00802297        0x0 c:/program files/atmel/avr studio 5.0/avr toolchain/bin/../lib/gcc/avr/4.5.1/avrxmega2\libgcc.a(_mulsi3.o)
 .bss           0x00802297        0x0 c:/program files/atmel/avr studio 5.0/avr toolchain/bin/../lib/gcc/avr/4.5.1/avrxmega2\libgcc.a(_udivmodhi4.o)
 .bss           0x00802297        0x0 c:/program files/atmel/avr studio 5.0/avr toolchain/bin/../lib/gcc/avr/4.5.1/avrxmega2\libgcc.a(_divmodhi4.o)
 .bss           0x00802297        0x0 c:/program files/atmel/avr studio 5.0/avr toolchain/bin/../lib/gcc/avr/4.5.1/avrxmega2\libgcc.a(_udivmodsi4.o)
 .bss           0x00802297        0x0 c:/program files/atmel/avr studio 5.0/avr toolchain/bin/../lib/gcc/avr/4.5.1/avrxmega2\libgcc.a(_exit.o)
 .bss           0x00802297        0x0 c:/program files/atmel/avr studio 5.0/avr toolchain/bin/../lib/gcc/avr/4.5.1/avrxmega2\libgcc.a(_copy_data.o)
 .bss           0x00802297        0x0 c:/program files/atmel/avr studio 5.0/avr toolchain/bin/../lib/gcc/avr/4.5.1/avrxmega2\libgcc.a(_clear_bss.o)
 .bss           0x00802297        0x0 c:/program files/atmel/avr studio 5.0/avr toolchain/bin/../lib/gcc/avr/4.5.1/avrxmega2\libgcc.a(_fixunssfsi.o)
 .bss           0x00802297        0x0 c:/program files/atmel/avr studio 5.0/avr toolchain/bin/../lib/gcc/avr/4.5.1/avrxmega2\libgcc.a(_addsub_sf.o)
 .bss           0x00802297        0x0 c:/program files/atmel/avr studio 5.0/avr toolchain/bin/../lib/gcc/avr/4.5.1/avrxmega2\libgcc.a(_mul_sf.o)
 .bss           0x00802297        0x0 c:/program files/atmel/avr studio 5.0/avr toolchain/bin/../lib/gcc/avr/4.5.1/avrxmega2\libgcc.a(_div_sf.o)
 .bss           0x00802297        0x0 c:/program files/atmel/avr studio 5.0/avr toolchain/bin/../lib/gcc/avr/4.5.1/avrxmega2\libgcc.a(_ge_sf.o)
 .bss           0x00802297        0x0 c:/program files/atmel/avr studio 5.0/avr toolchain/bin/../lib/gcc/avr/4.5.1/avrxmega2\libgcc.a(_lt_sf.o)
 .bss           0x00802297        0x0 c:/program files/atmel/avr studio 5.0/avr toolchain/bin/../lib/gcc/avr/4.5.1/avrxmega2\libgcc.a(_sf_to_si.o)
 .bss           0x00802297        0x0 c:/program files/atmel/avr studio 5.0/avr toolchain/bin/../lib/gcc/avr/4.5.1/avrxmega2\libgcc.a(_thenan_sf.o)
 .bss           0x00802297        0x0 c:/program files/atmel/avr studio 5.0/avr toolchain/bin/../lib/gcc/avr/4.5.1/avrxmega2\libgcc.a(_usi_to_sf.o)
 .bss           0x00802297        0x0 c:/program files/atmel/avr studio 5.0/avr toolchain/bin/../lib/gcc/avr/4.5.1/avrxmega2\libgcc.a(_prologue.o)
 .bss           0x00802297        0x0 c:/program files/atmel/avr studio 5.0/avr toolchain/bin/../lib/gcc/avr/4.5.1/avrxmega2\libgcc.a(_epilogue.o)
 .bss           0x00802297        0x0 c:/program files/atmel/avr studio 5.0/avr toolchain/bin/../lib/gcc/avr/4.5.1/avrxmega2\libgcc.a(_clzsi2.o)
 .bss           0x00802297        0x0 c:/program files/atmel/avr studio 5.0/avr toolchain/bin/../lib/gcc/avr/4.5.1/avrxmega2\libgcc.a(_pack_sf.o)
 .bss           0x00802297        0x0 c:/program files/atmel/avr studio 5.0/avr toolchain/bin/../lib/gcc/avr/4.5.1/avrxmega2\libgcc.a(_unpack_sf.o)
 .bss           0x00802297        0x0 c:/program files/atmel/avr studio 5.0/avr toolchain/bin/../lib/gcc/avr/4.5.1/avrxmega2\libgcc.a(_fpcmp_parts_sf.o)
 .bss           0x00802297        0x0 c:/program files/atmel/avr studio 5.0/avr toolchain/bin/../lib/gcc/avr/4.5.1/avrxmega2\libgcc.a(_clz.o)
 *(.bss*)
 *(COMMON)
 COMMON         0x00802297        0x4 main.o
                0x00802297                next_division
                0x00802298                next_duration
                0x0080229a                next_velocity
                0x0080229b                PROVIDE (__bss_end, .)
                0x00002924                __data_load_start = LOADADDR (.data)
                0x00002ab4                __data_load_end = (__data_load_start + SIZEOF (.data))

.noinit         0x0080229b        0x0
                0x0080229b                PROVIDE (__noinit_start, .)
 *(.noinit*)
                0x0080229b                PROVIDE (__noinit_end, .)
                0x0080229b                _end = .
                0x0080229b                PROVIDE (__heap_start, .)

.eeprom         0x00810000        0x0
 *(.eeprom*)
                0x00810000                __eeprom_end = .

.fuse
 *(.fuse)
 *(.lfuse)
 *(.hfuse)
 *(.efuse)

.lock
 *(.lock*)

.signature
 *(.signature*)

.stab           0x00000000      0x6cc
 *(.stab)
 .stab          0x00000000      0x6cc c:/program files/atmel/avr studio 5.0/avr toolchain/bin/../lib/gcc/avr/4.5.1/../../../../avr/lib/avrxmega2/crtx16a4.o

.stabstr        0x00000000       0x85
 *(.stabstr)
 .stabstr       0x00000000       0x85 c:/program files/atmel/avr studio 5.0/avr toolchain/bin/../lib/gcc/avr/4.5.1/../../../../avr/lib/avrxmega2/crtx16a4.o

.stab.excl
 *(.stab.excl)

.stab.exclstr
 *(.stab.exclstr)

.stab.index
 *(.stab.index)

.stab.indexstr
 *(.stab.indexstr)

.comment
 *(.comment)

.debug
 *(.debug)

.line
 *(.line)

.debug_srcinfo
 *(.debug_srcinfo)

.debug_sfnames
 *(.debug_sfnames)

.debug_aranges  0x00000000      0x260
 *(.debug_aranges)
 .debug_aranges
                0x00000000       0x20 hardware.o
 .debug_aranges
                0x00000020       0x20 main.o
 .debug_aranges
                0x00000040       0x20 serial_midi.o
 .debug_aranges
                0x00000060       0x20 xnorMIDI/bytequeue/bytequeue.o
 .debug_aranges
                0x00000080       0x20 xnorMIDI/bytequeue/interrupt_setting.o
 .debug_aranges
                0x000000a0       0x20 xnorMIDI/midi.o
 .debug_aranges
                0x000000c0       0x20 xnorMIDI/midi_device.o
 .debug_aranges
                0x000000e0       0x20 c:/program files/atmel/avr studio 5.0/avr toolchain/bin/../lib/gcc/avr/4.5.1/avrxmega2\libgcc.a(_fixunssfsi.o)
 .debug_aranges
                0x00000100       0x20 c:/program files/atmel/avr studio 5.0/avr toolchain/bin/../lib/gcc/avr/4.5.1/avrxmega2\libgcc.a(_addsub_sf.o)
 .debug_aranges
                0x00000120       0x20 c:/program files/atmel/avr studio 5.0/avr toolchain/bin/../lib/gcc/avr/4.5.1/avrxmega2\libgcc.a(_mul_sf.o)
 .debug_aranges
                0x00000140       0x20 c:/program files/atmel/avr studio 5.0/avr toolchain/bin/../lib/gcc/avr/4.5.1/avrxmega2\libgcc.a(_div_sf.o)
 .debug_aranges
                0x00000160       0x20 c:/program files/atmel/avr studio 5.0/avr toolchain/bin/../lib/gcc/avr/4.5.1/avrxmega2\libgcc.a(_ge_sf.o)
 .debug_aranges
                0x00000180       0x20 c:/program files/atmel/avr studio 5.0/avr toolchain/bin/../lib/gcc/avr/4.5.1/avrxmega2\libgcc.a(_lt_sf.o)
 .debug_aranges
                0x000001a0       0x20 c:/program files/atmel/avr studio 5.0/avr toolchain/bin/../lib/gcc/avr/4.5.1/avrxmega2\libgcc.a(_sf_to_si.o)
 .debug_aranges
                0x000001c0       0x20 c:/program files/atmel/avr studio 5.0/avr toolchain/bin/../lib/gcc/avr/4.5.1/avrxmega2\libgcc.a(_usi_to_sf.o)
 .debug_aranges
                0x000001e0       0x20 c:/program files/atmel/avr studio 5.0/avr toolchain/bin/../lib/gcc/avr/4.5.1/avrxmega2\libgcc.a(_clzsi2.o)
 .debug_aranges
                0x00000200       0x20 c:/program files/atmel/avr studio 5.0/avr toolchain/bin/../lib/gcc/avr/4.5.1/avrxmega2\libgcc.a(_pack_sf.o)
 .debug_aranges
                0x00000220       0x20 c:/program files/atmel/avr studio 5.0/avr toolchain/bin/../lib/gcc/avr/4.5.1/avrxmega2\libgcc.a(_unpack_sf.o)
 .debug_aranges
                0x00000240       0x20 c:/program files/atmel/avr studio 5.0/avr toolchain/bin/../lib/gcc/avr/4.5.1/avrxmega2\libgcc.a(_fpcmp_parts_sf.o)

.debug_pubnames
                0x00000000      0xac6
 *(.debug_pubnames)
 .debug_pubnames
                0x00000000      0x160 hardware.o
 .debug_pubnames
                0x00000160      0x10c main.o
 .debug_pubnames
                0x0000026c       0xa8 serial_midi.o
 .debug_pubnames
                0x00000314       0x77 xnorMIDI/bytequeue/bytequeue.o
 .debug_pubnames
                0x0000038b       0x4e xnorMIDI/bytequeue/interrupt_setting.o
 .debug_pubnames
                0x000003d9      0x44c xnorMIDI/midi.o
 .debug_pubnames
                0x00000825       0xcd xnorMIDI/midi_device.o
 .debug_pubnames
                0x000008f2       0x23 c:/program files/atmel/avr studio 5.0/avr toolchain/bin/../lib/gcc/avr/4.5.1/avrxmega2\libgcc.a(_fixunssfsi.o)
 .debug_pubnames
                0x00000915       0x2c c:/program files/atmel/avr studio 5.0/avr toolchain/bin/../lib/gcc/avr/4.5.1/avrxmega2\libgcc.a(_addsub_sf.o)
 .debug_pubnames
                0x00000941       0x1f c:/program files/atmel/avr studio 5.0/avr toolchain/bin/../lib/gcc/avr/4.5.1/avrxmega2\libgcc.a(_mul_sf.o)
 .debug_pubnames
                0x00000960       0x1f c:/program files/atmel/avr studio 5.0/avr toolchain/bin/../lib/gcc/avr/4.5.1/avrxmega2\libgcc.a(_div_sf.o)
 .debug_pubnames
                0x0000097f       0x1e c:/program files/atmel/avr studio 5.0/avr toolchain/bin/../lib/gcc/avr/4.5.1/avrxmega2\libgcc.a(_ge_sf.o)
 .debug_pubnames
                0x0000099d       0x1e c:/program files/atmel/avr studio 5.0/avr toolchain/bin/../lib/gcc/avr/4.5.1/avrxmega2\libgcc.a(_lt_sf.o)
 .debug_pubnames
                0x000009bb       0x20 c:/program files/atmel/avr studio 5.0/avr toolchain/bin/../lib/gcc/avr/4.5.1/avrxmega2\libgcc.a(_sf_to_si.o)
 .debug_pubnames
                0x000009db       0x22 c:/program files/atmel/avr studio 5.0/avr toolchain/bin/../lib/gcc/avr/4.5.1/avrxmega2\libgcc.a(_thenan_sf.o)
 .debug_pubnames
                0x000009fd       0x24 c:/program files/atmel/avr studio 5.0/avr toolchain/bin/../lib/gcc/avr/4.5.1/avrxmega2\libgcc.a(_usi_to_sf.o)
 .debug_pubnames
                0x00000a21       0x1f c:/program files/atmel/avr studio 5.0/avr toolchain/bin/../lib/gcc/avr/4.5.1/avrxmega2\libgcc.a(_clzsi2.o)
 .debug_pubnames
                0x00000a40       0x1f c:/program files/atmel/avr studio 5.0/avr toolchain/bin/../lib/gcc/avr/4.5.1/avrxmega2\libgcc.a(_pack_sf.o)
 .debug_pubnames
                0x00000a5f       0x21 c:/program files/atmel/avr studio 5.0/avr toolchain/bin/../lib/gcc/avr/4.5.1/avrxmega2\libgcc.a(_unpack_sf.o)
 .debug_pubnames
                0x00000a80       0x26 c:/program files/atmel/avr studio 5.0/avr toolchain/bin/../lib/gcc/avr/4.5.1/avrxmega2\libgcc.a(_fpcmp_parts_sf.o)
 .debug_pubnames
                0x00000aa6       0x20 c:/program files/atmel/avr studio 5.0/avr toolchain/bin/../lib/gcc/avr/4.5.1/avrxmega2\libgcc.a(_clz.o)

.debug_info     0x00000000     0x5b35
 *(.debug_info)
 .debug_info    0x00000000      0xd15 hardware.o
 .debug_info    0x00000d15      0xb71 main.o
 .debug_info    0x00001886      0xc9c serial_midi.o
 .debug_info    0x00002522      0x23e xnorMIDI/bytequeue/bytequeue.o
 .debug_info    0x00002760       0xc2 xnorMIDI/bytequeue/interrupt_setting.o
 .debug_info    0x00002822      0xc6b xnorMIDI/midi.o
 .debug_info    0x0000348d      0x5ea xnorMIDI/midi_device.o
 .debug_info    0x00003a77       0xbd c:/program files/atmel/avr studio 5.0/avr toolchain/bin/../lib/gcc/avr/4.5.1/avrxmega2\libgcc.a(_fixunssfsi.o)
 .debug_info    0x00003b34      0x455 c:/program files/atmel/avr studio 5.0/avr toolchain/bin/../lib/gcc/avr/4.5.1/avrxmega2\libgcc.a(_addsub_sf.o)
 .debug_info    0x00003f89      0x3ec c:/program files/atmel/avr studio 5.0/avr toolchain/bin/../lib/gcc/avr/4.5.1/avrxmega2\libgcc.a(_mul_sf.o)
 .debug_info    0x00004375      0x37f c:/program files/atmel/avr studio 5.0/avr toolchain/bin/../lib/gcc/avr/4.5.1/avrxmega2\libgcc.a(_div_sf.o)
 .debug_info    0x000046f4      0x28a c:/program files/atmel/avr studio 5.0/avr toolchain/bin/../lib/gcc/avr/4.5.1/avrxmega2\libgcc.a(_ge_sf.o)
 .debug_info    0x0000497e      0x28a c:/program files/atmel/avr studio 5.0/avr toolchain/bin/../lib/gcc/avr/4.5.1/avrxmega2\libgcc.a(_lt_sf.o)
 .debug_info    0x00004c08      0x2a5 c:/program files/atmel/avr studio 5.0/avr toolchain/bin/../lib/gcc/avr/4.5.1/avrxmega2\libgcc.a(_sf_to_si.o)
 .debug_info    0x00004ead      0x15e c:/program files/atmel/avr studio 5.0/avr toolchain/bin/../lib/gcc/avr/4.5.1/avrxmega2\libgcc.a(_thenan_sf.o)
 .debug_info    0x0000500b      0x232 c:/program files/atmel/avr studio 5.0/avr toolchain/bin/../lib/gcc/avr/4.5.1/avrxmega2\libgcc.a(_usi_to_sf.o)
 .debug_info    0x0000523d      0x12c c:/program files/atmel/avr studio 5.0/avr toolchain/bin/../lib/gcc/avr/4.5.1/avrxmega2\libgcc.a(_clzsi2.o)
 .debug_info    0x00005369      0x2d9 c:/program files/atmel/avr studio 5.0/avr toolchain/bin/../lib/gcc/avr/4.5.1/avrxmega2\libgcc.a(_pack_sf.o)
 .debug_info    0x00005642      0x25c c:/program files/atmel/avr studio 5.0/avr toolchain/bin/../lib/gcc/avr/4.5.1/avrxmega2\libgcc.a(_unpack_sf.o)
 .debug_info    0x0000589e      0x1f1 c:/program files/atmel/avr studio 5.0/avr toolchain/bin/../lib/gcc/avr/4.5.1/avrxmega2\libgcc.a(_fpcmp_parts_sf.o)
 .debug_info    0x00005a8f       0xa6 c:/program files/atmel/avr studio 5.0/avr toolchain/bin/../lib/gcc/avr/4.5.1/avrxmega2\libgcc.a(_clz.o)
 *(.gnu.linkonce.wi.*)

.debug_abbrev   0x00000000     0x1bf6
 *(.debug_abbrev)
 .debug_abbrev  0x00000000      0x287 hardware.o
 .debug_abbrev  0x00000287      0x1d2 main.o
 .debug_abbrev  0x00000459      0x26c serial_midi.o
 .debug_abbrev  0x000006c5       0xec xnorMIDI/bytequeue/bytequeue.o
 .debug_abbrev  0x000007b1       0x83 xnorMIDI/bytequeue/interrupt_setting.o
 .debug_abbrev  0x00000834      0x17c xnorMIDI/midi.o
 .debug_abbrev  0x000009b0      0x153 xnorMIDI/midi_device.o
 .debug_abbrev  0x00000b03       0x5d c:/program files/atmel/avr studio 5.0/avr toolchain/bin/../lib/gcc/avr/4.5.1/avrxmega2\libgcc.a(_fixunssfsi.o)
 .debug_abbrev  0x00000b60      0x1af c:/program files/atmel/avr studio 5.0/avr toolchain/bin/../lib/gcc/avr/4.5.1/avrxmega2\libgcc.a(_addsub_sf.o)
 .debug_abbrev  0x00000d0f      0x1d9 c:/program files/atmel/avr studio 5.0/avr toolchain/bin/../lib/gcc/avr/4.5.1/avrxmega2\libgcc.a(_mul_sf.o)
 .debug_abbrev  0x00000ee8      0x1c4 c:/program files/atmel/avr studio 5.0/avr toolchain/bin/../lib/gcc/avr/4.5.1/avrxmega2\libgcc.a(_div_sf.o)
 .debug_abbrev  0x000010ac      0x151 c:/program files/atmel/avr studio 5.0/avr toolchain/bin/../lib/gcc/avr/4.5.1/avrxmega2\libgcc.a(_ge_sf.o)
 .debug_abbrev  0x000011fd      0x151 c:/program files/atmel/avr studio 5.0/avr toolchain/bin/../lib/gcc/avr/4.5.1/avrxmega2\libgcc.a(_lt_sf.o)
 .debug_abbrev  0x0000134e      0x160 c:/program files/atmel/avr studio 5.0/avr toolchain/bin/../lib/gcc/avr/4.5.1/avrxmega2\libgcc.a(_sf_to_si.o)
 .debug_abbrev  0x000014ae       0xcb c:/program files/atmel/avr studio 5.0/avr toolchain/bin/../lib/gcc/avr/4.5.1/avrxmega2\libgcc.a(_thenan_sf.o)
 .debug_abbrev  0x00001579      0x173 c:/program files/atmel/avr studio 5.0/avr toolchain/bin/../lib/gcc/avr/4.5.1/avrxmega2\libgcc.a(_usi_to_sf.o)
 .debug_abbrev  0x000016ec       0xce c:/program files/atmel/avr studio 5.0/avr toolchain/bin/../lib/gcc/avr/4.5.1/avrxmega2\libgcc.a(_clzsi2.o)
 .debug_abbrev  0x000017ba      0x185 c:/program files/atmel/avr studio 5.0/avr toolchain/bin/../lib/gcc/avr/4.5.1/avrxmega2\libgcc.a(_pack_sf.o)
 .debug_abbrev  0x0000193f      0x14b c:/program files/atmel/avr studio 5.0/avr toolchain/bin/../lib/gcc/avr/4.5.1/avrxmega2\libgcc.a(_unpack_sf.o)
 .debug_abbrev  0x00001a8a      0x10b c:/program files/atmel/avr studio 5.0/avr toolchain/bin/../lib/gcc/avr/4.5.1/avrxmega2\libgcc.a(_fpcmp_parts_sf.o)
 .debug_abbrev  0x00001b95       0x61 c:/program files/atmel/avr studio 5.0/avr toolchain/bin/../lib/gcc/avr/4.5.1/avrxmega2\libgcc.a(_clz.o)

.debug_line     0x00000000     0x320c
 *(.debug_line)
 .debug_line    0x00000000      0x72d hardware.o
 .debug_line    0x0000072d      0x533 main.o
 .debug_line    0x00000c60      0x3d3 serial_midi.o
 .debug_line    0x00001033      0x1ea xnorMIDI/bytequeue/bytequeue.o
 .debug_line    0x0000121d      0x12b xnorMIDI/bytequeue/interrupt_setting.o
 .debug_line    0x00001348      0x53a xnorMIDI/midi.o
 .debug_line    0x00001882      0x573 xnorMIDI/midi_device.o
 .debug_line    0x00001df5       0xc9 c:/program files/atmel/avr studio 5.0/avr toolchain/bin/../lib/gcc/avr/4.5.1/avrxmega2\libgcc.a(_fixunssfsi.o)
 .debug_line    0x00001ebe      0x2ee c:/program files/atmel/avr studio 5.0/avr toolchain/bin/../lib/gcc/avr/4.5.1/avrxmega2\libgcc.a(_addsub_sf.o)
 .debug_line    0x000021ac      0x28a c:/program files/atmel/avr studio 5.0/avr toolchain/bin/../lib/gcc/avr/4.5.1/avrxmega2\libgcc.a(_mul_sf.o)
 .debug_line    0x00002436      0x210 c:/program files/atmel/avr studio 5.0/avr toolchain/bin/../lib/gcc/avr/4.5.1/avrxmega2\libgcc.a(_div_sf.o)
 .debug_line    0x00002646      0x105 c:/program files/atmel/avr studio 5.0/avr toolchain/bin/../lib/gcc/avr/4.5.1/avrxmega2\libgcc.a(_ge_sf.o)
 .debug_line    0x0000274b      0x105 c:/program files/atmel/avr studio 5.0/avr toolchain/bin/../lib/gcc/avr/4.5.1/avrxmega2\libgcc.a(_lt_sf.o)
 .debug_line    0x00002850      0x13f c:/program files/atmel/avr studio 5.0/avr toolchain/bin/../lib/gcc/avr/4.5.1/avrxmega2\libgcc.a(_sf_to_si.o)
 .debug_line    0x0000298f       0xb2 c:/program files/atmel/avr studio 5.0/avr toolchain/bin/../lib/gcc/avr/4.5.1/avrxmega2\libgcc.a(_thenan_sf.o)
 .debug_line    0x00002a41      0x15b c:/program files/atmel/avr studio 5.0/avr toolchain/bin/../lib/gcc/avr/4.5.1/avrxmega2\libgcc.a(_usi_to_sf.o)
 .debug_line    0x00002b9c       0xef c:/program files/atmel/avr studio 5.0/avr toolchain/bin/../lib/gcc/avr/4.5.1/avrxmega2\libgcc.a(_clzsi2.o)
 .debug_line    0x00002c8b      0x1f5 c:/program files/atmel/avr studio 5.0/avr toolchain/bin/../lib/gcc/avr/4.5.1/avrxmega2\libgcc.a(_pack_sf.o)
 .debug_line    0x00002e80      0x175 c:/program files/atmel/avr studio 5.0/avr toolchain/bin/../lib/gcc/avr/4.5.1/avrxmega2\libgcc.a(_unpack_sf.o)
 .debug_line    0x00002ff5      0x179 c:/program files/atmel/avr studio 5.0/avr toolchain/bin/../lib/gcc/avr/4.5.1/avrxmega2\libgcc.a(_fpcmp_parts_sf.o)
 .debug_line    0x0000316e       0x9e c:/program files/atmel/avr studio 5.0/avr toolchain/bin/../lib/gcc/avr/4.5.1/avrxmega2\libgcc.a(_clz.o)

.debug_frame    0x00000000      0x740
 *(.debug_frame)
 .debug_frame   0x00000000       0xf0 hardware.o
 .debug_frame   0x000000f0       0xa0 main.o
 .debug_frame   0x00000190       0x90 serial_midi.o
 .debug_frame   0x00000220       0x60 xnorMIDI/bytequeue/bytequeue.o
 .debug_frame   0x00000280       0x30 xnorMIDI/bytequeue/interrupt_setting.o
 .debug_frame   0x000002b0      0x270 xnorMIDI/midi.o
 .debug_frame   0x00000520       0x80 xnorMIDI/midi_device.o
 .debug_frame   0x000005a0       0x20 c:/program files/atmel/avr studio 5.0/avr toolchain/bin/../lib/gcc/avr/4.5.1/avrxmega2\libgcc.a(_fixunssfsi.o)
 .debug_frame   0x000005c0       0x40 c:/program files/atmel/avr studio 5.0/avr toolchain/bin/../lib/gcc/avr/4.5.1/avrxmega2\libgcc.a(_addsub_sf.o)
 .debug_frame   0x00000600       0x20 c:/program files/atmel/avr studio 5.0/avr toolchain/bin/../lib/gcc/avr/4.5.1/avrxmega2\libgcc.a(_mul_sf.o)
 .debug_frame   0x00000620       0x20 c:/program files/atmel/avr studio 5.0/avr toolchain/bin/../lib/gcc/avr/4.5.1/avrxmega2\libgcc.a(_div_sf.o)
 .debug_frame   0x00000640       0x20 c:/program files/atmel/avr studio 5.0/avr toolchain/bin/../lib/gcc/avr/4.5.1/avrxmega2\libgcc.a(_ge_sf.o)
 .debug_frame   0x00000660       0x20 c:/program files/atmel/avr studio 5.0/avr toolchain/bin/../lib/gcc/avr/4.5.1/avrxmega2\libgcc.a(_lt_sf.o)
 .debug_frame   0x00000680       0x20 c:/program files/atmel/avr studio 5.0/avr toolchain/bin/../lib/gcc/avr/4.5.1/avrxmega2\libgcc.a(_sf_to_si.o)
 .debug_frame   0x000006a0       0x20 c:/program files/atmel/avr studio 5.0/avr toolchain/bin/../lib/gcc/avr/4.5.1/avrxmega2\libgcc.a(_usi_to_sf.o)
 .debug_frame   0x000006c0       0x20 c:/program files/atmel/avr studio 5.0/avr toolchain/bin/../lib/gcc/avr/4.5.1/avrxmega2\libgcc.a(_clzsi2.o)
 .debug_frame   0x000006e0       0x20 c:/program files/atmel/avr studio 5.0/avr toolchain/bin/../lib/gcc/avr/4.5.1/avrxmega2\libgcc.a(_pack_sf.o)
 .debug_frame   0x00000700       0x20 c:/program files/atmel/avr studio 5.0/avr toolchain/bin/../lib/gcc/avr/4.5.1/avrxmega2\libgcc.a(_unpack_sf.o)
 .debug_frame   0x00000720       0x20 c:/program files/atmel/avr studio 5.0/avr toolchain/bin/../lib/gcc/avr/4.5.1/avrxmega2\libgcc.a(_fpcmp_parts_sf.o)

.debug_str      0x00000000     0x17ee
 *(.debug_str)
 .debug_str     0x00000000      0x6b3 hardware.o
                                0x793 (size before relaxing)
 .debug_str     0x000006b3      0x417 main.o
                                0x648 (size before relaxing)
 .debug_str     0x00000aca      0x430 serial_midi.o
                                0x8e3 (size before relaxing)
 .debug_str     0x00000efa       0xb1 xnorMIDI/bytequeue/bytequeue.o
                                0x1ca (size before relaxing)
 .debug_str     0x00000fab       0x63 xnorMIDI/bytequeue/interrupt_setting.o
                                0x155 (size before relaxing)
 .debug_str     0x0000100e      0x413 xnorMIDI/midi.o
                                0x7fd (size before relaxing)
 .debug_str     0x00001421       0xd6 xnorMIDI/midi_device.o
                                0x4db (size before relaxing)
 .debug_str     0x000014f7       0xdc c:/program files/atmel/avr studio 5.0/avr toolchain/bin/../lib/gcc/avr/4.5.1/avrxmega2\libgcc.a(_fixunssfsi.o)
                                0x161 (size before relaxing)
 .debug_str     0x000015d3      0x14f c:/program files/atmel/avr studio 5.0/avr toolchain/bin/../lib/gcc/avr/4.5.1/avrxmega2\libgcc.a(_addsub_sf.o)
                                0x248 (size before relaxing)
 .debug_str     0x00001722       0x27 c:/program files/atmel/avr studio 5.0/avr toolchain/bin/../lib/gcc/avr/4.5.1/avrxmega2\libgcc.a(_mul_sf.o)
                                0x201 (size before relaxing)
 .debug_str     0x00001749       0x1f c:/program files/atmel/avr studio 5.0/avr toolchain/bin/../lib/gcc/avr/4.5.1/avrxmega2\libgcc.a(_div_sf.o)
                                0x20a (size before relaxing)
 .debug_str     0x00001768        0x8 c:/program files/atmel/avr studio 5.0/avr toolchain/bin/../lib/gcc/avr/4.5.1/avrxmega2\libgcc.a(_ge_sf.o)
                                0x1cf (size before relaxing)
 .debug_str     0x00001770        0x8 c:/program files/atmel/avr studio 5.0/avr toolchain/bin/../lib/gcc/avr/4.5.1/avrxmega2\libgcc.a(_lt_sf.o)
                                0x1cf (size before relaxing)
 .debug_str     0x00001778        0xa c:/program files/atmel/avr studio 5.0/avr toolchain/bin/../lib/gcc/avr/4.5.1/avrxmega2\libgcc.a(_sf_to_si.o)
                                0x1d8 (size before relaxing)
 .debug_str     0x00000000      0x17a c:/program files/atmel/avr studio 5.0/avr toolchain/bin/../lib/gcc/avr/4.5.1/avrxmega2\libgcc.a(_thenan_sf.o)
 .debug_str     0x00001782       0x2a c:/program files/atmel/avr studio 5.0/avr toolchain/bin/../lib/gcc/avr/4.5.1/avrxmega2\libgcc.a(_usi_to_sf.o)
                                0x1ba (size before relaxing)
 .debug_str     0x000017ac       0x17 c:/program files/atmel/avr studio 5.0/avr toolchain/bin/../lib/gcc/avr/4.5.1/avrxmega2\libgcc.a(_clzsi2.o)
                                0x16d (size before relaxing)
 .debug_str     0x000017c3       0x10 c:/program files/atmel/avr studio 5.0/avr toolchain/bin/../lib/gcc/avr/4.5.1/avrxmega2\libgcc.a(_pack_sf.o)
                                0x1d7 (size before relaxing)
 .debug_str     0x000017d3        0xb c:/program files/atmel/avr studio 5.0/avr toolchain/bin/../lib/gcc/avr/4.5.1/avrxmega2\libgcc.a(_unpack_sf.o)
                                0x1b9 (size before relaxing)
 .debug_str     0x000017de       0x10 c:/program files/atmel/avr studio 5.0/avr toolchain/bin/../lib/gcc/avr/4.5.1/avrxmega2\libgcc.a(_fpcmp_parts_sf.o)
                                0x19d (size before relaxing)
 .debug_str     0x00000000      0x150 c:/program files/atmel/avr studio 5.0/avr toolchain/bin/../lib/gcc/avr/4.5.1/avrxmega2\libgcc.a(_clz.o)

.debug_loc      0x00000000     0x1e80
 *(.debug_loc)
 .debug_loc     0x00000000      0x1d3 hardware.o
 .debug_loc     0x000001d3      0x3d6 main.o
 .debug_loc     0x000005a9       0x9d serial_midi.o
 .debug_loc     0x00000646      0x172 xnorMIDI/bytequeue/bytequeue.o
 .debug_loc     0x000007b8      0x4f9 xnorMIDI/midi.o
 .debug_loc     0x00000cb1      0x4aa xnorMIDI/midi_device.o
 .debug_loc     0x0000115b       0x34 c:/program files/atmel/avr studio 5.0/avr toolchain/bin/../lib/gcc/avr/4.5.1/avrxmega2\libgcc.a(_fixunssfsi.o)
 .debug_loc     0x0000118f      0x31d c:/program files/atmel/avr studio 5.0/avr toolchain/bin/../lib/gcc/avr/4.5.1/avrxmega2\libgcc.a(_addsub_sf.o)
 .debug_loc     0x000014ac      0x2a4 c:/program files/atmel/avr studio 5.0/avr toolchain/bin/../lib/gcc/avr/4.5.1/avrxmega2\libgcc.a(_mul_sf.o)
 .debug_loc     0x00001750      0x1ac c:/program files/atmel/avr studio 5.0/avr toolchain/bin/../lib/gcc/avr/4.5.1/avrxmega2\libgcc.a(_div_sf.o)
 .debug_loc     0x000018fc       0x48 c:/program files/atmel/avr studio 5.0/avr toolchain/bin/../lib/gcc/avr/4.5.1/avrxmega2\libgcc.a(_ge_sf.o)
 .debug_loc     0x00001944       0x48 c:/program files/atmel/avr studio 5.0/avr toolchain/bin/../lib/gcc/avr/4.5.1/avrxmega2\libgcc.a(_lt_sf.o)
 .debug_loc     0x0000198c       0x56 c:/program files/atmel/avr studio 5.0/avr toolchain/bin/../lib/gcc/avr/4.5.1/avrxmega2\libgcc.a(_sf_to_si.o)
 .debug_loc     0x000019e2       0x96 c:/program files/atmel/avr studio 5.0/avr toolchain/bin/../lib/gcc/avr/4.5.1/avrxmega2\libgcc.a(_usi_to_sf.o)
 .debug_loc     0x00001a78       0xb2 c:/program files/atmel/avr studio 5.0/avr toolchain/bin/../lib/gcc/avr/4.5.1/avrxmega2\libgcc.a(_clzsi2.o)
 .debug_loc     0x00001b2a      0x1f5 c:/program files/atmel/avr studio 5.0/avr toolchain/bin/../lib/gcc/avr/4.5.1/avrxmega2\libgcc.a(_pack_sf.o)
 .debug_loc     0x00001d1f      0x111 c:/program files/atmel/avr studio 5.0/avr toolchain/bin/../lib/gcc/avr/4.5.1/avrxmega2\libgcc.a(_unpack_sf.o)
 .debug_loc     0x00001e30       0x50 c:/program files/atmel/avr studio 5.0/avr toolchain/bin/../lib/gcc/avr/4.5.1/avrxmega2\libgcc.a(_fpcmp_parts_sf.o)

.debug_macinfo
 *(.debug_macinfo)
OUTPUT(GnarpAVRSTUDIO.elf elf32-avr)
LOAD linker stubs

.debug_pubtypes
                0x00000000      0xbaa
 .debug_pubtypes
                0x00000000      0x107 hardware.o
 .debug_pubtypes
                0x00000107       0x80 main.o
 .debug_pubtypes
                0x00000187      0x155 serial_midi.o
 .debug_pubtypes
                0x000002dc       0x5b xnorMIDI/bytequeue/bytequeue.o
 .debug_pubtypes
                0x00000337       0x36 xnorMIDI/bytequeue/interrupt_setting.o
 .debug_pubtypes
                0x0000036d      0x125 xnorMIDI/midi.o
 .debug_pubtypes
                0x00000492      0x100 xnorMIDI/midi_device.o
 .debug_pubtypes
                0x00000592       0x34 c:/program files/atmel/avr studio 5.0/avr toolchain/bin/../lib/gcc/avr/4.5.1/avrxmega2\libgcc.a(_fixunssfsi.o)
 .debug_pubtypes
                0x000005c6       0x9d c:/program files/atmel/avr studio 5.0/avr toolchain/bin/../lib/gcc/avr/4.5.1/avrxmega2\libgcc.a(_addsub_sf.o)
 .debug_pubtypes
                0x00000663       0x86 c:/program files/atmel/avr studio 5.0/avr toolchain/bin/../lib/gcc/avr/4.5.1/avrxmega2\libgcc.a(_mul_sf.o)
 .debug_pubtypes
                0x000006e9       0x86 c:/program files/atmel/avr studio 5.0/avr toolchain/bin/../lib/gcc/avr/4.5.1/avrxmega2\libgcc.a(_div_sf.o)
 .debug_pubtypes
                0x0000076f       0x91 c:/program files/atmel/avr studio 5.0/avr toolchain/bin/../lib/gcc/avr/4.5.1/avrxmega2\libgcc.a(_ge_sf.o)
 .debug_pubtypes
                0x00000800       0x91 c:/program files/atmel/avr studio 5.0/avr toolchain/bin/../lib/gcc/avr/4.5.1/avrxmega2\libgcc.a(_lt_sf.o)
 .debug_pubtypes
                0x00000891       0x91 c:/program files/atmel/avr studio 5.0/avr toolchain/bin/../lib/gcc/avr/4.5.1/avrxmega2\libgcc.a(_sf_to_si.o)
 .debug_pubtypes
                0x00000922       0x5b c:/program files/atmel/avr studio 5.0/avr toolchain/bin/../lib/gcc/avr/4.5.1/avrxmega2\libgcc.a(_thenan_sf.o)
 .debug_pubtypes
                0x0000097d       0x73 c:/program files/atmel/avr studio 5.0/avr toolchain/bin/../lib/gcc/avr/4.5.1/avrxmega2\libgcc.a(_usi_to_sf.o)
 .debug_pubtypes
                0x000009f0       0x35 c:/program files/atmel/avr studio 5.0/avr toolchain/bin/../lib/gcc/avr/4.5.1/avrxmega2\libgcc.a(_clzsi2.o)
 .debug_pubtypes
                0x00000a25       0x86 c:/program files/atmel/avr studio 5.0/avr toolchain/bin/../lib/gcc/avr/4.5.1/avrxmega2\libgcc.a(_pack_sf.o)
 .debug_pubtypes
                0x00000aab       0x86 c:/program files/atmel/avr studio 5.0/avr toolchain/bin/../lib/gcc/avr/4.5.1/avrxmega2\libgcc.a(_unpack_sf.o)
 .debug_pubtypes
                0x00000b31       0x5b c:/program files/atmel/avr studio 5.0/avr toolchain/bin/../lib/gcc/avr/4.5.1/avrxmega2\libgcc.a(_fpcmp_parts_sf.o)
 .debug_pubtypes
                0x00000b8c       0x1e c:/program files/atmel/avr studio 5.0/avr toolchain/bin/../lib/gcc/avr/4.5.1/avrxmega2\libgcc.a(_clz.o)

.debug_ranges   0x00000000       0x68
 .debug_ranges  0x00000000       0x30 c:/program files/atmel/avr studio 5.0/avr toolchain/bin/../lib/gcc/avr/4.5.1/avrxmega2\libgcc.a(_mul_sf.o)
 .debug_ranges  0x00000030       0x38 c:/program files/atmel/avr studio 5.0/avr toolchain/bin/../lib/gcc/avr/4.5.1/avrxmega2\libgcc.a(_div_sf.o)
