Archive member included because of file (symbol)

c:/program files/atmel/avr studio 5.0/avr toolchain/bin/../lib/gcc/avr/4.5.1/avrxmega2\libgcc.a(_mulsi3.o)
                              main.o (__mulsi3)
c:/program files/atmel/avr studio 5.0/avr toolchain/bin/../lib/gcc/avr/4.5.1/avrxmega2\libgcc.a(_udivmodhi4.o)
                              hardware.o (__udivmodhi4)
c:/program files/atmel/avr studio 5.0/avr toolchain/bin/../lib/gcc/avr/4.5.1/avrxmega2\libgcc.a(_divmodhi4.o)
                              hardware.o (__divmodhi4)
c:/program files/atmel/avr studio 5.0/avr toolchain/bin/../lib/gcc/avr/4.5.1/avrxmega2\libgcc.a(_udivmodsi4.o)
                              main.o (__udivmodsi4)
c:/program files/atmel/avr studio 5.0/avr toolchain/bin/../lib/gcc/avr/4.5.1/avrxmega2\libgcc.a(_exit.o)
                              c:/program files/atmel/avr studio 5.0/avr toolchain/bin/../lib/gcc/avr/4.5.1/../../../../avr/lib/avrxmega2/crtx16a4.o (exit)
c:/program files/atmel/avr studio 5.0/avr toolchain/bin/../lib/gcc/avr/4.5.1/avrxmega2\libgcc.a(_copy_data.o)
                              main.o (__do_copy_data)
c:/program files/atmel/avr studio 5.0/avr toolchain/bin/../lib/gcc/avr/4.5.1/avrxmega2\libgcc.a(_clear_bss.o)
                              hardware.o (__do_clear_bss)
c:/program files/atmel/avr studio 5.0/avr toolchain/bin/../lib/gcc/avr/4.5.1/avrxmega2\libgcc.a(_fixunssfsi.o)
                              hardware.o (__fixunssfsi)
c:/program files/atmel/avr studio 5.0/avr toolchain/bin/../lib/gcc/avr/4.5.1/avrxmega2\libgcc.a(_addsub_sf.o)
                              hardware.o (__addsf3)
c:/program files/atmel/avr studio 5.0/avr toolchain/bin/../lib/gcc/avr/4.5.1/avrxmega2\libgcc.a(_mul_sf.o)
                              hardware.o (__mulsf3)
c:/program files/atmel/avr studio 5.0/avr toolchain/bin/../lib/gcc/avr/4.5.1/avrxmega2\libgcc.a(_div_sf.o)
                              hardware.o (__divsf3)
c:/program files/atmel/avr studio 5.0/avr toolchain/bin/../lib/gcc/avr/4.5.1/avrxmega2\libgcc.a(_ge_sf.o)
                              c:/program files/atmel/avr studio 5.0/avr toolchain/bin/../lib/gcc/avr/4.5.1/avrxmega2\libgcc.a(_fixunssfsi.o) (__gesf2)
c:/program files/atmel/avr studio 5.0/avr toolchain/bin/../lib/gcc/avr/4.5.1/avrxmega2\libgcc.a(_sf_to_si.o)
                              c:/program files/atmel/avr studio 5.0/avr toolchain/bin/../lib/gcc/avr/4.5.1/avrxmega2\libgcc.a(_fixunssfsi.o) (__fixsfsi)
c:/program files/atmel/avr studio 5.0/avr toolchain/bin/../lib/gcc/avr/4.5.1/avrxmega2\libgcc.a(_thenan_sf.o)
                              c:/program files/atmel/avr studio 5.0/avr toolchain/bin/../lib/gcc/avr/4.5.1/avrxmega2\libgcc.a(_addsub_sf.o) (__thenan_sf)
c:/program files/atmel/avr studio 5.0/avr toolchain/bin/../lib/gcc/avr/4.5.1/avrxmega2\libgcc.a(_usi_to_sf.o)
                              hardware.o (__floatunsisf)
c:/program files/atmel/avr studio 5.0/avr toolchain/bin/../lib/gcc/avr/4.5.1/avrxmega2\libgcc.a(_prologue.o)
                              c:/program files/atmel/avr studio 5.0/avr toolchain/bin/../lib/gcc/avr/4.5.1/avrxmega2\libgcc.a(_addsub_sf.o) (__prologue_saves__)
c:/program files/atmel/avr studio 5.0/avr toolchain/bin/../lib/gcc/avr/4.5.1/avrxmega2\libgcc.a(_epilogue.o)
                              c:/program files/atmel/avr studio 5.0/avr toolchain/bin/../lib/gcc/avr/4.5.1/avrxmega2\libgcc.a(_addsub_sf.o) (__epilogue_restores__)
c:/program files/atmel/avr studio 5.0/avr toolchain/bin/../lib/gcc/avr/4.5.1/avrxmega2\libgcc.a(_clzsi2.o)
                              c:/program files/atmel/avr studio 5.0/avr toolchain/bin/../lib/gcc/avr/4.5.1/avrxmega2\libgcc.a(_usi_to_sf.o) (__clzsi2)
c:/program files/atmel/avr studio 5.0/avr toolchain/bin/../lib/gcc/avr/4.5.1/avrxmega2\libgcc.a(_pack_sf.o)
                              c:/program files/atmel/avr studio 5.0/avr toolchain/bin/../lib/gcc/avr/4.5.1/avrxmega2\libgcc.a(_addsub_sf.o) (__pack_f)
c:/program files/atmel/avr studio 5.0/avr toolchain/bin/../lib/gcc/avr/4.5.1/avrxmega2\libgcc.a(_unpack_sf.o)
                              c:/program files/atmel/avr studio 5.0/avr toolchain/bin/../lib/gcc/avr/4.5.1/avrxmega2\libgcc.a(_addsub_sf.o) (__unpack_f)
c:/program files/atmel/avr studio 5.0/avr toolchain/bin/../lib/gcc/avr/4.5.1/avrxmega2\libgcc.a(_fpcmp_parts_sf.o)
                              c:/program files/atmel/avr studio 5.0/avr toolchain/bin/../lib/gcc/avr/4.5.1/avrxmega2\libgcc.a(_ge_sf.o) (__fpcmp_parts_f)
c:/program files/atmel/avr studio 5.0/avr toolchain/bin/../lib/gcc/avr/4.5.1/avrxmega2\libgcc.a(_clz.o)
                              c:/program files/atmel/avr studio 5.0/avr toolchain/bin/../lib/gcc/avr/4.5.1/avrxmega2\libgcc.a(_clzsi2.o) (__clz_tab)

Allocating common symbols
Common symbol       size              file

velocity_out        0x2               main.o
note_out            0x2               main.o

Memory Configuration

Name             Origin             Length             Attributes
text             0x00000000         0x00100000         xr
data             0x00802000         0x0000ffa0         rw !x
eeprom           0x00810000         0x00010000         rw !x
fuse             0x00820000         0x00000400         rw !x
lock             0x00830000         0x00000400         rw !x
signature        0x00840000         0x00000400         rw !x
*default*        0x00000000         0xffffffff

Linker script and memory map

LOAD c:/program files/atmel/avr studio 5.0/avr toolchain/bin/../lib/gcc/avr/4.5.1/../../../../avr/lib/avrxmega2/crtx16a4.o
LOAD hardware.o
LOAD main.o
LOAD serial_midi.o
LOAD xnorMIDI/bytequeue/bytequeue.o
LOAD xnorMIDI/bytequeue/interrupt_setting.o
LOAD xnorMIDI/midi.o
LOAD xnorMIDI/midi_device.o
LOAD c:/program files/atmel/avr studio 5.0/avr toolchain/bin/../lib/gcc/avr/4.5.1/avrxmega2\libgcc.a
LOAD c:/program files/atmel/avr studio 5.0/avr toolchain/bin/../lib/gcc/avr/4.5.1/../../../../avr/lib/avrxmega2\libc.a
LOAD c:/program files/atmel/avr studio 5.0/avr toolchain/bin/../lib/gcc/avr/4.5.1/avrxmega2\libgcc.a

.hash
 *(.hash)

.dynsym
 *(.dynsym)

.dynstr
 *(.dynstr)

.gnu.version
 *(.gnu.version)

.gnu.version_d
 *(.gnu.version_d)

.gnu.version_r
 *(.gnu.version_r)

.rel.init
 *(.rel.init)

.rela.init
 *(.rela.init)

.rel.text
 *(.rel.text)
 *(.rel.text.*)
 *(.rel.gnu.linkonce.t*)

.rela.text
 *(.rela.text)
 *(.rela.text.*)
 *(.rela.gnu.linkonce.t*)

.rel.fini
 *(.rel.fini)

.rela.fini
 *(.rela.fini)

.rel.rodata
 *(.rel.rodata)
 *(.rel.rodata.*)
 *(.rel.gnu.linkonce.r*)

.rela.rodata
 *(.rela.rodata)
 *(.rela.rodata.*)
 *(.rela.gnu.linkonce.r*)

.rel.data
 *(.rel.data)
 *(.rel.data.*)
 *(.rel.gnu.linkonce.d*)

.rela.data
 *(.rela.data)
 *(.rela.data.*)
 *(.rela.gnu.linkonce.d*)

.rel.ctors
 *(.rel.ctors)

.rela.ctors
 *(.rela.ctors)

.rel.dtors
 *(.rel.dtors)

.rela.dtors
 *(.rela.dtors)

.rel.got
 *(.rel.got)

.rela.got
 *(.rela.got)

.rel.bss
 *(.rel.bss)

.rela.bss
 *(.rela.bss)

.rel.plt
 *(.rel.plt)

.rela.plt
 *(.rela.plt)

.text           0x00000000     0x274a
 *(.vectors)
 .vectors       0x00000000      0x178 c:/program files/atmel/avr studio 5.0/avr toolchain/bin/../lib/gcc/avr/4.5.1/../../../../avr/lib/avrxmega2/crtx16a4.o
                0x00000000                __vector_default
                0x00000000                __vectors
 *(.vectors)
 *(.progmem.gcc*)
 *(.progmem*)
                0x00000178                . = ALIGN (0x2)
                0x00000178                __trampolines_start = .
 *(.trampolines)
 .trampolines   0x00000178        0x0 linker stubs
 *(.trampolines*)
                0x00000178                __trampolines_end = .
 *(.jumptables)
 *(.jumptables*)
 *(.lowtext)
 *(.lowtext*)
                0x00000178                __ctors_start = .
 *(.ctors)
                0x00000178                __ctors_end = .
                0x00000178                __dtors_start = .
 *(.dtors)
                0x00000178                __dtors_end = .
 SORT(*)(.ctors)
 SORT(*)(.dtors)
 *(.init0)
 .init0         0x00000178        0x0 c:/program files/atmel/avr studio 5.0/avr toolchain/bin/../lib/gcc/avr/4.5.1/../../../../avr/lib/avrxmega2/crtx16a4.o
                0x00000178                __init
 *(.init0)
 *(.init1)
 *(.init1)
 *(.init2)
 .init2         0x00000178        0xc c:/program files/atmel/avr studio 5.0/avr toolchain/bin/../lib/gcc/avr/4.5.1/../../../../avr/lib/avrxmega2/crtx16a4.o
 *(.init2)
 *(.init3)
 *(.init3)
 *(.init4)
 .init4         0x00000184       0x16 c:/program files/atmel/avr studio 5.0/avr toolchain/bin/../lib/gcc/avr/4.5.1/avrxmega2\libgcc.a(_copy_data.o)
                0x00000184                __do_copy_data
 .init4         0x0000019a       0x10 c:/program files/atmel/avr studio 5.0/avr toolchain/bin/../lib/gcc/avr/4.5.1/avrxmega2\libgcc.a(_clear_bss.o)
                0x0000019a                __do_clear_bss
 *(.init4)
 *(.init5)
 *(.init5)
 *(.init6)
 *(.init6)
 *(.init7)
 *(.init7)
 *(.init8)
 *(.init8)
 *(.init9)
 .init9         0x000001aa        0x8 c:/program files/atmel/avr studio 5.0/avr toolchain/bin/../lib/gcc/avr/4.5.1/../../../../avr/lib/avrxmega2/crtx16a4.o
 *(.init9)
 *(.text)
 .text          0x000001b2        0x4 c:/program files/atmel/avr studio 5.0/avr toolchain/bin/../lib/gcc/avr/4.5.1/../../../../avr/lib/avrxmega2/crtx16a4.o
                0x000001b2                __vector_38
                0x000001b2                __vector_22
                0x000001b2                __vector_63
                0x000001b2                __vector_28
                0x000001b2                __vector_67
                0x000001b2                __vector_1
                0x000001b2                __vector_32
                0x000001b2                __vector_75
                0x000001b2                __vector_71
                0x000001b2                __vector_34
                0x000001b2                __vector_62
                0x000001b2                __vector_77
                0x000001b2                __vector_24
                0x000001b2                __vector_12
                0x000001b2                __vector_55
                0x000001b2                __vector_69
                0x000001b2                __vector_81
                0x000001b2                __vector_90
                0x000001b2                __vector_46
                0x000001b2                __bad_interrupt
                0x000001b2                __vector_72
                0x000001b2                __vector_6
                0x000001b2                __vector_31
                0x000001b2                __vector_92
                0x000001b2                __vector_35
                0x000001b2                __vector_78
                0x000001b2                __vector_74
                0x000001b2                __vector_39
                0x000001b2                __vector_3
                0x000001b2                __vector_23
                0x000001b2                __vector_68
                0x000001b2                __vector_30
                0x000001b2                __vector_73
                0x000001b2                __vector_45
                0x000001b2                __vector_25
                0x000001b2                __vector_93
                0x000001b2                __vector_61
                0x000001b2                __vector_11
                0x000001b2                __vector_54
                0x000001b2                __vector_13
                0x000001b2                __vector_17
                0x000001b2                __vector_19
                0x000001b2                __vector_56
                0x000001b2                __vector_7
                0x000001b2                __vector_49
                0x000001b2                __vector_41
                0x000001b2                __vector_86
                0x000001b2                __vector_64
                0x000001b2                __vector_88
                0x000001b2                __vector_43
                0x000001b2                __vector_27
                0x000001b2                __vector_5
                0x000001b2                __vector_33
                0x000001b2                __vector_76
                0x000001b2                __vector_47
                0x000001b2                __vector_52
                0x000001b2                __vector_37
                0x000001b2                __vector_89
                0x000001b2                __vector_4
                0x000001b2                __vector_44
                0x000001b2                __vector_82
                0x000001b2                __vector_51
                0x000001b2                __vector_9
                0x000001b2                __vector_2
                0x000001b2                __vector_21
                0x000001b2                __vector_15
                0x000001b2                __vector_66
                0x000001b2                __vector_36
                0x000001b2                __vector_79
                0x000001b2                __vector_58
                0x000001b2                __vector_70
                0x000001b2                __vector_83
                0x000001b2                __vector_29
                0x000001b2                __vector_60
                0x000001b2                __vector_40
                0x000001b2                __vector_85
                0x000001b2                __vector_8
                0x000001b2                __vector_26
                0x000001b2                __vector_48
                0x000001b2                __vector_80
                0x000001b2                __vector_14
                0x000001b2                __vector_84
                0x000001b2                __vector_57
                0x000001b2                __vector_53
                0x000001b2                __vector_10
                0x000001b2                __vector_50
                0x000001b2                __vector_59
                0x000001b2                __vector_18
                0x000001b2                __vector_20
                0x000001b2                __vector_42
                0x000001b2                __vector_87
                0x000001b2                __vector_65
 .text          0x000001b6      0x52e hardware.o
                0x000001b6                get_encoder
                0x000001bc                get_pot_value
                0x0000024a                get_encoder_switch_state
                0x00000250                get_encoder_switch_edge
                0x00000256                get_pushbutton_switch_state
                0x0000025c                get_pushbutton_switch_edge
                0x00000262                get_toggle_switch_state
                0x00000268                get_toggle_switch_edge
                0x0000026e                startup_functions
                0x0000037c                preloop_functions
                0x000005b8                postloop_functions
 .text          0x000006e4      0x9da main.o
                0x000006e4                __vector_16
                0x00000768                __vector_91
                0x000007bc                test_pots
                0x0000081c                test_switches
                0x00000854                test_seven_segment
                0x000008ba                test_ADC
                0x0000094a                test_xnor_out
                0x000009e6                test_xnor_in
                0x00000a58                test_blank
                0x00000a76                test_timer
                0x00000b2e                BPM_to_TMR
                0x00000ce0                test_BPM
                0x00000e72                test_tick_accuracy
                0x000010b4                main
 .text          0x000010be       0x58 serial_midi.o
                0x000010be                serial_midi_send
                0x000010f0                serial_midi_device
                0x000010f6                serial_midi_init
 .text          0x00001116      0x102 xnorMIDI/bytequeue/bytequeue.o
                0x00001116                bytequeue_init
                0x00001124                bytequeue_enqueue
                0x0000118a                bytequeue_length
                0x000011b6                bytequeue_get
                0x000011d6                bytequeue_remove
 .text          0x00001218        0xa xnorMIDI/bytequeue/interrupt_setting.o
                0x00001218                store_and_clear_interrupt
                0x0000121e                restore_interrupt_setting
 .text          0x00001222      0x35a xnorMIDI/midi.o
                0x00001222                midi_is_statusbyte
                0x0000122a                midi_is_realtime
                0x00001236                midi_packet_length
                0x000012a2                midi_send_cc
                0x000012c6                midi_send_noteon
                0x000012ea                midi_send_noteoff
                0x0000130e                midi_send_aftertouch
                0x00001332                midi_send_pitchbend
                0x00001380                midi_send_programchange
                0x000013a0                midi_send_channelpressure
                0x000013c0                midi_send_clock
                0x000013d8                midi_send_tick
                0x000013f0                midi_send_start
                0x00001408                midi_send_continue
                0x00001420                midi_send_stop
                0x00001438                midi_send_activesense
                0x00001450                midi_send_reset
                0x00001468                midi_send_tcquarterframe
                0x00001482                midi_send_songposition
                0x000014ac                midi_send_songselect
                0x000014c6                midi_send_tunerequest
                0x000014de                midi_send_byte
                0x000014f6                midi_send_data
                0x00001504                midi_register_cc_callback
                0x0000150c                midi_register_noteon_callback
                0x00001514                midi_register_noteoff_callback
                0x0000151c                midi_register_aftertouch_callback
                0x00001524                midi_register_pitchbend_callback
                0x0000152c                midi_register_songposition_callback
                0x00001534                midi_register_progchange_callback
                0x0000153c                midi_register_chanpressure_callback
                0x00001544                midi_register_songselect_callback
                0x0000154c                midi_register_tc_quarterframe_callback
                0x00001554                midi_register_realtime_callback
                0x0000155c                midi_register_tunerequest_callback
                0x00001564                midi_register_sysex_callback
                0x0000156c                midi_register_fallthrough_callback
                0x00001574                midi_register_catchall_callback
 .text          0x0000157c      0x3d8 xnorMIDI/midi_device.o
                0x0000157c                midi_device_init
                0x000015de                midi_device_input
                0x0000162c                midi_device_set_send_func
                0x00001634                midi_device_set_pre_input_process_func
                0x0000163c                midi_input_callbacks
                0x000017ae                midi_process_byte
                0x000018ec                midi_device_process
 .text          0x00001954        0x0 c:/program files/atmel/avr studio 5.0/avr toolchain/bin/../lib/gcc/avr/4.5.1/avrxmega2\libgcc.a(_mulsi3.o)
 .text          0x00001954        0x0 c:/program files/atmel/avr studio 5.0/avr toolchain/bin/../lib/gcc/avr/4.5.1/avrxmega2\libgcc.a(_udivmodhi4.o)
 .text          0x00001954        0x0 c:/program files/atmel/avr studio 5.0/avr toolchain/bin/../lib/gcc/avr/4.5.1/avrxmega2\libgcc.a(_divmodhi4.o)
 .text          0x00001954        0x0 c:/program files/atmel/avr studio 5.0/avr toolchain/bin/../lib/gcc/avr/4.5.1/avrxmega2\libgcc.a(_udivmodsi4.o)
 .text          0x00001954        0x0 c:/program files/atmel/avr studio 5.0/avr toolchain/bin/../lib/gcc/avr/4.5.1/avrxmega2\libgcc.a(_exit.o)
 .text          0x00001954        0x0 c:/program files/atmel/avr studio 5.0/avr toolchain/bin/../lib/gcc/avr/4.5.1/avrxmega2\libgcc.a(_copy_data.o)
 .text          0x00001954        0x0 c:/program files/atmel/avr studio 5.0/avr toolchain/bin/../lib/gcc/avr/4.5.1/avrxmega2\libgcc.a(_clear_bss.o)
 .text          0x00001954       0x58 c:/program files/atmel/avr studio 5.0/avr toolchain/bin/../lib/gcc/avr/4.5.1/avrxmega2\libgcc.a(_fixunssfsi.o)
                0x00001954                __fixunssfsi
 .text          0x000019ac      0x350 c:/program files/atmel/avr studio 5.0/avr toolchain/bin/../lib/gcc/avr/4.5.1/avrxmega2\libgcc.a(_addsub_sf.o)
                0x00001c40                __addsf3
                0x00001c9a                __subsf3
 .text          0x00001cfc      0x1f4 c:/program files/atmel/avr studio 5.0/avr toolchain/bin/../lib/gcc/avr/4.5.1/avrxmega2\libgcc.a(_mul_sf.o)
                0x00001cfc                __mulsf3
 .text          0x00001ef0      0x15c c:/program files/atmel/avr studio 5.0/avr toolchain/bin/../lib/gcc/avr/4.5.1/avrxmega2\libgcc.a(_div_sf.o)
                0x00001ef0                __divsf3
 .text          0x0000204c       0x60 c:/program files/atmel/avr studio 5.0/avr toolchain/bin/../lib/gcc/avr/4.5.1/avrxmega2\libgcc.a(_ge_sf.o)
                0x0000204c                __gesf2
 .text          0x000020ac       0xa4 c:/program files/atmel/avr studio 5.0/avr toolchain/bin/../lib/gcc/avr/4.5.1/avrxmega2\libgcc.a(_sf_to_si.o)
                0x000020ac                __fixsfsi
 .text          0x00002150        0x0 c:/program files/atmel/avr studio 5.0/avr toolchain/bin/../lib/gcc/avr/4.5.1/avrxmega2\libgcc.a(_thenan_sf.o)
 .text          0x00002150       0xf0 c:/program files/atmel/avr studio 5.0/avr toolchain/bin/../lib/gcc/avr/4.5.1/avrxmega2\libgcc.a(_usi_to_sf.o)
                0x00002150                __floatunsisf
 .text          0x00002240        0x0 c:/program files/atmel/avr studio 5.0/avr toolchain/bin/../lib/gcc/avr/4.5.1/avrxmega2\libgcc.a(_prologue.o)
 .text          0x00002240        0x0 c:/program files/atmel/avr studio 5.0/avr toolchain/bin/../lib/gcc/avr/4.5.1/avrxmega2\libgcc.a(_epilogue.o)
 .text          0x00002240       0xb4 c:/program files/atmel/avr studio 5.0/avr toolchain/bin/../lib/gcc/avr/4.5.1/avrxmega2\libgcc.a(_clzsi2.o)
                0x00002240                __clzsi2
 .text          0x000022f4      0x19c c:/program files/atmel/avr studio 5.0/avr toolchain/bin/../lib/gcc/avr/4.5.1/avrxmega2\libgcc.a(_pack_sf.o)
                0x000022f4                __pack_f
 .text          0x00002490       0xd2 c:/program files/atmel/avr studio 5.0/avr toolchain/bin/../lib/gcc/avr/4.5.1/avrxmega2\libgcc.a(_unpack_sf.o)
                0x00002490                __unpack_f
 .text          0x00002562       0xb2 c:/program files/atmel/avr studio 5.0/avr toolchain/bin/../lib/gcc/avr/4.5.1/avrxmega2\libgcc.a(_fpcmp_parts_sf.o)
                0x00002562                __fpcmp_parts_f
 .text          0x00002614        0x0 c:/program files/atmel/avr studio 5.0/avr toolchain/bin/../lib/gcc/avr/4.5.1/avrxmega2\libgcc.a(_clz.o)
                0x00002614                . = ALIGN (0x2)
 *(.text.*)
 .text.libgcc   0x00002614       0x3e c:/program files/atmel/avr studio 5.0/avr toolchain/bin/../lib/gcc/avr/4.5.1/avrxmega2\libgcc.a(_mulsi3.o)
                0x00002614                __mulsi3
 .text.libgcc   0x00002652       0x28 c:/program files/atmel/avr studio 5.0/avr toolchain/bin/../lib/gcc/avr/4.5.1/avrxmega2\libgcc.a(_udivmodhi4.o)
                0x00002652                __udivmodhi4
 .text.libgcc   0x0000267a       0x26 c:/program files/atmel/avr studio 5.0/avr toolchain/bin/../lib/gcc/avr/4.5.1/avrxmega2\libgcc.a(_divmodhi4.o)
                0x0000267a                _div
                0x0000267a                __divmodhi4
 .text.libgcc   0x000026a0       0x44 c:/program files/atmel/avr studio 5.0/avr toolchain/bin/../lib/gcc/avr/4.5.1/avrxmega2\libgcc.a(_udivmodsi4.o)
                0x000026a0                __udivmodsi4
 .text.libgcc   0x000026e4        0x0 c:/program files/atmel/avr studio 5.0/avr toolchain/bin/../lib/gcc/avr/4.5.1/avrxmega2\libgcc.a(_exit.o)
 .text.libgcc   0x000026e4        0x0 c:/program files/atmel/avr studio 5.0/avr toolchain/bin/../lib/gcc/avr/4.5.1/avrxmega2\libgcc.a(_copy_data.o)
 .text.libgcc   0x000026e4        0x0 c:/program files/atmel/avr studio 5.0/avr toolchain/bin/../lib/gcc/avr/4.5.1/avrxmega2\libgcc.a(_clear_bss.o)
 .text.libgcc   0x000026e4       0x32 c:/program files/atmel/avr studio 5.0/avr toolchain/bin/../lib/gcc/avr/4.5.1/avrxmega2\libgcc.a(_prologue.o)
                0x000026e4                __prologue_saves__
 .text.libgcc   0x00002716       0x30 c:/program files/atmel/avr studio 5.0/avr toolchain/bin/../lib/gcc/avr/4.5.1/avrxmega2\libgcc.a(_epilogue.o)
                0x00002716                __epilogue_restores__
                0x00002746                . = ALIGN (0x2)
 *(.fini9)
 .fini9         0x00002746        0x0 c:/program files/atmel/avr studio 5.0/avr toolchain/bin/../lib/gcc/avr/4.5.1/avrxmega2\libgcc.a(_exit.o)
                0x00002746                _exit
                0x00002746                exit
 *(.fini9)
 *(.fini8)
 *(.fini8)
 *(.fini7)
 *(.fini7)
 *(.fini6)
 *(.fini6)
 *(.fini5)
 *(.fini5)
 *(.fini4)
 *(.fini4)
 *(.fini3)
 *(.fini3)
 *(.fini2)
 *(.fini2)
 *(.fini1)
 *(.fini1)
 *(.fini0)
 .fini0         0x00002746        0x4 c:/program files/atmel/avr studio 5.0/avr toolchain/bin/../lib/gcc/avr/4.5.1/avrxmega2\libgcc.a(_exit.o)
 *(.fini0)
                0x0000274a                _etext = .

.data           0x00802000      0x138 load address 0x0000274a
                0x00802000                PROVIDE (__data_start, .)
 *(.data)
 .data          0x00802000        0x0 c:/program files/atmel/avr studio 5.0/avr toolchain/bin/../lib/gcc/avr/4.5.1/../../../../avr/lib/avrxmega2/crtx16a4.o
 .data          0x00802000        0x0 hardware.o
 .data          0x00802000       0x20 main.o
 .data          0x00802020        0x0 serial_midi.o
 .data          0x00802020        0x0 xnorMIDI/bytequeue/bytequeue.o
 .data          0x00802020        0x0 xnorMIDI/bytequeue/interrupt_setting.o
 .data          0x00802020        0xf xnorMIDI/midi.o
 .data          0x0080202f        0x0 xnorMIDI/midi_device.o
 .data          0x0080202f        0x0 c:/program files/atmel/avr studio 5.0/avr toolchain/bin/../lib/gcc/avr/4.5.1/avrxmega2\libgcc.a(_mulsi3.o)
 .data          0x0080202f        0x0 c:/program files/atmel/avr studio 5.0/avr toolchain/bin/../lib/gcc/avr/4.5.1/avrxmega2\libgcc.a(_udivmodhi4.o)
 .data          0x0080202f        0x0 c:/program files/atmel/avr studio 5.0/avr toolchain/bin/../lib/gcc/avr/4.5.1/avrxmega2\libgcc.a(_divmodhi4.o)
 .data          0x0080202f        0x0 c:/program files/atmel/avr studio 5.0/avr toolchain/bin/../lib/gcc/avr/4.5.1/avrxmega2\libgcc.a(_udivmodsi4.o)
 .data          0x0080202f        0x0 c:/program files/atmel/avr studio 5.0/avr toolchain/bin/../lib/gcc/avr/4.5.1/avrxmega2\libgcc.a(_exit.o)
 .data          0x0080202f        0x0 c:/program files/atmel/avr studio 5.0/avr toolchain/bin/../lib/gcc/avr/4.5.1/avrxmega2\libgcc.a(_copy_data.o)
 .data          0x0080202f        0x0 c:/program files/atmel/avr studio 5.0/avr toolchain/bin/../lib/gcc/avr/4.5.1/avrxmega2\libgcc.a(_clear_bss.o)
 .data          0x0080202f        0x0 c:/program files/atmel/avr studio 5.0/avr toolchain/bin/../lib/gcc/avr/4.5.1/avrxmega2\libgcc.a(_fixunssfsi.o)
 .data          0x0080202f        0x0 c:/program files/atmel/avr studio 5.0/avr toolchain/bin/../lib/gcc/avr/4.5.1/avrxmega2\libgcc.a(_addsub_sf.o)
 .data          0x0080202f        0x0 c:/program files/atmel/avr studio 5.0/avr toolchain/bin/../lib/gcc/avr/4.5.1/avrxmega2\libgcc.a(_mul_sf.o)
 .data          0x0080202f        0x0 c:/program files/atmel/avr studio 5.0/avr toolchain/bin/../lib/gcc/avr/4.5.1/avrxmega2\libgcc.a(_div_sf.o)
 .data          0x0080202f        0x0 c:/program files/atmel/avr studio 5.0/avr toolchain/bin/../lib/gcc/avr/4.5.1/avrxmega2\libgcc.a(_ge_sf.o)
 .data          0x0080202f        0x0 c:/program files/atmel/avr studio 5.0/avr toolchain/bin/../lib/gcc/avr/4.5.1/avrxmega2\libgcc.a(_sf_to_si.o)
 .data          0x0080202f        0x8 c:/program files/atmel/avr studio 5.0/avr toolchain/bin/../lib/gcc/avr/4.5.1/avrxmega2\libgcc.a(_thenan_sf.o)
                0x0080202f                __thenan_sf
 .data          0x00802037        0x0 c:/program files/atmel/avr studio 5.0/avr toolchain/bin/../lib/gcc/avr/4.5.1/avrxmega2\libgcc.a(_usi_to_sf.o)
 .data          0x00802037        0x0 c:/program files/atmel/avr studio 5.0/avr toolchain/bin/../lib/gcc/avr/4.5.1/avrxmega2\libgcc.a(_prologue.o)
 .data          0x00802037        0x0 c:/program files/atmel/avr studio 5.0/avr toolchain/bin/../lib/gcc/avr/4.5.1/avrxmega2\libgcc.a(_epilogue.o)
 .data          0x00802037        0x0 c:/program files/atmel/avr studio 5.0/avr toolchain/bin/../lib/gcc/avr/4.5.1/avrxmega2\libgcc.a(_clzsi2.o)
 .data          0x00802037        0x0 c:/program files/atmel/avr studio 5.0/avr toolchain/bin/../lib/gcc/avr/4.5.1/avrxmega2\libgcc.a(_pack_sf.o)
 .data          0x00802037        0x0 c:/program files/atmel/avr studio 5.0/avr toolchain/bin/../lib/gcc/avr/4.5.1/avrxmega2\libgcc.a(_unpack_sf.o)
 .data          0x00802037        0x0 c:/program files/atmel/avr studio 5.0/avr toolchain/bin/../lib/gcc/avr/4.5.1/avrxmega2\libgcc.a(_fpcmp_parts_sf.o)
 .data          0x00802037      0x100 c:/program files/atmel/avr studio 5.0/avr toolchain/bin/../lib/gcc/avr/4.5.1/avrxmega2\libgcc.a(_clz.o)
                0x00802037                __clz_tab
 *(.data*)
 *(.rodata)
 *(.rodata*)
 *(.gnu.linkonce.d*)
                0x00802138                . = ALIGN (0x2)
 *fill*         0x00802137        0x1 00
                0x00802138                _edata = .
                0x00802138                PROVIDE (__data_end, .)

.bss            0x00802138      0x10d
                0x00802138                PROVIDE (__bss_start, .)
 *(.bss)
 .bss           0x00802138        0x0 c:/program files/atmel/avr studio 5.0/avr toolchain/bin/../lib/gcc/avr/4.5.1/../../../../avr/lib/avrxmega2/crtx16a4.o
 .bss           0x00802138       0x18 hardware.o
 .bss           0x00802150        0x4 main.o
                0x00802150                tick_count
                0x00802152                LED_count
 .bss           0x00802154       0xed serial_midi.o
 .bss           0x00802241        0x0 xnorMIDI/bytequeue/bytequeue.o
 .bss           0x00802241        0x0 xnorMIDI/bytequeue/interrupt_setting.o
 .bss           0x00802241        0x0 xnorMIDI/midi.o
 .bss           0x00802241        0x0 xnorMIDI/midi_device.o
 .bss           0x00802241        0x0 c:/program files/atmel/avr studio 5.0/avr toolchain/bin/../lib/gcc/avr/4.5.1/avrxmega2\libgcc.a(_mulsi3.o)
 .bss           0x00802241        0x0 c:/program files/atmel/avr studio 5.0/avr toolchain/bin/../lib/gcc/avr/4.5.1/avrxmega2\libgcc.a(_udivmodhi4.o)
 .bss           0x00802241        0x0 c:/program files/atmel/avr studio 5.0/avr toolchain/bin/../lib/gcc/avr/4.5.1/avrxmega2\libgcc.a(_divmodhi4.o)
 .bss           0x00802241        0x0 c:/program files/atmel/avr studio 5.0/avr toolchain/bin/../lib/gcc/avr/4.5.1/avrxmega2\libgcc.a(_udivmodsi4.o)
 .bss           0x00802241        0x0 c:/program files/atmel/avr studio 5.0/avr toolchain/bin/../lib/gcc/avr/4.5.1/avrxmega2\libgcc.a(_exit.o)
 .bss           0x00802241        0x0 c:/program files/atmel/avr studio 5.0/avr toolchain/bin/../lib/gcc/avr/4.5.1/avrxmega2\libgcc.a(_copy_data.o)
 .bss           0x00802241        0x0 c:/program files/atmel/avr studio 5.0/avr toolchain/bin/../lib/gcc/avr/4.5.1/avrxmega2\libgcc.a(_clear_bss.o)
 .bss           0x00802241        0x0 c:/program files/atmel/avr studio 5.0/avr toolchain/bin/../lib/gcc/avr/4.5.1/avrxmega2\libgcc.a(_fixunssfsi.o)
 .bss           0x00802241        0x0 c:/program files/atmel/avr studio 5.0/avr toolchain/bin/../lib/gcc/avr/4.5.1/avrxmega2\libgcc.a(_addsub_sf.o)
 .bss           0x00802241        0x0 c:/program files/atmel/avr studio 5.0/avr toolchain/bin/../lib/gcc/avr/4.5.1/avrxmega2\libgcc.a(_mul_sf.o)
 .bss           0x00802241        0x0 c:/program files/atmel/avr studio 5.0/avr toolchain/bin/../lib/gcc/avr/4.5.1/avrxmega2\libgcc.a(_div_sf.o)
 .bss           0x00802241        0x0 c:/program files/atmel/avr studio 5.0/avr toolchain/bin/../lib/gcc/avr/4.5.1/avrxmega2\libgcc.a(_ge_sf.o)
 .bss           0x00802241        0x0 c:/program files/atmel/avr studio 5.0/avr toolchain/bin/../lib/gcc/avr/4.5.1/avrxmega2\libgcc.a(_sf_to_si.o)
 .bss           0x00802241        0x0 c:/program files/atmel/avr studio 5.0/avr toolchain/bin/../lib/gcc/avr/4.5.1/avrxmega2\libgcc.a(_thenan_sf.o)
 .bss           0x00802241        0x0 c:/program files/atmel/avr studio 5.0/avr toolchain/bin/../lib/gcc/avr/4.5.1/avrxmega2\libgcc.a(_usi_to_sf.o)
 .bss           0x00802241        0x0 c:/program files/atmel/avr studio 5.0/avr toolchain/bin/../lib/gcc/avr/4.5.1/avrxmega2\libgcc.a(_prologue.o)
 .bss           0x00802241        0x0 c:/program files/atmel/avr studio 5.0/avr toolchain/bin/../lib/gcc/avr/4.5.1/avrxmega2\libgcc.a(_epilogue.o)
 .bss           0x00802241        0x0 c:/program files/atmel/avr studio 5.0/avr toolchain/bin/../lib/gcc/avr/4.5.1/avrxmega2\libgcc.a(_clzsi2.o)
 .bss           0x00802241        0x0 c:/program files/atmel/avr studio 5.0/avr toolchain/bin/../lib/gcc/avr/4.5.1/avrxmega2\libgcc.a(_pack_sf.o)
 .bss           0x00802241        0x0 c:/program files/atmel/avr studio 5.0/avr toolchain/bin/../lib/gcc/avr/4.5.1/avrxmega2\libgcc.a(_unpack_sf.o)
 .bss           0x00802241        0x0 c:/program files/atmel/avr studio 5.0/avr toolchain/bin/../lib/gcc/avr/4.5.1/avrxmega2\libgcc.a(_fpcmp_parts_sf.o)
 .bss           0x00802241        0x0 c:/program files/atmel/avr studio 5.0/avr toolchain/bin/../lib/gcc/avr/4.5.1/avrxmega2\libgcc.a(_clz.o)
 *(.bss*)
 *(COMMON)
 COMMON         0x00802241        0x4 main.o
                0x00802241                velocity_out
                0x00802243                note_out
                0x00802245                PROVIDE (__bss_end, .)
                0x0000274a                __data_load_start = LOADADDR (.data)
                0x00002882                __data_load_end = (__data_load_start + SIZEOF (.data))

.noinit         0x00802245        0x0
                0x00802245                PROVIDE (__noinit_start, .)
 *(.noinit*)
                0x00802245                PROVIDE (__noinit_end, .)
                0x00802245                _end = .
                0x00802245                PROVIDE (__heap_start, .)

.eeprom         0x00810000        0x0
 *(.eeprom*)
                0x00810000                __eeprom_end = .

.fuse
 *(.fuse)
 *(.lfuse)
 *(.hfuse)
 *(.efuse)

.lock
 *(.lock*)

.signature
 *(.signature*)

.stab           0x00000000      0x6cc
 *(.stab)
 .stab          0x00000000      0x6cc c:/program files/atmel/avr studio 5.0/avr toolchain/bin/../lib/gcc/avr/4.5.1/../../../../avr/lib/avrxmega2/crtx16a4.o

.stabstr        0x00000000       0x85
 *(.stabstr)
 .stabstr       0x00000000       0x85 c:/program files/atmel/avr studio 5.0/avr toolchain/bin/../lib/gcc/avr/4.5.1/../../../../avr/lib/avrxmega2/crtx16a4.o

.stab.excl
 *(.stab.excl)

.stab.exclstr
 *(.stab.exclstr)

.stab.index
 *(.stab.index)

.stab.indexstr
 *(.stab.indexstr)

.comment
 *(.comment)

.debug
 *(.debug)

.line
 *(.line)

.debug_srcinfo
 *(.debug_srcinfo)

.debug_sfnames
 *(.debug_sfnames)

.debug_aranges  0x00000000      0x240
 *(.debug_aranges)
 .debug_aranges
                0x00000000       0x20 hardware.o
 .debug_aranges
                0x00000020       0x20 main.o
 .debug_aranges
                0x00000040       0x20 serial_midi.o
 .debug_aranges
                0x00000060       0x20 xnorMIDI/bytequeue/bytequeue.o
 .debug_aranges
                0x00000080       0x20 xnorMIDI/bytequeue/interrupt_setting.o
 .debug_aranges
                0x000000a0       0x20 xnorMIDI/midi.o
 .debug_aranges
                0x000000c0       0x20 xnorMIDI/midi_device.o
 .debug_aranges
                0x000000e0       0x20 c:/program files/atmel/avr studio 5.0/avr toolchain/bin/../lib/gcc/avr/4.5.1/avrxmega2\libgcc.a(_fixunssfsi.o)
 .debug_aranges
                0x00000100       0x20 c:/program files/atmel/avr studio 5.0/avr toolchain/bin/../lib/gcc/avr/4.5.1/avrxmega2\libgcc.a(_addsub_sf.o)
 .debug_aranges
                0x00000120       0x20 c:/program files/atmel/avr studio 5.0/avr toolchain/bin/../lib/gcc/avr/4.5.1/avrxmega2\libgcc.a(_mul_sf.o)
 .debug_aranges
                0x00000140       0x20 c:/program files/atmel/avr studio 5.0/avr toolchain/bin/../lib/gcc/avr/4.5.1/avrxmega2\libgcc.a(_div_sf.o)
 .debug_aranges
                0x00000160       0x20 c:/program files/atmel/avr studio 5.0/avr toolchain/bin/../lib/gcc/avr/4.5.1/avrxmega2\libgcc.a(_ge_sf.o)
 .debug_aranges
                0x00000180       0x20 c:/program files/atmel/avr studio 5.0/avr toolchain/bin/../lib/gcc/avr/4.5.1/avrxmega2\libgcc.a(_sf_to_si.o)
 .debug_aranges
                0x000001a0       0x20 c:/program files/atmel/avr studio 5.0/avr toolchain/bin/../lib/gcc/avr/4.5.1/avrxmega2\libgcc.a(_usi_to_sf.o)
 .debug_aranges
                0x000001c0       0x20 c:/program files/atmel/avr studio 5.0/avr toolchain/bin/../lib/gcc/avr/4.5.1/avrxmega2\libgcc.a(_clzsi2.o)
 .debug_aranges
                0x000001e0       0x20 c:/program files/atmel/avr studio 5.0/avr toolchain/bin/../lib/gcc/avr/4.5.1/avrxmega2\libgcc.a(_pack_sf.o)
 .debug_aranges
                0x00000200       0x20 c:/program files/atmel/avr studio 5.0/avr toolchain/bin/../lib/gcc/avr/4.5.1/avrxmega2\libgcc.a(_unpack_sf.o)
 .debug_aranges
                0x00000220       0x20 c:/program files/atmel/avr studio 5.0/avr toolchain/bin/../lib/gcc/avr/4.5.1/avrxmega2\libgcc.a(_fpcmp_parts_sf.o)

.debug_pubnames
                0x00000000      0xa3b
 *(.debug_pubnames)
 .debug_pubnames
                0x00000000      0x126 hardware.o
 .debug_pubnames
                0x00000126      0x12e main.o
 .debug_pubnames
                0x00000254       0x53 serial_midi.o
 .debug_pubnames
                0x000002a7       0x77 xnorMIDI/bytequeue/bytequeue.o
 .debug_pubnames
                0x0000031e       0x4e xnorMIDI/bytequeue/interrupt_setting.o
 .debug_pubnames
                0x0000036c      0x44c xnorMIDI/midi.o
 .debug_pubnames
                0x000007b8       0xcd xnorMIDI/midi_device.o
 .debug_pubnames
                0x00000885       0x23 c:/program files/atmel/avr studio 5.0/avr toolchain/bin/../lib/gcc/avr/4.5.1/avrxmega2\libgcc.a(_fixunssfsi.o)
 .debug_pubnames
                0x000008a8       0x2c c:/program files/atmel/avr studio 5.0/avr toolchain/bin/../lib/gcc/avr/4.5.1/avrxmega2\libgcc.a(_addsub_sf.o)
 .debug_pubnames
                0x000008d4       0x1f c:/program files/atmel/avr studio 5.0/avr toolchain/bin/../lib/gcc/avr/4.5.1/avrxmega2\libgcc.a(_mul_sf.o)
 .debug_pubnames
                0x000008f3       0x1f c:/program files/atmel/avr studio 5.0/avr toolchain/bin/../lib/gcc/avr/4.5.1/avrxmega2\libgcc.a(_div_sf.o)
 .debug_pubnames
                0x00000912       0x1e c:/program files/atmel/avr studio 5.0/avr toolchain/bin/../lib/gcc/avr/4.5.1/avrxmega2\libgcc.a(_ge_sf.o)
 .debug_pubnames
                0x00000930       0x20 c:/program files/atmel/avr studio 5.0/avr toolchain/bin/../lib/gcc/avr/4.5.1/avrxmega2\libgcc.a(_sf_to_si.o)
 .debug_pubnames
                0x00000950       0x22 c:/program files/atmel/avr studio 5.0/avr toolchain/bin/../lib/gcc/avr/4.5.1/avrxmega2\libgcc.a(_thenan_sf.o)
 .debug_pubnames
                0x00000972       0x24 c:/program files/atmel/avr studio 5.0/avr toolchain/bin/../lib/gcc/avr/4.5.1/avrxmega2\libgcc.a(_usi_to_sf.o)
 .debug_pubnames
                0x00000996       0x1f c:/program files/atmel/avr studio 5.0/avr toolchain/bin/../lib/gcc/avr/4.5.1/avrxmega2\libgcc.a(_clzsi2.o)
 .debug_pubnames
                0x000009b5       0x1f c:/program files/atmel/avr studio 5.0/avr toolchain/bin/../lib/gcc/avr/4.5.1/avrxmega2\libgcc.a(_pack_sf.o)
 .debug_pubnames
                0x000009d4       0x21 c:/program files/atmel/avr studio 5.0/avr toolchain/bin/../lib/gcc/avr/4.5.1/avrxmega2\libgcc.a(_unpack_sf.o)
 .debug_pubnames
                0x000009f5       0x26 c:/program files/atmel/avr studio 5.0/avr toolchain/bin/../lib/gcc/avr/4.5.1/avrxmega2\libgcc.a(_fpcmp_parts_sf.o)
 .debug_pubnames
                0x00000a1b       0x20 c:/program files/atmel/avr studio 5.0/avr toolchain/bin/../lib/gcc/avr/4.5.1/avrxmega2\libgcc.a(_clz.o)

.debug_info     0x00000000     0x52e5
 *(.debug_info)
 .debug_info    0x00000000      0xcf5 hardware.o
 .debug_info    0x00000cf5      0xdf0 main.o
 .debug_info    0x00001ae5      0x477 serial_midi.o
 .debug_info    0x00001f5c      0x23e xnorMIDI/bytequeue/bytequeue.o
 .debug_info    0x0000219a       0xc2 xnorMIDI/bytequeue/interrupt_setting.o
 .debug_info    0x0000225c      0xc6b xnorMIDI/midi.o
 .debug_info    0x00002ec7      0x5ea xnorMIDI/midi_device.o
 .debug_info    0x000034b1       0xbd c:/program files/atmel/avr studio 5.0/avr toolchain/bin/../lib/gcc/avr/4.5.1/avrxmega2\libgcc.a(_fixunssfsi.o)
 .debug_info    0x0000356e      0x455 c:/program files/atmel/avr studio 5.0/avr toolchain/bin/../lib/gcc/avr/4.5.1/avrxmega2\libgcc.a(_addsub_sf.o)
 .debug_info    0x000039c3      0x3ec c:/program files/atmel/avr studio 5.0/avr toolchain/bin/../lib/gcc/avr/4.5.1/avrxmega2\libgcc.a(_mul_sf.o)
 .debug_info    0x00003daf      0x37f c:/program files/atmel/avr studio 5.0/avr toolchain/bin/../lib/gcc/avr/4.5.1/avrxmega2\libgcc.a(_div_sf.o)
 .debug_info    0x0000412e      0x28a c:/program files/atmel/avr studio 5.0/avr toolchain/bin/../lib/gcc/avr/4.5.1/avrxmega2\libgcc.a(_ge_sf.o)
 .debug_info    0x000043b8      0x2a5 c:/program files/atmel/avr studio 5.0/avr toolchain/bin/../lib/gcc/avr/4.5.1/avrxmega2\libgcc.a(_sf_to_si.o)
 .debug_info    0x0000465d      0x15e c:/program files/atmel/avr studio 5.0/avr toolchain/bin/../lib/gcc/avr/4.5.1/avrxmega2\libgcc.a(_thenan_sf.o)
 .debug_info    0x000047bb      0x232 c:/program files/atmel/avr studio 5.0/avr toolchain/bin/../lib/gcc/avr/4.5.1/avrxmega2\libgcc.a(_usi_to_sf.o)
 .debug_info    0x000049ed      0x12c c:/program files/atmel/avr studio 5.0/avr toolchain/bin/../lib/gcc/avr/4.5.1/avrxmega2\libgcc.a(_clzsi2.o)
 .debug_info    0x00004b19      0x2d9 c:/program files/atmel/avr studio 5.0/avr toolchain/bin/../lib/gcc/avr/4.5.1/avrxmega2\libgcc.a(_pack_sf.o)
 .debug_info    0x00004df2      0x25c c:/program files/atmel/avr studio 5.0/avr toolchain/bin/../lib/gcc/avr/4.5.1/avrxmega2\libgcc.a(_unpack_sf.o)
 .debug_info    0x0000504e      0x1f1 c:/program files/atmel/avr studio 5.0/avr toolchain/bin/../lib/gcc/avr/4.5.1/avrxmega2\libgcc.a(_fpcmp_parts_sf.o)
 .debug_info    0x0000523f       0xa6 c:/program files/atmel/avr studio 5.0/avr toolchain/bin/../lib/gcc/avr/4.5.1/avrxmega2\libgcc.a(_clz.o)
 *(.gnu.linkonce.wi.*)

.debug_abbrev   0x00000000     0x19d5
 *(.debug_abbrev)
 .debug_abbrev  0x00000000      0x25b hardware.o
 .debug_abbrev  0x0000025b      0x22e main.o
 .debug_abbrev  0x00000489      0x16c serial_midi.o
 .debug_abbrev  0x000005f5       0xec xnorMIDI/bytequeue/bytequeue.o
 .debug_abbrev  0x000006e1       0x83 xnorMIDI/bytequeue/interrupt_setting.o
 .debug_abbrev  0x00000764      0x17c xnorMIDI/midi.o
 .debug_abbrev  0x000008e0      0x153 xnorMIDI/midi_device.o
 .debug_abbrev  0x00000a33       0x5d c:/program files/atmel/avr studio 5.0/avr toolchain/bin/../lib/gcc/avr/4.5.1/avrxmega2\libgcc.a(_fixunssfsi.o)
 .debug_abbrev  0x00000a90      0x1af c:/program files/atmel/avr studio 5.0/avr toolchain/bin/../lib/gcc/avr/4.5.1/avrxmega2\libgcc.a(_addsub_sf.o)
 .debug_abbrev  0x00000c3f      0x1d9 c:/program files/atmel/avr studio 5.0/avr toolchain/bin/../lib/gcc/avr/4.5.1/avrxmega2\libgcc.a(_mul_sf.o)
 .debug_abbrev  0x00000e18      0x1c4 c:/program files/atmel/avr studio 5.0/avr toolchain/bin/../lib/gcc/avr/4.5.1/avrxmega2\libgcc.a(_div_sf.o)
 .debug_abbrev  0x00000fdc      0x151 c:/program files/atmel/avr studio 5.0/avr toolchain/bin/../lib/gcc/avr/4.5.1/avrxmega2\libgcc.a(_ge_sf.o)
 .debug_abbrev  0x0000112d      0x160 c:/program files/atmel/avr studio 5.0/avr toolchain/bin/../lib/gcc/avr/4.5.1/avrxmega2\libgcc.a(_sf_to_si.o)
 .debug_abbrev  0x0000128d       0xcb c:/program files/atmel/avr studio 5.0/avr toolchain/bin/../lib/gcc/avr/4.5.1/avrxmega2\libgcc.a(_thenan_sf.o)
 .debug_abbrev  0x00001358      0x173 c:/program files/atmel/avr studio 5.0/avr toolchain/bin/../lib/gcc/avr/4.5.1/avrxmega2\libgcc.a(_usi_to_sf.o)
 .debug_abbrev  0x000014cb       0xce c:/program files/atmel/avr studio 5.0/avr toolchain/bin/../lib/gcc/avr/4.5.1/avrxmega2\libgcc.a(_clzsi2.o)
 .debug_abbrev  0x00001599      0x185 c:/program files/atmel/avr studio 5.0/avr toolchain/bin/../lib/gcc/avr/4.5.1/avrxmega2\libgcc.a(_pack_sf.o)
 .debug_abbrev  0x0000171e      0x14b c:/program files/atmel/avr studio 5.0/avr toolchain/bin/../lib/gcc/avr/4.5.1/avrxmega2\libgcc.a(_unpack_sf.o)
 .debug_abbrev  0x00001869      0x10b c:/program files/atmel/avr studio 5.0/avr toolchain/bin/../lib/gcc/avr/4.5.1/avrxmega2\libgcc.a(_fpcmp_parts_sf.o)
 .debug_abbrev  0x00001974       0x61 c:/program files/atmel/avr studio 5.0/avr toolchain/bin/../lib/gcc/avr/4.5.1/avrxmega2\libgcc.a(_clz.o)

.debug_line     0x00000000     0x33cc
 *(.debug_line)
 .debug_line    0x00000000      0x689 hardware.o
 .debug_line    0x00000689      0xa9b main.o
 .debug_line    0x00001124      0x22c serial_midi.o
 .debug_line    0x00001350      0x1ea xnorMIDI/bytequeue/bytequeue.o
 .debug_line    0x0000153a      0x12b xnorMIDI/bytequeue/interrupt_setting.o
 .debug_line    0x00001665      0x51a xnorMIDI/midi.o
 .debug_line    0x00001b7f      0x53b xnorMIDI/midi_device.o
 .debug_line    0x000020ba       0xc9 c:/program files/atmel/avr studio 5.0/avr toolchain/bin/../lib/gcc/avr/4.5.1/avrxmega2\libgcc.a(_fixunssfsi.o)
 .debug_line    0x00002183      0x2ee c:/program files/atmel/avr studio 5.0/avr toolchain/bin/../lib/gcc/avr/4.5.1/avrxmega2\libgcc.a(_addsub_sf.o)
 .debug_line    0x00002471      0x28a c:/program files/atmel/avr studio 5.0/avr toolchain/bin/../lib/gcc/avr/4.5.1/avrxmega2\libgcc.a(_mul_sf.o)
 .debug_line    0x000026fb      0x210 c:/program files/atmel/avr studio 5.0/avr toolchain/bin/../lib/gcc/avr/4.5.1/avrxmega2\libgcc.a(_div_sf.o)
 .debug_line    0x0000290b      0x105 c:/program files/atmel/avr studio 5.0/avr toolchain/bin/../lib/gcc/avr/4.5.1/avrxmega2\libgcc.a(_ge_sf.o)
 .debug_line    0x00002a10      0x13f c:/program files/atmel/avr studio 5.0/avr toolchain/bin/../lib/gcc/avr/4.5.1/avrxmega2\libgcc.a(_sf_to_si.o)
 .debug_line    0x00002b4f       0xb2 c:/program files/atmel/avr studio 5.0/avr toolchain/bin/../lib/gcc/avr/4.5.1/avrxmega2\libgcc.a(_thenan_sf.o)
 .debug_line    0x00002c01      0x15b c:/program files/atmel/avr studio 5.0/avr toolchain/bin/../lib/gcc/avr/4.5.1/avrxmega2\libgcc.a(_usi_to_sf.o)
 .debug_line    0x00002d5c       0xef c:/program files/atmel/avr studio 5.0/avr toolchain/bin/../lib/gcc/avr/4.5.1/avrxmega2\libgcc.a(_clzsi2.o)
 .debug_line    0x00002e4b      0x1f5 c:/program files/atmel/avr studio 5.0/avr toolchain/bin/../lib/gcc/avr/4.5.1/avrxmega2\libgcc.a(_pack_sf.o)
 .debug_line    0x00003040      0x175 c:/program files/atmel/avr studio 5.0/avr toolchain/bin/../lib/gcc/avr/4.5.1/avrxmega2\libgcc.a(_unpack_sf.o)
 .debug_line    0x000031b5      0x179 c:/program files/atmel/avr studio 5.0/avr toolchain/bin/../lib/gcc/avr/4.5.1/avrxmega2\libgcc.a(_fpcmp_parts_sf.o)
 .debug_line    0x0000332e       0x9e c:/program files/atmel/avr studio 5.0/avr toolchain/bin/../lib/gcc/avr/4.5.1/avrxmega2\libgcc.a(_clz.o)

.debug_frame    0x00000000      0x6f0
 *(.debug_frame)
 .debug_frame   0x00000000       0xc0 hardware.o
 .debug_frame   0x000000c0       0xf0 main.o
 .debug_frame   0x000001b0       0x40 serial_midi.o
 .debug_frame   0x000001f0       0x60 xnorMIDI/bytequeue/bytequeue.o
 .debug_frame   0x00000250       0x30 xnorMIDI/bytequeue/interrupt_setting.o
 .debug_frame   0x00000280      0x270 xnorMIDI/midi.o
 .debug_frame   0x000004f0       0x80 xnorMIDI/midi_device.o
 .debug_frame   0x00000570       0x20 c:/program files/atmel/avr studio 5.0/avr toolchain/bin/../lib/gcc/avr/4.5.1/avrxmega2\libgcc.a(_fixunssfsi.o)
 .debug_frame   0x00000590       0x40 c:/program files/atmel/avr studio 5.0/avr toolchain/bin/../lib/gcc/avr/4.5.1/avrxmega2\libgcc.a(_addsub_sf.o)
 .debug_frame   0x000005d0       0x20 c:/program files/atmel/avr studio 5.0/avr toolchain/bin/../lib/gcc/avr/4.5.1/avrxmega2\libgcc.a(_mul_sf.o)
 .debug_frame   0x000005f0       0x20 c:/program files/atmel/avr studio 5.0/avr toolchain/bin/../lib/gcc/avr/4.5.1/avrxmega2\libgcc.a(_div_sf.o)
 .debug_frame   0x00000610       0x20 c:/program files/atmel/avr studio 5.0/avr toolchain/bin/../lib/gcc/avr/4.5.1/avrxmega2\libgcc.a(_ge_sf.o)
 .debug_frame   0x00000630       0x20 c:/program files/atmel/avr studio 5.0/avr toolchain/bin/../lib/gcc/avr/4.5.1/avrxmega2\libgcc.a(_sf_to_si.o)
 .debug_frame   0x00000650       0x20 c:/program files/atmel/avr studio 5.0/avr toolchain/bin/../lib/gcc/avr/4.5.1/avrxmega2\libgcc.a(_usi_to_sf.o)
 .debug_frame   0x00000670       0x20 c:/program files/atmel/avr studio 5.0/avr toolchain/bin/../lib/gcc/avr/4.5.1/avrxmega2\libgcc.a(_clzsi2.o)
 .debug_frame   0x00000690       0x20 c:/program files/atmel/avr studio 5.0/avr toolchain/bin/../lib/gcc/avr/4.5.1/avrxmega2\libgcc.a(_pack_sf.o)
 .debug_frame   0x000006b0       0x20 c:/program files/atmel/avr studio 5.0/avr toolchain/bin/../lib/gcc/avr/4.5.1/avrxmega2\libgcc.a(_unpack_sf.o)
 .debug_frame   0x000006d0       0x20 c:/program files/atmel/avr studio 5.0/avr toolchain/bin/../lib/gcc/avr/4.5.1/avrxmega2\libgcc.a(_fpcmp_parts_sf.o)

.debug_str      0x00000000     0x170b
 *(.debug_str)
 .debug_str     0x00000000      0x693 hardware.o
                                0x773 (size before relaxing)
 .debug_str     0x00000693      0x414 main.o
                                0x62d (size before relaxing)
 .debug_str     0x00000aa7      0x30a serial_midi.o
                                0x48d (size before relaxing)
 .debug_str     0x00000db1      0x113 xnorMIDI/bytequeue/bytequeue.o
                                0x1d1 (size before relaxing)
 .debug_str     0x00000ec4       0x63 xnorMIDI/bytequeue/interrupt_setting.o
                                0x15c (size before relaxing)
 .debug_str     0x00000f27      0x413 xnorMIDI/midi.o
                                0x804 (size before relaxing)
 .debug_str     0x0000133a       0xd6 xnorMIDI/midi_device.o
                                0x4e2 (size before relaxing)
 .debug_str     0x00001410       0xdc c:/program files/atmel/avr studio 5.0/avr toolchain/bin/../lib/gcc/avr/4.5.1/avrxmega2\libgcc.a(_fixunssfsi.o)
                                0x161 (size before relaxing)
 .debug_str     0x000014ec      0x14f c:/program files/atmel/avr studio 5.0/avr toolchain/bin/../lib/gcc/avr/4.5.1/avrxmega2\libgcc.a(_addsub_sf.o)
                                0x248 (size before relaxing)
 .debug_str     0x0000163b       0x27 c:/program files/atmel/avr studio 5.0/avr toolchain/bin/../lib/gcc/avr/4.5.1/avrxmega2\libgcc.a(_mul_sf.o)
                                0x201 (size before relaxing)
 .debug_str     0x00001662       0x2b c:/program files/atmel/avr studio 5.0/avr toolchain/bin/../lib/gcc/avr/4.5.1/avrxmega2\libgcc.a(_div_sf.o)
                                0x20a (size before relaxing)
 .debug_str     0x0000168d        0x8 c:/program files/atmel/avr studio 5.0/avr toolchain/bin/../lib/gcc/avr/4.5.1/avrxmega2\libgcc.a(_ge_sf.o)
                                0x1cf (size before relaxing)
 .debug_str     0x00001695        0xa c:/program files/atmel/avr studio 5.0/avr toolchain/bin/../lib/gcc/avr/4.5.1/avrxmega2\libgcc.a(_sf_to_si.o)
                                0x1d8 (size before relaxing)
 .debug_str     0x00000000      0x17a c:/program files/atmel/avr studio 5.0/avr toolchain/bin/../lib/gcc/avr/4.5.1/avrxmega2\libgcc.a(_thenan_sf.o)
 .debug_str     0x0000169f       0x2a c:/program files/atmel/avr studio 5.0/avr toolchain/bin/../lib/gcc/avr/4.5.1/avrxmega2\libgcc.a(_usi_to_sf.o)
                                0x1ba (size before relaxing)
 .debug_str     0x000016c9       0x17 c:/program files/atmel/avr studio 5.0/avr toolchain/bin/../lib/gcc/avr/4.5.1/avrxmega2\libgcc.a(_clzsi2.o)
                                0x16d (size before relaxing)
 .debug_str     0x000016e0       0x10 c:/program files/atmel/avr studio 5.0/avr toolchain/bin/../lib/gcc/avr/4.5.1/avrxmega2\libgcc.a(_pack_sf.o)
                                0x1d7 (size before relaxing)
 .debug_str     0x000016f0        0xb c:/program files/atmel/avr studio 5.0/avr toolchain/bin/../lib/gcc/avr/4.5.1/avrxmega2\libgcc.a(_unpack_sf.o)
                                0x1b9 (size before relaxing)
 .debug_str     0x000016fb       0x10 c:/program files/atmel/avr studio 5.0/avr toolchain/bin/../lib/gcc/avr/4.5.1/avrxmega2\libgcc.a(_fpcmp_parts_sf.o)
                                0x19d (size before relaxing)
 .debug_str     0x00000000      0x150 c:/program files/atmel/avr studio 5.0/avr toolchain/bin/../lib/gcc/avr/4.5.1/avrxmega2\libgcc.a(_clz.o)

.debug_loc      0x00000000     0x2105
 *(.debug_loc)
 .debug_loc     0x00000000      0x23c hardware.o
 .debug_loc     0x0000023c      0x759 main.o
 .debug_loc     0x00000995       0x37 serial_midi.o
 .debug_loc     0x000009cc      0x151 xnorMIDI/bytequeue/bytequeue.o
 .debug_loc     0x00000b1d      0x4a2 xnorMIDI/midi.o
 .debug_loc     0x00000fbf      0x469 xnorMIDI/midi_device.o
 .debug_loc     0x00001428       0x34 c:/program files/atmel/avr studio 5.0/avr toolchain/bin/../lib/gcc/avr/4.5.1/avrxmega2\libgcc.a(_fixunssfsi.o)
 .debug_loc     0x0000145c      0x31d c:/program files/atmel/avr studio 5.0/avr toolchain/bin/../lib/gcc/avr/4.5.1/avrxmega2\libgcc.a(_addsub_sf.o)
 .debug_loc     0x00001779      0x2a4 c:/program files/atmel/avr studio 5.0/avr toolchain/bin/../lib/gcc/avr/4.5.1/avrxmega2\libgcc.a(_mul_sf.o)
 .debug_loc     0x00001a1d      0x1ac c:/program files/atmel/avr studio 5.0/avr toolchain/bin/../lib/gcc/avr/4.5.1/avrxmega2\libgcc.a(_div_sf.o)
 .debug_loc     0x00001bc9       0x48 c:/program files/atmel/avr studio 5.0/avr toolchain/bin/../lib/gcc/avr/4.5.1/avrxmega2\libgcc.a(_ge_sf.o)
 .debug_loc     0x00001c11       0x56 c:/program files/atmel/avr studio 5.0/avr toolchain/bin/../lib/gcc/avr/4.5.1/avrxmega2\libgcc.a(_sf_to_si.o)
 .debug_loc     0x00001c67       0x96 c:/program files/atmel/avr studio 5.0/avr toolchain/bin/../lib/gcc/avr/4.5.1/avrxmega2\libgcc.a(_usi_to_sf.o)
 .debug_loc     0x00001cfd       0xb2 c:/program files/atmel/avr studio 5.0/avr toolchain/bin/../lib/gcc/avr/4.5.1/avrxmega2\libgcc.a(_clzsi2.o)
 .debug_loc     0x00001daf      0x1f5 c:/program files/atmel/avr studio 5.0/avr toolchain/bin/../lib/gcc/avr/4.5.1/avrxmega2\libgcc.a(_pack_sf.o)
 .debug_loc     0x00001fa4      0x111 c:/program files/atmel/avr studio 5.0/avr toolchain/bin/../lib/gcc/avr/4.5.1/avrxmega2\libgcc.a(_unpack_sf.o)
 .debug_loc     0x000020b5       0x50 c:/program files/atmel/avr studio 5.0/avr toolchain/bin/../lib/gcc/avr/4.5.1/avrxmega2\libgcc.a(_fpcmp_parts_sf.o)

.debug_macinfo
 *(.debug_macinfo)
OUTPUT(GnarpAVRSTUDIO.elf elf32-avr)
LOAD linker stubs

.debug_pubtypes
                0x00000000      0xacf
 .debug_pubtypes
                0x00000000      0x107 hardware.o
 .debug_pubtypes
                0x00000107       0x6e main.o
 .debug_pubtypes
                0x00000175      0x11d serial_midi.o
 .debug_pubtypes
                0x00000292       0x5b xnorMIDI/bytequeue/bytequeue.o
 .debug_pubtypes
                0x000002ed       0x36 xnorMIDI/bytequeue/interrupt_setting.o
 .debug_pubtypes
                0x00000323      0x125 xnorMIDI/midi.o
 .debug_pubtypes
                0x00000448      0x100 xnorMIDI/midi_device.o
 .debug_pubtypes
                0x00000548       0x34 c:/program files/atmel/avr studio 5.0/avr toolchain/bin/../lib/gcc/avr/4.5.1/avrxmega2\libgcc.a(_fixunssfsi.o)
 .debug_pubtypes
                0x0000057c       0x9d c:/program files/atmel/avr studio 5.0/avr toolchain/bin/../lib/gcc/avr/4.5.1/avrxmega2\libgcc.a(_addsub_sf.o)
 .debug_pubtypes
                0x00000619       0x86 c:/program files/atmel/avr studio 5.0/avr toolchain/bin/../lib/gcc/avr/4.5.1/avrxmega2\libgcc.a(_mul_sf.o)
 .debug_pubtypes
                0x0000069f       0x86 c:/program files/atmel/avr studio 5.0/avr toolchain/bin/../lib/gcc/avr/4.5.1/avrxmega2\libgcc.a(_div_sf.o)
 .debug_pubtypes
                0x00000725       0x91 c:/program files/atmel/avr studio 5.0/avr toolchain/bin/../lib/gcc/avr/4.5.1/avrxmega2\libgcc.a(_ge_sf.o)
 .debug_pubtypes
                0x000007b6       0x91 c:/program files/atmel/avr studio 5.0/avr toolchain/bin/../lib/gcc/avr/4.5.1/avrxmega2\libgcc.a(_sf_to_si.o)
 .debug_pubtypes
                0x00000847       0x5b c:/program files/atmel/avr studio 5.0/avr toolchain/bin/../lib/gcc/avr/4.5.1/avrxmega2\libgcc.a(_thenan_sf.o)
 .debug_pubtypes
                0x000008a2       0x73 c:/program files/atmel/avr studio 5.0/avr toolchain/bin/../lib/gcc/avr/4.5.1/avrxmega2\libgcc.a(_usi_to_sf.o)
 .debug_pubtypes
                0x00000915       0x35 c:/program files/atmel/avr studio 5.0/avr toolchain/bin/../lib/gcc/avr/4.5.1/avrxmega2\libgcc.a(_clzsi2.o)
 .debug_pubtypes
                0x0000094a       0x86 c:/program files/atmel/avr studio 5.0/avr toolchain/bin/../lib/gcc/avr/4.5.1/avrxmega2\libgcc.a(_pack_sf.o)
 .debug_pubtypes
                0x000009d0       0x86 c:/program files/atmel/avr studio 5.0/avr toolchain/bin/../lib/gcc/avr/4.5.1/avrxmega2\libgcc.a(_unpack_sf.o)
 .debug_pubtypes
                0x00000a56       0x5b c:/program files/atmel/avr studio 5.0/avr toolchain/bin/../lib/gcc/avr/4.5.1/avrxmega2\libgcc.a(_fpcmp_parts_sf.o)
 .debug_pubtypes
                0x00000ab1       0x1e c:/program files/atmel/avr studio 5.0/avr toolchain/bin/../lib/gcc/avr/4.5.1/avrxmega2\libgcc.a(_clz.o)

.debug_ranges   0x00000000       0xf8
 .debug_ranges  0x00000000       0x60 hardware.o
 .debug_ranges  0x00000060       0x30 main.o
 .debug_ranges  0x00000090       0x30 c:/program files/atmel/avr studio 5.0/avr toolchain/bin/../lib/gcc/avr/4.5.1/avrxmega2\libgcc.a(_mul_sf.o)
 .debug_ranges  0x000000c0       0x38 c:/program files/atmel/avr studio 5.0/avr toolchain/bin/../lib/gcc/avr/4.5.1/avrxmega2\libgcc.a(_div_sf.o)
