Archive member included because of file (symbol)

c:/program files/atmel/avr studio 5.0/avr toolchain/bin/../lib/gcc/avr/4.5.1/avrxmega2\libgcc.a(_mulsi3.o)
                              main.o (__mulsi3)
c:/program files/atmel/avr studio 5.0/avr toolchain/bin/../lib/gcc/avr/4.5.1/avrxmega2\libgcc.a(_udivmodhi4.o)
                              main.o (__udivmodhi4)
c:/program files/atmel/avr studio 5.0/avr toolchain/bin/../lib/gcc/avr/4.5.1/avrxmega2\libgcc.a(_divmodhi4.o)
                              main.o (__divmodhi4)
c:/program files/atmel/avr studio 5.0/avr toolchain/bin/../lib/gcc/avr/4.5.1/avrxmega2\libgcc.a(_exit.o)
                              c:/program files/atmel/avr studio 5.0/avr toolchain/bin/../lib/gcc/avr/4.5.1/../../../../avr/lib/avrxmega2/crtx16a4.o (exit)
c:/program files/atmel/avr studio 5.0/avr toolchain/bin/../lib/gcc/avr/4.5.1/avrxmega2\libgcc.a(_clear_bss.o)
                              main.o (__do_clear_bss)
c:/program files/atmel/avr studio 5.0/avr toolchain/bin/../lib/gcc/avr/4.5.1/avrxmega2\libgcc.a(_fixunssfsi.o)
                              main.o (__fixunssfsi)
c:/program files/atmel/avr studio 5.0/avr toolchain/bin/../lib/gcc/avr/4.5.1/avrxmega2\libgcc.a(_addsub_sf.o)
                              c:/program files/atmel/avr studio 5.0/avr toolchain/bin/../lib/gcc/avr/4.5.1/avrxmega2\libgcc.a(_fixunssfsi.o) (__subsf3)
c:/program files/atmel/avr studio 5.0/avr toolchain/bin/../lib/gcc/avr/4.5.1/avrxmega2\libgcc.a(_mul_sf.o)
                              main.o (__mulsf3)
c:/program files/atmel/avr studio 5.0/avr toolchain/bin/../lib/gcc/avr/4.5.1/avrxmega2\libgcc.a(_div_sf.o)
                              main.o (__divsf3)
c:/program files/atmel/avr studio 5.0/avr toolchain/bin/../lib/gcc/avr/4.5.1/avrxmega2\libgcc.a(_ge_sf.o)
                              c:/program files/atmel/avr studio 5.0/avr toolchain/bin/../lib/gcc/avr/4.5.1/avrxmega2\libgcc.a(_fixunssfsi.o) (__gesf2)
c:/program files/atmel/avr studio 5.0/avr toolchain/bin/../lib/gcc/avr/4.5.1/avrxmega2\libgcc.a(_sf_to_si.o)
                              c:/program files/atmel/avr studio 5.0/avr toolchain/bin/../lib/gcc/avr/4.5.1/avrxmega2\libgcc.a(_fixunssfsi.o) (__fixsfsi)
c:/program files/atmel/avr studio 5.0/avr toolchain/bin/../lib/gcc/avr/4.5.1/avrxmega2\libgcc.a(_thenan_sf.o)
                              c:/program files/atmel/avr studio 5.0/avr toolchain/bin/../lib/gcc/avr/4.5.1/avrxmega2\libgcc.a(_addsub_sf.o) (__thenan_sf)
c:/program files/atmel/avr studio 5.0/avr toolchain/bin/../lib/gcc/avr/4.5.1/avrxmega2\libgcc.a(_usi_to_sf.o)
                              main.o (__floatunsisf)
c:/program files/atmel/avr studio 5.0/avr toolchain/bin/../lib/gcc/avr/4.5.1/avrxmega2\libgcc.a(_prologue.o)
                              c:/program files/atmel/avr studio 5.0/avr toolchain/bin/../lib/gcc/avr/4.5.1/avrxmega2\libgcc.a(_addsub_sf.o) (__prologue_saves__)
c:/program files/atmel/avr studio 5.0/avr toolchain/bin/../lib/gcc/avr/4.5.1/avrxmega2\libgcc.a(_epilogue.o)
                              c:/program files/atmel/avr studio 5.0/avr toolchain/bin/../lib/gcc/avr/4.5.1/avrxmega2\libgcc.a(_addsub_sf.o) (__epilogue_restores__)
c:/program files/atmel/avr studio 5.0/avr toolchain/bin/../lib/gcc/avr/4.5.1/avrxmega2\libgcc.a(_copy_data.o)
                              c:/program files/atmel/avr studio 5.0/avr toolchain/bin/../lib/gcc/avr/4.5.1/avrxmega2\libgcc.a(_thenan_sf.o) (__do_copy_data)
c:/program files/atmel/avr studio 5.0/avr toolchain/bin/../lib/gcc/avr/4.5.1/avrxmega2\libgcc.a(_clzsi2.o)
                              c:/program files/atmel/avr studio 5.0/avr toolchain/bin/../lib/gcc/avr/4.5.1/avrxmega2\libgcc.a(_usi_to_sf.o) (__clzsi2)
c:/program files/atmel/avr studio 5.0/avr toolchain/bin/../lib/gcc/avr/4.5.1/avrxmega2\libgcc.a(_pack_sf.o)
                              c:/program files/atmel/avr studio 5.0/avr toolchain/bin/../lib/gcc/avr/4.5.1/avrxmega2\libgcc.a(_addsub_sf.o) (__pack_f)
c:/program files/atmel/avr studio 5.0/avr toolchain/bin/../lib/gcc/avr/4.5.1/avrxmega2\libgcc.a(_unpack_sf.o)
                              c:/program files/atmel/avr studio 5.0/avr toolchain/bin/../lib/gcc/avr/4.5.1/avrxmega2\libgcc.a(_addsub_sf.o) (__unpack_f)
c:/program files/atmel/avr studio 5.0/avr toolchain/bin/../lib/gcc/avr/4.5.1/avrxmega2\libgcc.a(_fpcmp_parts_sf.o)
                              c:/program files/atmel/avr studio 5.0/avr toolchain/bin/../lib/gcc/avr/4.5.1/avrxmega2\libgcc.a(_ge_sf.o) (__fpcmp_parts_f)
c:/program files/atmel/avr studio 5.0/avr toolchain/bin/../lib/gcc/avr/4.5.1/avrxmega2\libgcc.a(_clz.o)
                              c:/program files/atmel/avr studio 5.0/avr toolchain/bin/../lib/gcc/avr/4.5.1/avrxmega2\libgcc.a(_clzsi2.o) (__clz_tab)

Memory Configuration

Name             Origin             Length             Attributes
text             0x00000000         0x00100000         xr
data             0x00802000         0x0000ffa0         rw !x
eeprom           0x00810000         0x00010000         rw !x
fuse             0x00820000         0x00000400         rw !x
lock             0x00830000         0x00000400         rw !x
signature        0x00840000         0x00000400         rw !x
*default*        0x00000000         0xffffffff

Linker script and memory map

LOAD c:/program files/atmel/avr studio 5.0/avr toolchain/bin/../lib/gcc/avr/4.5.1/../../../../avr/lib/avrxmega2/crtx16a4.o
LOAD main.o
LOAD c:/program files/atmel/avr studio 5.0/avr toolchain/bin/../lib/gcc/avr/4.5.1/avrxmega2\libgcc.a
LOAD c:/program files/atmel/avr studio 5.0/avr toolchain/bin/../lib/gcc/avr/4.5.1/../../../../avr/lib/avrxmega2\libc.a
LOAD c:/program files/atmel/avr studio 5.0/avr toolchain/bin/../lib/gcc/avr/4.5.1/avrxmega2\libgcc.a

.hash
 *(.hash)

.dynsym
 *(.dynsym)

.dynstr
 *(.dynstr)

.gnu.version
 *(.gnu.version)

.gnu.version_d
 *(.gnu.version_d)

.gnu.version_r
 *(.gnu.version_r)

.rel.init
 *(.rel.init)

.rela.init
 *(.rela.init)

.rel.text
 *(.rel.text)
 *(.rel.text.*)
 *(.rel.gnu.linkonce.t*)

.rela.text
 *(.rela.text)
 *(.rela.text.*)
 *(.rela.gnu.linkonce.t*)

.rel.fini
 *(.rel.fini)

.rela.fini
 *(.rela.fini)

.rel.rodata
 *(.rel.rodata)
 *(.rel.rodata.*)
 *(.rel.gnu.linkonce.r*)

.rela.rodata
 *(.rela.rodata)
 *(.rela.rodata.*)
 *(.rela.gnu.linkonce.r*)

.rel.data
 *(.rel.data)
 *(.rel.data.*)
 *(.rel.gnu.linkonce.d*)

.rela.data
 *(.rela.data)
 *(.rela.data.*)
 *(.rela.gnu.linkonce.d*)

.rel.ctors
 *(.rel.ctors)

.rela.ctors
 *(.rela.ctors)

.rel.dtors
 *(.rel.dtors)

.rela.dtors
 *(.rela.dtors)

.rel.got
 *(.rel.got)

.rela.got
 *(.rela.got)

.rel.bss
 *(.rel.bss)

.rela.bss
 *(.rela.bss)

.rel.plt
 *(.rel.plt)

.rela.plt
 *(.rela.plt)

.text           0x00000000     0x1e44
 *(.vectors)
 .vectors       0x00000000      0x178 c:/program files/atmel/avr studio 5.0/avr toolchain/bin/../lib/gcc/avr/4.5.1/../../../../avr/lib/avrxmega2/crtx16a4.o
                0x00000000                __vector_default
                0x00000000                __vectors
 *(.vectors)
 *(.progmem.gcc*)
 *(.progmem*)
                0x00000178                . = ALIGN (0x2)
                0x00000178                __trampolines_start = .
 *(.trampolines)
 .trampolines   0x00000178        0x0 linker stubs
 *(.trampolines*)
                0x00000178                __trampolines_end = .
 *(.jumptables)
 *(.jumptables*)
 *(.lowtext)
 *(.lowtext*)
                0x00000178                __ctors_start = .
 *(.ctors)
                0x00000178                __ctors_end = .
                0x00000178                __dtors_start = .
 *(.dtors)
                0x00000178                __dtors_end = .
 SORT(*)(.ctors)
 SORT(*)(.dtors)
 *(.init0)
 .init0         0x00000178        0x0 c:/program files/atmel/avr studio 5.0/avr toolchain/bin/../lib/gcc/avr/4.5.1/../../../../avr/lib/avrxmega2/crtx16a4.o
                0x00000178                __init
 *(.init0)
 *(.init1)
 *(.init1)
 *(.init2)
 .init2         0x00000178        0xc c:/program files/atmel/avr studio 5.0/avr toolchain/bin/../lib/gcc/avr/4.5.1/../../../../avr/lib/avrxmega2/crtx16a4.o
 *(.init2)
 *(.init3)
 *(.init3)
 *(.init4)
 .init4         0x00000184       0x10 c:/program files/atmel/avr studio 5.0/avr toolchain/bin/../lib/gcc/avr/4.5.1/avrxmega2\libgcc.a(_clear_bss.o)
                0x00000184                __do_clear_bss
 .init4         0x00000194       0x16 c:/program files/atmel/avr studio 5.0/avr toolchain/bin/../lib/gcc/avr/4.5.1/avrxmega2\libgcc.a(_copy_data.o)
                0x00000194                __do_copy_data
 *(.init4)
 *(.init5)
 *(.init5)
 *(.init6)
 *(.init6)
 *(.init7)
 *(.init7)
 *(.init8)
 *(.init8)
 *(.init9)
 .init9         0x000001aa        0x8 c:/program files/atmel/avr studio 5.0/avr toolchain/bin/../lib/gcc/avr/4.5.1/../../../../avr/lib/avrxmega2/crtx16a4.o
 *(.init9)
 *(.text)
 .text          0x000001b2        0x4 c:/program files/atmel/avr studio 5.0/avr toolchain/bin/../lib/gcc/avr/4.5.1/../../../../avr/lib/avrxmega2/crtx16a4.o
                0x000001b2                __vector_38
                0x000001b2                __vector_22
                0x000001b2                __vector_63
                0x000001b2                __vector_28
                0x000001b2                __vector_67
                0x000001b2                __vector_1
                0x000001b2                __vector_32
                0x000001b2                __vector_75
                0x000001b2                __vector_71
                0x000001b2                __vector_91
                0x000001b2                __vector_34
                0x000001b2                __vector_62
                0x000001b2                __vector_77
                0x000001b2                __vector_24
                0x000001b2                __vector_12
                0x000001b2                __vector_55
                0x000001b2                __vector_69
                0x000001b2                __vector_81
                0x000001b2                __vector_90
                0x000001b2                __vector_46
                0x000001b2                __bad_interrupt
                0x000001b2                __vector_72
                0x000001b2                __vector_6
                0x000001b2                __vector_31
                0x000001b2                __vector_92
                0x000001b2                __vector_35
                0x000001b2                __vector_78
                0x000001b2                __vector_74
                0x000001b2                __vector_39
                0x000001b2                __vector_3
                0x000001b2                __vector_23
                0x000001b2                __vector_68
                0x000001b2                __vector_30
                0x000001b2                __vector_73
                0x000001b2                __vector_45
                0x000001b2                __vector_25
                0x000001b2                __vector_93
                0x000001b2                __vector_61
                0x000001b2                __vector_11
                0x000001b2                __vector_54
                0x000001b2                __vector_13
                0x000001b2                __vector_17
                0x000001b2                __vector_19
                0x000001b2                __vector_56
                0x000001b2                __vector_7
                0x000001b2                __vector_49
                0x000001b2                __vector_41
                0x000001b2                __vector_86
                0x000001b2                __vector_64
                0x000001b2                __vector_88
                0x000001b2                __vector_43
                0x000001b2                __vector_27
                0x000001b2                __vector_5
                0x000001b2                __vector_33
                0x000001b2                __vector_76
                0x000001b2                __vector_47
                0x000001b2                __vector_52
                0x000001b2                __vector_37
                0x000001b2                __vector_89
                0x000001b2                __vector_4
                0x000001b2                __vector_44
                0x000001b2                __vector_82
                0x000001b2                __vector_51
                0x000001b2                __vector_9
                0x000001b2                __vector_2
                0x000001b2                __vector_21
                0x000001b2                __vector_15
                0x000001b2                __vector_66
                0x000001b2                __vector_36
                0x000001b2                __vector_79
                0x000001b2                __vector_58
                0x000001b2                __vector_70
                0x000001b2                __vector_83
                0x000001b2                __vector_29
                0x000001b2                __vector_60
                0x000001b2                __vector_40
                0x000001b2                __vector_85
                0x000001b2                __vector_8
                0x000001b2                __vector_26
                0x000001b2                __vector_48
                0x000001b2                __vector_80
                0x000001b2                __vector_14
                0x000001b2                __vector_84
                0x000001b2                __vector_57
                0x000001b2                __vector_53
                0x000001b2                __vector_10
                0x000001b2                __vector_50
                0x000001b2                __vector_16
                0x000001b2                __vector_59
                0x000001b2                __vector_18
                0x000001b2                __vector_20
                0x000001b2                __vector_42
                0x000001b2                __vector_87
                0x000001b2                __vector_65
 .text          0x000001b6      0xedc main.o
                0x000001b6                mcuStartup
                0x000002d0                testLED
                0x000003d2                testLED_TOGGLESW
                0x000004fa                testOUTTGL
                0x000005a2                testLEDfade
                0x00000692                test7Seg
                0x00000926                testADC
                0x00000b5c                initLED
                0x00000bc4                runLED
                0x00000d22                initSW
                0x00000d44                runSW
                0x00000f9c                test_switches_and_LEDs
                0x0000107c                main
 .text          0x00001092        0x0 c:/program files/atmel/avr studio 5.0/avr toolchain/bin/../lib/gcc/avr/4.5.1/avrxmega2\libgcc.a(_mulsi3.o)
 .text          0x00001092        0x0 c:/program files/atmel/avr studio 5.0/avr toolchain/bin/../lib/gcc/avr/4.5.1/avrxmega2\libgcc.a(_udivmodhi4.o)
 .text          0x00001092        0x0 c:/program files/atmel/avr studio 5.0/avr toolchain/bin/../lib/gcc/avr/4.5.1/avrxmega2\libgcc.a(_divmodhi4.o)
 .text          0x00001092        0x0 c:/program files/atmel/avr studio 5.0/avr toolchain/bin/../lib/gcc/avr/4.5.1/avrxmega2\libgcc.a(_exit.o)
 .text          0x00001092        0x0 c:/program files/atmel/avr studio 5.0/avr toolchain/bin/../lib/gcc/avr/4.5.1/avrxmega2\libgcc.a(_clear_bss.o)
 .text          0x00001092       0x58 c:/program files/atmel/avr studio 5.0/avr toolchain/bin/../lib/gcc/avr/4.5.1/avrxmega2\libgcc.a(_fixunssfsi.o)
                0x00001092                __fixunssfsi
 .text          0x000010ea      0x350 c:/program files/atmel/avr studio 5.0/avr toolchain/bin/../lib/gcc/avr/4.5.1/avrxmega2\libgcc.a(_addsub_sf.o)
                0x0000137e                __addsf3
                0x000013d8                __subsf3
 .text          0x0000143a      0x1f4 c:/program files/atmel/avr studio 5.0/avr toolchain/bin/../lib/gcc/avr/4.5.1/avrxmega2\libgcc.a(_mul_sf.o)
                0x0000143a                __mulsf3
 .text          0x0000162e      0x15c c:/program files/atmel/avr studio 5.0/avr toolchain/bin/../lib/gcc/avr/4.5.1/avrxmega2\libgcc.a(_div_sf.o)
                0x0000162e                __divsf3
 .text          0x0000178a       0x60 c:/program files/atmel/avr studio 5.0/avr toolchain/bin/../lib/gcc/avr/4.5.1/avrxmega2\libgcc.a(_ge_sf.o)
                0x0000178a                __gesf2
 .text          0x000017ea       0xa4 c:/program files/atmel/avr studio 5.0/avr toolchain/bin/../lib/gcc/avr/4.5.1/avrxmega2\libgcc.a(_sf_to_si.o)
                0x000017ea                __fixsfsi
 .text          0x0000188e        0x0 c:/program files/atmel/avr studio 5.0/avr toolchain/bin/../lib/gcc/avr/4.5.1/avrxmega2\libgcc.a(_thenan_sf.o)
 .text          0x0000188e       0xf0 c:/program files/atmel/avr studio 5.0/avr toolchain/bin/../lib/gcc/avr/4.5.1/avrxmega2\libgcc.a(_usi_to_sf.o)
                0x0000188e                __floatunsisf
 .text          0x0000197e        0x0 c:/program files/atmel/avr studio 5.0/avr toolchain/bin/../lib/gcc/avr/4.5.1/avrxmega2\libgcc.a(_prologue.o)
 .text          0x0000197e        0x0 c:/program files/atmel/avr studio 5.0/avr toolchain/bin/../lib/gcc/avr/4.5.1/avrxmega2\libgcc.a(_epilogue.o)
 .text          0x0000197e        0x0 c:/program files/atmel/avr studio 5.0/avr toolchain/bin/../lib/gcc/avr/4.5.1/avrxmega2\libgcc.a(_copy_data.o)
 .text          0x0000197e       0xb4 c:/program files/atmel/avr studio 5.0/avr toolchain/bin/../lib/gcc/avr/4.5.1/avrxmega2\libgcc.a(_clzsi2.o)
                0x0000197e                __clzsi2
 .text          0x00001a32      0x19c c:/program files/atmel/avr studio 5.0/avr toolchain/bin/../lib/gcc/avr/4.5.1/avrxmega2\libgcc.a(_pack_sf.o)
                0x00001a32                __pack_f
 .text          0x00001bce       0xd2 c:/program files/atmel/avr studio 5.0/avr toolchain/bin/../lib/gcc/avr/4.5.1/avrxmega2\libgcc.a(_unpack_sf.o)
                0x00001bce                __unpack_f
 .text          0x00001ca0       0xb2 c:/program files/atmel/avr studio 5.0/avr toolchain/bin/../lib/gcc/avr/4.5.1/avrxmega2\libgcc.a(_fpcmp_parts_sf.o)
                0x00001ca0                __fpcmp_parts_f
 .text          0x00001d52        0x0 c:/program files/atmel/avr studio 5.0/avr toolchain/bin/../lib/gcc/avr/4.5.1/avrxmega2\libgcc.a(_clz.o)
                0x00001d52                . = ALIGN (0x2)
 *(.text.*)
 .text.libgcc   0x00001d52       0x3e c:/program files/atmel/avr studio 5.0/avr toolchain/bin/../lib/gcc/avr/4.5.1/avrxmega2\libgcc.a(_mulsi3.o)
                0x00001d52                __mulsi3
 .text.libgcc   0x00001d90       0x28 c:/program files/atmel/avr studio 5.0/avr toolchain/bin/../lib/gcc/avr/4.5.1/avrxmega2\libgcc.a(_udivmodhi4.o)
                0x00001d90                __udivmodhi4
 .text.libgcc   0x00001db8       0x26 c:/program files/atmel/avr studio 5.0/avr toolchain/bin/../lib/gcc/avr/4.5.1/avrxmega2\libgcc.a(_divmodhi4.o)
                0x00001db8                _div
                0x00001db8                __divmodhi4
 .text.libgcc   0x00001dde        0x0 c:/program files/atmel/avr studio 5.0/avr toolchain/bin/../lib/gcc/avr/4.5.1/avrxmega2\libgcc.a(_exit.o)
 .text.libgcc   0x00001dde        0x0 c:/program files/atmel/avr studio 5.0/avr toolchain/bin/../lib/gcc/avr/4.5.1/avrxmega2\libgcc.a(_clear_bss.o)
 .text.libgcc   0x00001dde       0x32 c:/program files/atmel/avr studio 5.0/avr toolchain/bin/../lib/gcc/avr/4.5.1/avrxmega2\libgcc.a(_prologue.o)
                0x00001dde                __prologue_saves__
 .text.libgcc   0x00001e10       0x30 c:/program files/atmel/avr studio 5.0/avr toolchain/bin/../lib/gcc/avr/4.5.1/avrxmega2\libgcc.a(_epilogue.o)
                0x00001e10                __epilogue_restores__
 .text.libgcc   0x00001e40        0x0 c:/program files/atmel/avr studio 5.0/avr toolchain/bin/../lib/gcc/avr/4.5.1/avrxmega2\libgcc.a(_copy_data.o)
                0x00001e40                . = ALIGN (0x2)
 *(.fini9)
 .fini9         0x00001e40        0x0 c:/program files/atmel/avr studio 5.0/avr toolchain/bin/../lib/gcc/avr/4.5.1/avrxmega2\libgcc.a(_exit.o)
                0x00001e40                _exit
                0x00001e40                exit
 *(.fini9)
 *(.fini8)
 *(.fini8)
 *(.fini7)
 *(.fini7)
 *(.fini6)
 *(.fini6)
 *(.fini5)
 *(.fini5)
 *(.fini4)
 *(.fini4)
 *(.fini3)
 *(.fini3)
 *(.fini2)
 *(.fini2)
 *(.fini1)
 *(.fini1)
 *(.fini0)
 .fini0         0x00001e40        0x4 c:/program files/atmel/avr studio 5.0/avr toolchain/bin/../lib/gcc/avr/4.5.1/avrxmega2\libgcc.a(_exit.o)
 *(.fini0)
                0x00001e44                _etext = .

.data           0x00802000      0x108 load address 0x00001e44
                0x00802000                PROVIDE (__data_start, .)
 *(.data)
 .data          0x00802000        0x0 c:/program files/atmel/avr studio 5.0/avr toolchain/bin/../lib/gcc/avr/4.5.1/../../../../avr/lib/avrxmega2/crtx16a4.o
 .data          0x00802000        0x0 main.o
 .data          0x00802000        0x0 c:/program files/atmel/avr studio 5.0/avr toolchain/bin/../lib/gcc/avr/4.5.1/avrxmega2\libgcc.a(_mulsi3.o)
 .data          0x00802000        0x0 c:/program files/atmel/avr studio 5.0/avr toolchain/bin/../lib/gcc/avr/4.5.1/avrxmega2\libgcc.a(_udivmodhi4.o)
 .data          0x00802000        0x0 c:/program files/atmel/avr studio 5.0/avr toolchain/bin/../lib/gcc/avr/4.5.1/avrxmega2\libgcc.a(_divmodhi4.o)
 .data          0x00802000        0x0 c:/program files/atmel/avr studio 5.0/avr toolchain/bin/../lib/gcc/avr/4.5.1/avrxmega2\libgcc.a(_exit.o)
 .data          0x00802000        0x0 c:/program files/atmel/avr studio 5.0/avr toolchain/bin/../lib/gcc/avr/4.5.1/avrxmega2\libgcc.a(_clear_bss.o)
 .data          0x00802000        0x0 c:/program files/atmel/avr studio 5.0/avr toolchain/bin/../lib/gcc/avr/4.5.1/avrxmega2\libgcc.a(_fixunssfsi.o)
 .data          0x00802000        0x0 c:/program files/atmel/avr studio 5.0/avr toolchain/bin/../lib/gcc/avr/4.5.1/avrxmega2\libgcc.a(_addsub_sf.o)
 .data          0x00802000        0x0 c:/program files/atmel/avr studio 5.0/avr toolchain/bin/../lib/gcc/avr/4.5.1/avrxmega2\libgcc.a(_mul_sf.o)
 .data          0x00802000        0x0 c:/program files/atmel/avr studio 5.0/avr toolchain/bin/../lib/gcc/avr/4.5.1/avrxmega2\libgcc.a(_div_sf.o)
 .data          0x00802000        0x0 c:/program files/atmel/avr studio 5.0/avr toolchain/bin/../lib/gcc/avr/4.5.1/avrxmega2\libgcc.a(_ge_sf.o)
 .data          0x00802000        0x0 c:/program files/atmel/avr studio 5.0/avr toolchain/bin/../lib/gcc/avr/4.5.1/avrxmega2\libgcc.a(_sf_to_si.o)
 .data          0x00802000        0x8 c:/program files/atmel/avr studio 5.0/avr toolchain/bin/../lib/gcc/avr/4.5.1/avrxmega2\libgcc.a(_thenan_sf.o)
                0x00802000                __thenan_sf
 .data          0x00802008        0x0 c:/program files/atmel/avr studio 5.0/avr toolchain/bin/../lib/gcc/avr/4.5.1/avrxmega2\libgcc.a(_usi_to_sf.o)
 .data          0x00802008        0x0 c:/program files/atmel/avr studio 5.0/avr toolchain/bin/../lib/gcc/avr/4.5.1/avrxmega2\libgcc.a(_prologue.o)
 .data          0x00802008        0x0 c:/program files/atmel/avr studio 5.0/avr toolchain/bin/../lib/gcc/avr/4.5.1/avrxmega2\libgcc.a(_epilogue.o)
 .data          0x00802008        0x0 c:/program files/atmel/avr studio 5.0/avr toolchain/bin/../lib/gcc/avr/4.5.1/avrxmega2\libgcc.a(_copy_data.o)
 .data          0x00802008        0x0 c:/program files/atmel/avr studio 5.0/avr toolchain/bin/../lib/gcc/avr/4.5.1/avrxmega2\libgcc.a(_clzsi2.o)
 .data          0x00802008        0x0 c:/program files/atmel/avr studio 5.0/avr toolchain/bin/../lib/gcc/avr/4.5.1/avrxmega2\libgcc.a(_pack_sf.o)
 .data          0x00802008        0x0 c:/program files/atmel/avr studio 5.0/avr toolchain/bin/../lib/gcc/avr/4.5.1/avrxmega2\libgcc.a(_unpack_sf.o)
 .data          0x00802008        0x0 c:/program files/atmel/avr studio 5.0/avr toolchain/bin/../lib/gcc/avr/4.5.1/avrxmega2\libgcc.a(_fpcmp_parts_sf.o)
 .data          0x00802008      0x100 c:/program files/atmel/avr studio 5.0/avr toolchain/bin/../lib/gcc/avr/4.5.1/avrxmega2\libgcc.a(_clz.o)
                0x00802008                __clz_tab
 *(.data*)
 *(.rodata)
 *(.rodata*)
 *(.gnu.linkonce.d*)
                0x00802108                . = ALIGN (0x2)
                0x00802108                _edata = .
                0x00802108                PROVIDE (__data_end, .)

.bss            0x00802108       0x15
                0x00802108                PROVIDE (__bss_start, .)
 *(.bss)
 .bss           0x00802108        0x0 c:/program files/atmel/avr studio 5.0/avr toolchain/bin/../lib/gcc/avr/4.5.1/../../../../avr/lib/avrxmega2/crtx16a4.o
 .bss           0x00802108       0x15 main.o
                0x00802108                i_SWPUSHstate
                0x00802109                i_SWPUSHon
                0x0080210a                i_SWPUSHoff
                0x0080210b                i_SWENCstate
                0x0080210c                i_SWENCon
                0x0080210d                i_SWENCoff
                0x0080210e                i_SWTOGstate
                0x0080210f                i_SWTOGon
                0x00802110                i_SWTOGoff
                0x00802111                o_LEDDP0
                0x00802112                o_LEDDP1
                0x00802113                o_LEDDP2
                0x00802114                o_LEDSTAT
                0x00802115                o_LED7SEG
                0x00802117                _i_SW0
                0x00802118                _i_SW1
                0x00802119                _i_SW
                0x0080211a                _i_SWc
 .bss           0x0080211d        0x0 c:/program files/atmel/avr studio 5.0/avr toolchain/bin/../lib/gcc/avr/4.5.1/avrxmega2\libgcc.a(_mulsi3.o)
 .bss           0x0080211d        0x0 c:/program files/atmel/avr studio 5.0/avr toolchain/bin/../lib/gcc/avr/4.5.1/avrxmega2\libgcc.a(_udivmodhi4.o)
 .bss           0x0080211d        0x0 c:/program files/atmel/avr studio 5.0/avr toolchain/bin/../lib/gcc/avr/4.5.1/avrxmega2\libgcc.a(_divmodhi4.o)
 .bss           0x0080211d        0x0 c:/program files/atmel/avr studio 5.0/avr toolchain/bin/../lib/gcc/avr/4.5.1/avrxmega2\libgcc.a(_exit.o)
 .bss           0x0080211d        0x0 c:/program files/atmel/avr studio 5.0/avr toolchain/bin/../lib/gcc/avr/4.5.1/avrxmega2\libgcc.a(_clear_bss.o)
 .bss           0x0080211d        0x0 c:/program files/atmel/avr studio 5.0/avr toolchain/bin/../lib/gcc/avr/4.5.1/avrxmega2\libgcc.a(_fixunssfsi.o)
 .bss           0x0080211d        0x0 c:/program files/atmel/avr studio 5.0/avr toolchain/bin/../lib/gcc/avr/4.5.1/avrxmega2\libgcc.a(_addsub_sf.o)
 .bss           0x0080211d        0x0 c:/program files/atmel/avr studio 5.0/avr toolchain/bin/../lib/gcc/avr/4.5.1/avrxmega2\libgcc.a(_mul_sf.o)
 .bss           0x0080211d        0x0 c:/program files/atmel/avr studio 5.0/avr toolchain/bin/../lib/gcc/avr/4.5.1/avrxmega2\libgcc.a(_div_sf.o)
 .bss           0x0080211d        0x0 c:/program files/atmel/avr studio 5.0/avr toolchain/bin/../lib/gcc/avr/4.5.1/avrxmega2\libgcc.a(_ge_sf.o)
 .bss           0x0080211d        0x0 c:/program files/atmel/avr studio 5.0/avr toolchain/bin/../lib/gcc/avr/4.5.1/avrxmega2\libgcc.a(_sf_to_si.o)
 .bss           0x0080211d        0x0 c:/program files/atmel/avr studio 5.0/avr toolchain/bin/../lib/gcc/avr/4.5.1/avrxmega2\libgcc.a(_thenan_sf.o)
 .bss           0x0080211d        0x0 c:/program files/atmel/avr studio 5.0/avr toolchain/bin/../lib/gcc/avr/4.5.1/avrxmega2\libgcc.a(_usi_to_sf.o)
 .bss           0x0080211d        0x0 c:/program files/atmel/avr studio 5.0/avr toolchain/bin/../lib/gcc/avr/4.5.1/avrxmega2\libgcc.a(_prologue.o)
 .bss           0x0080211d        0x0 c:/program files/atmel/avr studio 5.0/avr toolchain/bin/../lib/gcc/avr/4.5.1/avrxmega2\libgcc.a(_epilogue.o)
 .bss           0x0080211d        0x0 c:/program files/atmel/avr studio 5.0/avr toolchain/bin/../lib/gcc/avr/4.5.1/avrxmega2\libgcc.a(_copy_data.o)
 .bss           0x0080211d        0x0 c:/program files/atmel/avr studio 5.0/avr toolchain/bin/../lib/gcc/avr/4.5.1/avrxmega2\libgcc.a(_clzsi2.o)
 .bss           0x0080211d        0x0 c:/program files/atmel/avr studio 5.0/avr toolchain/bin/../lib/gcc/avr/4.5.1/avrxmega2\libgcc.a(_pack_sf.o)
 .bss           0x0080211d        0x0 c:/program files/atmel/avr studio 5.0/avr toolchain/bin/../lib/gcc/avr/4.5.1/avrxmega2\libgcc.a(_unpack_sf.o)
 .bss           0x0080211d        0x0 c:/program files/atmel/avr studio 5.0/avr toolchain/bin/../lib/gcc/avr/4.5.1/avrxmega2\libgcc.a(_fpcmp_parts_sf.o)
 .bss           0x0080211d        0x0 c:/program files/atmel/avr studio 5.0/avr toolchain/bin/../lib/gcc/avr/4.5.1/avrxmega2\libgcc.a(_clz.o)
 *(.bss*)
 *(COMMON)
                0x0080211d                PROVIDE (__bss_end, .)
                0x00001e44                __data_load_start = LOADADDR (.data)
                0x00001f4c                __data_load_end = (__data_load_start + SIZEOF (.data))

.noinit         0x0080211d        0x0
                0x0080211d                PROVIDE (__noinit_start, .)
 *(.noinit*)
                0x0080211d                PROVIDE (__noinit_end, .)
                0x0080211d                _end = .
                0x0080211d                PROVIDE (__heap_start, .)

.eeprom         0x00810000        0x0
 *(.eeprom*)
                0x00810000                __eeprom_end = .

.fuse
 *(.fuse)
 *(.lfuse)
 *(.hfuse)
 *(.efuse)

.lock
 *(.lock*)

.signature
 *(.signature*)

.stab           0x00000000      0x6cc
 *(.stab)
 .stab          0x00000000      0x6cc c:/program files/atmel/avr studio 5.0/avr toolchain/bin/../lib/gcc/avr/4.5.1/../../../../avr/lib/avrxmega2/crtx16a4.o

.stabstr        0x00000000       0x85
 *(.stabstr)
 .stabstr       0x00000000       0x85 c:/program files/atmel/avr studio 5.0/avr toolchain/bin/../lib/gcc/avr/4.5.1/../../../../avr/lib/avrxmega2/crtx16a4.o

.stab.excl
 *(.stab.excl)

.stab.exclstr
 *(.stab.exclstr)

.stab.index
 *(.stab.index)

.stab.indexstr
 *(.stab.indexstr)

.comment
 *(.comment)

.debug
 *(.debug)

.line
 *(.line)

.debug_srcinfo
 *(.debug_srcinfo)

.debug_sfnames
 *(.debug_sfnames)

.debug_aranges  0x00000000      0x180
 *(.debug_aranges)
 .debug_aranges
                0x00000000       0x20 main.o
 .debug_aranges
                0x00000020       0x20 c:/program files/atmel/avr studio 5.0/avr toolchain/bin/../lib/gcc/avr/4.5.1/avrxmega2\libgcc.a(_fixunssfsi.o)
 .debug_aranges
                0x00000040       0x20 c:/program files/atmel/avr studio 5.0/avr toolchain/bin/../lib/gcc/avr/4.5.1/avrxmega2\libgcc.a(_addsub_sf.o)
 .debug_aranges
                0x00000060       0x20 c:/program files/atmel/avr studio 5.0/avr toolchain/bin/../lib/gcc/avr/4.5.1/avrxmega2\libgcc.a(_mul_sf.o)
 .debug_aranges
                0x00000080       0x20 c:/program files/atmel/avr studio 5.0/avr toolchain/bin/../lib/gcc/avr/4.5.1/avrxmega2\libgcc.a(_div_sf.o)
 .debug_aranges
                0x000000a0       0x20 c:/program files/atmel/avr studio 5.0/avr toolchain/bin/../lib/gcc/avr/4.5.1/avrxmega2\libgcc.a(_ge_sf.o)
 .debug_aranges
                0x000000c0       0x20 c:/program files/atmel/avr studio 5.0/avr toolchain/bin/../lib/gcc/avr/4.5.1/avrxmega2\libgcc.a(_sf_to_si.o)
 .debug_aranges
                0x000000e0       0x20 c:/program files/atmel/avr studio 5.0/avr toolchain/bin/../lib/gcc/avr/4.5.1/avrxmega2\libgcc.a(_usi_to_sf.o)
 .debug_aranges
                0x00000100       0x20 c:/program files/atmel/avr studio 5.0/avr toolchain/bin/../lib/gcc/avr/4.5.1/avrxmega2\libgcc.a(_clzsi2.o)
 .debug_aranges
                0x00000120       0x20 c:/program files/atmel/avr studio 5.0/avr toolchain/bin/../lib/gcc/avr/4.5.1/avrxmega2\libgcc.a(_pack_sf.o)
 .debug_aranges
                0x00000140       0x20 c:/program files/atmel/avr studio 5.0/avr toolchain/bin/../lib/gcc/avr/4.5.1/avrxmega2\libgcc.a(_unpack_sf.o)
 .debug_aranges
                0x00000160       0x20 c:/program files/atmel/avr studio 5.0/avr toolchain/bin/../lib/gcc/avr/4.5.1/avrxmega2\libgcc.a(_fpcmp_parts_sf.o)

.debug_pubnames
                0x00000000      0x37b
 *(.debug_pubnames)
 .debug_pubnames
                0x00000000      0x1c5 main.o
 .debug_pubnames
                0x000001c5       0x23 c:/program files/atmel/avr studio 5.0/avr toolchain/bin/../lib/gcc/avr/4.5.1/avrxmega2\libgcc.a(_fixunssfsi.o)
 .debug_pubnames
                0x000001e8       0x2c c:/program files/atmel/avr studio 5.0/avr toolchain/bin/../lib/gcc/avr/4.5.1/avrxmega2\libgcc.a(_addsub_sf.o)
 .debug_pubnames
                0x00000214       0x1f c:/program files/atmel/avr studio 5.0/avr toolchain/bin/../lib/gcc/avr/4.5.1/avrxmega2\libgcc.a(_mul_sf.o)
 .debug_pubnames
                0x00000233       0x1f c:/program files/atmel/avr studio 5.0/avr toolchain/bin/../lib/gcc/avr/4.5.1/avrxmega2\libgcc.a(_div_sf.o)
 .debug_pubnames
                0x00000252       0x1e c:/program files/atmel/avr studio 5.0/avr toolchain/bin/../lib/gcc/avr/4.5.1/avrxmega2\libgcc.a(_ge_sf.o)
 .debug_pubnames
                0x00000270       0x20 c:/program files/atmel/avr studio 5.0/avr toolchain/bin/../lib/gcc/avr/4.5.1/avrxmega2\libgcc.a(_sf_to_si.o)
 .debug_pubnames
                0x00000290       0x22 c:/program files/atmel/avr studio 5.0/avr toolchain/bin/../lib/gcc/avr/4.5.1/avrxmega2\libgcc.a(_thenan_sf.o)
 .debug_pubnames
                0x000002b2       0x24 c:/program files/atmel/avr studio 5.0/avr toolchain/bin/../lib/gcc/avr/4.5.1/avrxmega2\libgcc.a(_usi_to_sf.o)
 .debug_pubnames
                0x000002d6       0x1f c:/program files/atmel/avr studio 5.0/avr toolchain/bin/../lib/gcc/avr/4.5.1/avrxmega2\libgcc.a(_clzsi2.o)
 .debug_pubnames
                0x000002f5       0x1f c:/program files/atmel/avr studio 5.0/avr toolchain/bin/../lib/gcc/avr/4.5.1/avrxmega2\libgcc.a(_pack_sf.o)
 .debug_pubnames
                0x00000314       0x21 c:/program files/atmel/avr studio 5.0/avr toolchain/bin/../lib/gcc/avr/4.5.1/avrxmega2\libgcc.a(_unpack_sf.o)
 .debug_pubnames
                0x00000335       0x26 c:/program files/atmel/avr studio 5.0/avr toolchain/bin/../lib/gcc/avr/4.5.1/avrxmega2\libgcc.a(_fpcmp_parts_sf.o)
 .debug_pubnames
                0x0000035b       0x20 c:/program files/atmel/avr studio 5.0/avr toolchain/bin/../lib/gcc/avr/4.5.1/avrxmega2\libgcc.a(_clz.o)

.debug_info     0x00000000     0x2af3
 *(.debug_info)
 .debug_info    0x00000000      0xcbf main.o
 .debug_info    0x00000cbf       0xbd c:/program files/atmel/avr studio 5.0/avr toolchain/bin/../lib/gcc/avr/4.5.1/avrxmega2\libgcc.a(_fixunssfsi.o)
 .debug_info    0x00000d7c      0x455 c:/program files/atmel/avr studio 5.0/avr toolchain/bin/../lib/gcc/avr/4.5.1/avrxmega2\libgcc.a(_addsub_sf.o)
 .debug_info    0x000011d1      0x3ec c:/program files/atmel/avr studio 5.0/avr toolchain/bin/../lib/gcc/avr/4.5.1/avrxmega2\libgcc.a(_mul_sf.o)
 .debug_info    0x000015bd      0x37f c:/program files/atmel/avr studio 5.0/avr toolchain/bin/../lib/gcc/avr/4.5.1/avrxmega2\libgcc.a(_div_sf.o)
 .debug_info    0x0000193c      0x28a c:/program files/atmel/avr studio 5.0/avr toolchain/bin/../lib/gcc/avr/4.5.1/avrxmega2\libgcc.a(_ge_sf.o)
 .debug_info    0x00001bc6      0x2a5 c:/program files/atmel/avr studio 5.0/avr toolchain/bin/../lib/gcc/avr/4.5.1/avrxmega2\libgcc.a(_sf_to_si.o)
 .debug_info    0x00001e6b      0x15e c:/program files/atmel/avr studio 5.0/avr toolchain/bin/../lib/gcc/avr/4.5.1/avrxmega2\libgcc.a(_thenan_sf.o)
 .debug_info    0x00001fc9      0x232 c:/program files/atmel/avr studio 5.0/avr toolchain/bin/../lib/gcc/avr/4.5.1/avrxmega2\libgcc.a(_usi_to_sf.o)
 .debug_info    0x000021fb      0x12c c:/program files/atmel/avr studio 5.0/avr toolchain/bin/../lib/gcc/avr/4.5.1/avrxmega2\libgcc.a(_clzsi2.o)
 .debug_info    0x00002327      0x2d9 c:/program files/atmel/avr studio 5.0/avr toolchain/bin/../lib/gcc/avr/4.5.1/avrxmega2\libgcc.a(_pack_sf.o)
 .debug_info    0x00002600      0x25c c:/program files/atmel/avr studio 5.0/avr toolchain/bin/../lib/gcc/avr/4.5.1/avrxmega2\libgcc.a(_unpack_sf.o)
 .debug_info    0x0000285c      0x1f1 c:/program files/atmel/avr studio 5.0/avr toolchain/bin/../lib/gcc/avr/4.5.1/avrxmega2\libgcc.a(_fpcmp_parts_sf.o)
 .debug_info    0x00002a4d       0xa6 c:/program files/atmel/avr studio 5.0/avr toolchain/bin/../lib/gcc/avr/4.5.1/avrxmega2\libgcc.a(_clz.o)
 *(.gnu.linkonce.wi.*)

.debug_abbrev   0x00000000     0x1140
 *(.debug_abbrev)
 .debug_abbrev  0x00000000      0x19e main.o
 .debug_abbrev  0x0000019e       0x5d c:/program files/atmel/avr studio 5.0/avr toolchain/bin/../lib/gcc/avr/4.5.1/avrxmega2\libgcc.a(_fixunssfsi.o)
 .debug_abbrev  0x000001fb      0x1af c:/program files/atmel/avr studio 5.0/avr toolchain/bin/../lib/gcc/avr/4.5.1/avrxmega2\libgcc.a(_addsub_sf.o)
 .debug_abbrev  0x000003aa      0x1d9 c:/program files/atmel/avr studio 5.0/avr toolchain/bin/../lib/gcc/avr/4.5.1/avrxmega2\libgcc.a(_mul_sf.o)
 .debug_abbrev  0x00000583      0x1c4 c:/program files/atmel/avr studio 5.0/avr toolchain/bin/../lib/gcc/avr/4.5.1/avrxmega2\libgcc.a(_div_sf.o)
 .debug_abbrev  0x00000747      0x151 c:/program files/atmel/avr studio 5.0/avr toolchain/bin/../lib/gcc/avr/4.5.1/avrxmega2\libgcc.a(_ge_sf.o)
 .debug_abbrev  0x00000898      0x160 c:/program files/atmel/avr studio 5.0/avr toolchain/bin/../lib/gcc/avr/4.5.1/avrxmega2\libgcc.a(_sf_to_si.o)
 .debug_abbrev  0x000009f8       0xcb c:/program files/atmel/avr studio 5.0/avr toolchain/bin/../lib/gcc/avr/4.5.1/avrxmega2\libgcc.a(_thenan_sf.o)
 .debug_abbrev  0x00000ac3      0x173 c:/program files/atmel/avr studio 5.0/avr toolchain/bin/../lib/gcc/avr/4.5.1/avrxmega2\libgcc.a(_usi_to_sf.o)
 .debug_abbrev  0x00000c36       0xce c:/program files/atmel/avr studio 5.0/avr toolchain/bin/../lib/gcc/avr/4.5.1/avrxmega2\libgcc.a(_clzsi2.o)
 .debug_abbrev  0x00000d04      0x185 c:/program files/atmel/avr studio 5.0/avr toolchain/bin/../lib/gcc/avr/4.5.1/avrxmega2\libgcc.a(_pack_sf.o)
 .debug_abbrev  0x00000e89      0x14b c:/program files/atmel/avr studio 5.0/avr toolchain/bin/../lib/gcc/avr/4.5.1/avrxmega2\libgcc.a(_unpack_sf.o)
 .debug_abbrev  0x00000fd4      0x10b c:/program files/atmel/avr studio 5.0/avr toolchain/bin/../lib/gcc/avr/4.5.1/avrxmega2\libgcc.a(_fpcmp_parts_sf.o)
 .debug_abbrev  0x000010df       0x61 c:/program files/atmel/avr studio 5.0/avr toolchain/bin/../lib/gcc/avr/4.5.1/avrxmega2\libgcc.a(_clz.o)

.debug_line     0x00000000     0x1e0c
 *(.debug_line)
 .debug_line    0x00000000      0xafa main.o
 .debug_line    0x00000afa       0xc9 c:/program files/atmel/avr studio 5.0/avr toolchain/bin/../lib/gcc/avr/4.5.1/avrxmega2\libgcc.a(_fixunssfsi.o)
 .debug_line    0x00000bc3      0x2ee c:/program files/atmel/avr studio 5.0/avr toolchain/bin/../lib/gcc/avr/4.5.1/avrxmega2\libgcc.a(_addsub_sf.o)
 .debug_line    0x00000eb1      0x28a c:/program files/atmel/avr studio 5.0/avr toolchain/bin/../lib/gcc/avr/4.5.1/avrxmega2\libgcc.a(_mul_sf.o)
 .debug_line    0x0000113b      0x210 c:/program files/atmel/avr studio 5.0/avr toolchain/bin/../lib/gcc/avr/4.5.1/avrxmega2\libgcc.a(_div_sf.o)
 .debug_line    0x0000134b      0x105 c:/program files/atmel/avr studio 5.0/avr toolchain/bin/../lib/gcc/avr/4.5.1/avrxmega2\libgcc.a(_ge_sf.o)
 .debug_line    0x00001450      0x13f c:/program files/atmel/avr studio 5.0/avr toolchain/bin/../lib/gcc/avr/4.5.1/avrxmega2\libgcc.a(_sf_to_si.o)
 .debug_line    0x0000158f       0xb2 c:/program files/atmel/avr studio 5.0/avr toolchain/bin/../lib/gcc/avr/4.5.1/avrxmega2\libgcc.a(_thenan_sf.o)
 .debug_line    0x00001641      0x15b c:/program files/atmel/avr studio 5.0/avr toolchain/bin/../lib/gcc/avr/4.5.1/avrxmega2\libgcc.a(_usi_to_sf.o)
 .debug_line    0x0000179c       0xef c:/program files/atmel/avr studio 5.0/avr toolchain/bin/../lib/gcc/avr/4.5.1/avrxmega2\libgcc.a(_clzsi2.o)
 .debug_line    0x0000188b      0x1f5 c:/program files/atmel/avr studio 5.0/avr toolchain/bin/../lib/gcc/avr/4.5.1/avrxmega2\libgcc.a(_pack_sf.o)
 .debug_line    0x00001a80      0x175 c:/program files/atmel/avr studio 5.0/avr toolchain/bin/../lib/gcc/avr/4.5.1/avrxmega2\libgcc.a(_unpack_sf.o)
 .debug_line    0x00001bf5      0x179 c:/program files/atmel/avr studio 5.0/avr toolchain/bin/../lib/gcc/avr/4.5.1/avrxmega2\libgcc.a(_fpcmp_parts_sf.o)
 .debug_line    0x00001d6e       0x9e c:/program files/atmel/avr studio 5.0/avr toolchain/bin/../lib/gcc/avr/4.5.1/avrxmega2\libgcc.a(_clz.o)

.debug_frame    0x00000000      0x260
 *(.debug_frame)
 .debug_frame   0x00000000       0xe0 main.o
 .debug_frame   0x000000e0       0x20 c:/program files/atmel/avr studio 5.0/avr toolchain/bin/../lib/gcc/avr/4.5.1/avrxmega2\libgcc.a(_fixunssfsi.o)
 .debug_frame   0x00000100       0x40 c:/program files/atmel/avr studio 5.0/avr toolchain/bin/../lib/gcc/avr/4.5.1/avrxmega2\libgcc.a(_addsub_sf.o)
 .debug_frame   0x00000140       0x20 c:/program files/atmel/avr studio 5.0/avr toolchain/bin/../lib/gcc/avr/4.5.1/avrxmega2\libgcc.a(_mul_sf.o)
 .debug_frame   0x00000160       0x20 c:/program files/atmel/avr studio 5.0/avr toolchain/bin/../lib/gcc/avr/4.5.1/avrxmega2\libgcc.a(_div_sf.o)
 .debug_frame   0x00000180       0x20 c:/program files/atmel/avr studio 5.0/avr toolchain/bin/../lib/gcc/avr/4.5.1/avrxmega2\libgcc.a(_ge_sf.o)
 .debug_frame   0x000001a0       0x20 c:/program files/atmel/avr studio 5.0/avr toolchain/bin/../lib/gcc/avr/4.5.1/avrxmega2\libgcc.a(_sf_to_si.o)
 .debug_frame   0x000001c0       0x20 c:/program files/atmel/avr studio 5.0/avr toolchain/bin/../lib/gcc/avr/4.5.1/avrxmega2\libgcc.a(_usi_to_sf.o)
 .debug_frame   0x000001e0       0x20 c:/program files/atmel/avr studio 5.0/avr toolchain/bin/../lib/gcc/avr/4.5.1/avrxmega2\libgcc.a(_clzsi2.o)
 .debug_frame   0x00000200       0x20 c:/program files/atmel/avr studio 5.0/avr toolchain/bin/../lib/gcc/avr/4.5.1/avrxmega2\libgcc.a(_pack_sf.o)
 .debug_frame   0x00000220       0x20 c:/program files/atmel/avr studio 5.0/avr toolchain/bin/../lib/gcc/avr/4.5.1/avrxmega2\libgcc.a(_unpack_sf.o)
 .debug_frame   0x00000240       0x20 c:/program files/atmel/avr studio 5.0/avr toolchain/bin/../lib/gcc/avr/4.5.1/avrxmega2\libgcc.a(_fpcmp_parts_sf.o)

.debug_str      0x00000000      0x873
 *(.debug_str)
 .debug_str     0x00000000      0x568 main.o
                                0x5be (size before relaxing)
 .debug_str     0x00000568       0xdc c:/program files/atmel/avr studio 5.0/avr toolchain/bin/../lib/gcc/avr/4.5.1/avrxmega2\libgcc.a(_fixunssfsi.o)
                                0x161 (size before relaxing)
 .debug_str     0x00000644      0x155 c:/program files/atmel/avr studio 5.0/avr toolchain/bin/../lib/gcc/avr/4.5.1/avrxmega2\libgcc.a(_addsub_sf.o)
                                0x248 (size before relaxing)
 .debug_str     0x00000799       0x27 c:/program files/atmel/avr studio 5.0/avr toolchain/bin/../lib/gcc/avr/4.5.1/avrxmega2\libgcc.a(_mul_sf.o)
                                0x201 (size before relaxing)
 .debug_str     0x000007c0       0x35 c:/program files/atmel/avr studio 5.0/avr toolchain/bin/../lib/gcc/avr/4.5.1/avrxmega2\libgcc.a(_div_sf.o)
                                0x20a (size before relaxing)
 .debug_str     0x000007f5        0x8 c:/program files/atmel/avr studio 5.0/avr toolchain/bin/../lib/gcc/avr/4.5.1/avrxmega2\libgcc.a(_ge_sf.o)
                                0x1cf (size before relaxing)
 .debug_str     0x000007fd        0xa c:/program files/atmel/avr studio 5.0/avr toolchain/bin/../lib/gcc/avr/4.5.1/avrxmega2\libgcc.a(_sf_to_si.o)
                                0x1d8 (size before relaxing)
 .debug_str     0x00000000      0x17a c:/program files/atmel/avr studio 5.0/avr toolchain/bin/../lib/gcc/avr/4.5.1/avrxmega2\libgcc.a(_thenan_sf.o)
 .debug_str     0x00000807       0x2a c:/program files/atmel/avr studio 5.0/avr toolchain/bin/../lib/gcc/avr/4.5.1/avrxmega2\libgcc.a(_usi_to_sf.o)
                                0x1ba (size before relaxing)
 .debug_str     0x00000831       0x17 c:/program files/atmel/avr studio 5.0/avr toolchain/bin/../lib/gcc/avr/4.5.1/avrxmega2\libgcc.a(_clzsi2.o)
                                0x16d (size before relaxing)
 .debug_str     0x00000848       0x10 c:/program files/atmel/avr studio 5.0/avr toolchain/bin/../lib/gcc/avr/4.5.1/avrxmega2\libgcc.a(_pack_sf.o)
                                0x1d7 (size before relaxing)
 .debug_str     0x00000858        0xb c:/program files/atmel/avr studio 5.0/avr toolchain/bin/../lib/gcc/avr/4.5.1/avrxmega2\libgcc.a(_unpack_sf.o)
                                0x1b9 (size before relaxing)
 .debug_str     0x00000863       0x10 c:/program files/atmel/avr studio 5.0/avr toolchain/bin/../lib/gcc/avr/4.5.1/avrxmega2\libgcc.a(_fpcmp_parts_sf.o)
                                0x19d (size before relaxing)
 .debug_str     0x00000000      0x150 c:/program files/atmel/avr studio 5.0/avr toolchain/bin/../lib/gcc/avr/4.5.1/avrxmega2\libgcc.a(_clz.o)

.debug_loc      0x00000000      0xcdd
 *(.debug_loc)
 .debug_loc     0x00000000       0x34 c:/program files/atmel/avr studio 5.0/avr toolchain/bin/../lib/gcc/avr/4.5.1/avrxmega2\libgcc.a(_fixunssfsi.o)
 .debug_loc     0x00000034      0x31d c:/program files/atmel/avr studio 5.0/avr toolchain/bin/../lib/gcc/avr/4.5.1/avrxmega2\libgcc.a(_addsub_sf.o)
 .debug_loc     0x00000351      0x2a4 c:/program files/atmel/avr studio 5.0/avr toolchain/bin/../lib/gcc/avr/4.5.1/avrxmega2\libgcc.a(_mul_sf.o)
 .debug_loc     0x000005f5      0x1ac c:/program files/atmel/avr studio 5.0/avr toolchain/bin/../lib/gcc/avr/4.5.1/avrxmega2\libgcc.a(_div_sf.o)
 .debug_loc     0x000007a1       0x48 c:/program files/atmel/avr studio 5.0/avr toolchain/bin/../lib/gcc/avr/4.5.1/avrxmega2\libgcc.a(_ge_sf.o)
 .debug_loc     0x000007e9       0x56 c:/program files/atmel/avr studio 5.0/avr toolchain/bin/../lib/gcc/avr/4.5.1/avrxmega2\libgcc.a(_sf_to_si.o)
 .debug_loc     0x0000083f       0x96 c:/program files/atmel/avr studio 5.0/avr toolchain/bin/../lib/gcc/avr/4.5.1/avrxmega2\libgcc.a(_usi_to_sf.o)
 .debug_loc     0x000008d5       0xb2 c:/program files/atmel/avr studio 5.0/avr toolchain/bin/../lib/gcc/avr/4.5.1/avrxmega2\libgcc.a(_clzsi2.o)
 .debug_loc     0x00000987      0x1f5 c:/program files/atmel/avr studio 5.0/avr toolchain/bin/../lib/gcc/avr/4.5.1/avrxmega2\libgcc.a(_pack_sf.o)
 .debug_loc     0x00000b7c      0x111 c:/program files/atmel/avr studio 5.0/avr toolchain/bin/../lib/gcc/avr/4.5.1/avrxmega2\libgcc.a(_unpack_sf.o)
 .debug_loc     0x00000c8d       0x50 c:/program files/atmel/avr studio 5.0/avr toolchain/bin/../lib/gcc/avr/4.5.1/avrxmega2\libgcc.a(_fpcmp_parts_sf.o)

.debug_macinfo
 *(.debug_macinfo)
OUTPUT(GnarpAVRSTUDIO.elf elf32-avr)
LOAD linker stubs

.debug_pubtypes
                0x00000000      0x67c
 .debug_pubtypes
                0x00000000       0xf5 main.o
 .debug_pubtypes
                0x000000f5       0x34 c:/program files/atmel/avr studio 5.0/avr toolchain/bin/../lib/gcc/avr/4.5.1/avrxmega2\libgcc.a(_fixunssfsi.o)
 .debug_pubtypes
                0x00000129       0x9d c:/program files/atmel/avr studio 5.0/avr toolchain/bin/../lib/gcc/avr/4.5.1/avrxmega2\libgcc.a(_addsub_sf.o)
 .debug_pubtypes
                0x000001c6       0x86 c:/program files/atmel/avr studio 5.0/avr toolchain/bin/../lib/gcc/avr/4.5.1/avrxmega2\libgcc.a(_mul_sf.o)
 .debug_pubtypes
                0x0000024c       0x86 c:/program files/atmel/avr studio 5.0/avr toolchain/bin/../lib/gcc/avr/4.5.1/avrxmega2\libgcc.a(_div_sf.o)
 .debug_pubtypes
                0x000002d2       0x91 c:/program files/atmel/avr studio 5.0/avr toolchain/bin/../lib/gcc/avr/4.5.1/avrxmega2\libgcc.a(_ge_sf.o)
 .debug_pubtypes
                0x00000363       0x91 c:/program files/atmel/avr studio 5.0/avr toolchain/bin/../lib/gcc/avr/4.5.1/avrxmega2\libgcc.a(_sf_to_si.o)
 .debug_pubtypes
                0x000003f4       0x5b c:/program files/atmel/avr studio 5.0/avr toolchain/bin/../lib/gcc/avr/4.5.1/avrxmega2\libgcc.a(_thenan_sf.o)
 .debug_pubtypes
                0x0000044f       0x73 c:/program files/atmel/avr studio 5.0/avr toolchain/bin/../lib/gcc/avr/4.5.1/avrxmega2\libgcc.a(_usi_to_sf.o)
 .debug_pubtypes
                0x000004c2       0x35 c:/program files/atmel/avr studio 5.0/avr toolchain/bin/../lib/gcc/avr/4.5.1/avrxmega2\libgcc.a(_clzsi2.o)
 .debug_pubtypes
                0x000004f7       0x86 c:/program files/atmel/avr studio 5.0/avr toolchain/bin/../lib/gcc/avr/4.5.1/avrxmega2\libgcc.a(_pack_sf.o)
 .debug_pubtypes
                0x0000057d       0x86 c:/program files/atmel/avr studio 5.0/avr toolchain/bin/../lib/gcc/avr/4.5.1/avrxmega2\libgcc.a(_unpack_sf.o)
 .debug_pubtypes
                0x00000603       0x5b c:/program files/atmel/avr studio 5.0/avr toolchain/bin/../lib/gcc/avr/4.5.1/avrxmega2\libgcc.a(_fpcmp_parts_sf.o)
 .debug_pubtypes
                0x0000065e       0x1e c:/program files/atmel/avr studio 5.0/avr toolchain/bin/../lib/gcc/avr/4.5.1/avrxmega2\libgcc.a(_clz.o)

.debug_ranges   0x00000000       0x68
 .debug_ranges  0x00000000       0x30 c:/program files/atmel/avr studio 5.0/avr toolchain/bin/../lib/gcc/avr/4.5.1/avrxmega2\libgcc.a(_mul_sf.o)
 .debug_ranges  0x00000030       0x38 c:/program files/atmel/avr studio 5.0/avr toolchain/bin/../lib/gcc/avr/4.5.1/avrxmega2\libgcc.a(_div_sf.o)
