Archive member included because of file (symbol)

c:/program files/atmel/avr studio 5.0/avr toolchain/bin/../lib/gcc/avr/4.5.1/avrxmega2\libgcc.a(_mulsi3.o)
                              main.o (__mulsi3)
c:/program files/atmel/avr studio 5.0/avr toolchain/bin/../lib/gcc/avr/4.5.1/avrxmega2\libgcc.a(_udivmodhi4.o)
                              hardware.o (__udivmodhi4)
c:/program files/atmel/avr studio 5.0/avr toolchain/bin/../lib/gcc/avr/4.5.1/avrxmega2\libgcc.a(_divmodhi4.o)
                              hardware.o (__divmodhi4)
c:/program files/atmel/avr studio 5.0/avr toolchain/bin/../lib/gcc/avr/4.5.1/avrxmega2\libgcc.a(_udivmodsi4.o)
                              main.o (__udivmodsi4)
c:/program files/atmel/avr studio 5.0/avr toolchain/bin/../lib/gcc/avr/4.5.1/avrxmega2\libgcc.a(_exit.o)
                              c:/program files/atmel/avr studio 5.0/avr toolchain/bin/../lib/gcc/avr/4.5.1/../../../../avr/lib/avrxmega2/crtx16a4.o (exit)
c:/program files/atmel/avr studio 5.0/avr toolchain/bin/../lib/gcc/avr/4.5.1/avrxmega2\libgcc.a(_copy_data.o)
                              main.o (__do_copy_data)
c:/program files/atmel/avr studio 5.0/avr toolchain/bin/../lib/gcc/avr/4.5.1/avrxmega2\libgcc.a(_clear_bss.o)
                              hardware.o (__do_clear_bss)
c:/program files/atmel/avr studio 5.0/avr toolchain/bin/../lib/gcc/avr/4.5.1/avrxmega2\libgcc.a(_fixunssfsi.o)
                              hardware.o (__fixunssfsi)
c:/program files/atmel/avr studio 5.0/avr toolchain/bin/../lib/gcc/avr/4.5.1/avrxmega2\libgcc.a(_addsub_sf.o)
                              hardware.o (__addsf3)
c:/program files/atmel/avr studio 5.0/avr toolchain/bin/../lib/gcc/avr/4.5.1/avrxmega2\libgcc.a(_mul_sf.o)
                              hardware.o (__mulsf3)
c:/program files/atmel/avr studio 5.0/avr toolchain/bin/../lib/gcc/avr/4.5.1/avrxmega2\libgcc.a(_div_sf.o)
                              hardware.o (__divsf3)
c:/program files/atmel/avr studio 5.0/avr toolchain/bin/../lib/gcc/avr/4.5.1/avrxmega2\libgcc.a(_gt_sf.o)
                              hardware.o (__gtsf2)
c:/program files/atmel/avr studio 5.0/avr toolchain/bin/../lib/gcc/avr/4.5.1/avrxmega2\libgcc.a(_ge_sf.o)
                              c:/program files/atmel/avr studio 5.0/avr toolchain/bin/../lib/gcc/avr/4.5.1/avrxmega2\libgcc.a(_fixunssfsi.o) (__gesf2)
c:/program files/atmel/avr studio 5.0/avr toolchain/bin/../lib/gcc/avr/4.5.1/avrxmega2\libgcc.a(_lt_sf.o)
                              hardware.o (__ltsf2)
c:/program files/atmel/avr studio 5.0/avr toolchain/bin/../lib/gcc/avr/4.5.1/avrxmega2\libgcc.a(_sf_to_si.o)
                              c:/program files/atmel/avr studio 5.0/avr toolchain/bin/../lib/gcc/avr/4.5.1/avrxmega2\libgcc.a(_fixunssfsi.o) (__fixsfsi)
c:/program files/atmel/avr studio 5.0/avr toolchain/bin/../lib/gcc/avr/4.5.1/avrxmega2\libgcc.a(_thenan_sf.o)
                              c:/program files/atmel/avr studio 5.0/avr toolchain/bin/../lib/gcc/avr/4.5.1/avrxmega2\libgcc.a(_addsub_sf.o) (__thenan_sf)
c:/program files/atmel/avr studio 5.0/avr toolchain/bin/../lib/gcc/avr/4.5.1/avrxmega2\libgcc.a(_usi_to_sf.o)
                              hardware.o (__floatunsisf)
c:/program files/atmel/avr studio 5.0/avr toolchain/bin/../lib/gcc/avr/4.5.1/avrxmega2\libgcc.a(_prologue.o)
                              c:/program files/atmel/avr studio 5.0/avr toolchain/bin/../lib/gcc/avr/4.5.1/avrxmega2\libgcc.a(_addsub_sf.o) (__prologue_saves__)
c:/program files/atmel/avr studio 5.0/avr toolchain/bin/../lib/gcc/avr/4.5.1/avrxmega2\libgcc.a(_epilogue.o)
                              c:/program files/atmel/avr studio 5.0/avr toolchain/bin/../lib/gcc/avr/4.5.1/avrxmega2\libgcc.a(_addsub_sf.o) (__epilogue_restores__)
c:/program files/atmel/avr studio 5.0/avr toolchain/bin/../lib/gcc/avr/4.5.1/avrxmega2\libgcc.a(_clzsi2.o)
                              c:/program files/atmel/avr studio 5.0/avr toolchain/bin/../lib/gcc/avr/4.5.1/avrxmega2\libgcc.a(_usi_to_sf.o) (__clzsi2)
c:/program files/atmel/avr studio 5.0/avr toolchain/bin/../lib/gcc/avr/4.5.1/avrxmega2\libgcc.a(_pack_sf.o)
                              c:/program files/atmel/avr studio 5.0/avr toolchain/bin/../lib/gcc/avr/4.5.1/avrxmega2\libgcc.a(_addsub_sf.o) (__pack_f)
c:/program files/atmel/avr studio 5.0/avr toolchain/bin/../lib/gcc/avr/4.5.1/avrxmega2\libgcc.a(_unpack_sf.o)
                              c:/program files/atmel/avr studio 5.0/avr toolchain/bin/../lib/gcc/avr/4.5.1/avrxmega2\libgcc.a(_addsub_sf.o) (__unpack_f)
c:/program files/atmel/avr studio 5.0/avr toolchain/bin/../lib/gcc/avr/4.5.1/avrxmega2\libgcc.a(_fpcmp_parts_sf.o)
                              c:/program files/atmel/avr studio 5.0/avr toolchain/bin/../lib/gcc/avr/4.5.1/avrxmega2\libgcc.a(_gt_sf.o) (__fpcmp_parts_f)
c:/program files/atmel/avr studio 5.0/avr toolchain/bin/../lib/gcc/avr/4.5.1/avrxmega2\libgcc.a(_clz.o)
                              c:/program files/atmel/avr studio 5.0/avr toolchain/bin/../lib/gcc/avr/4.5.1/avrxmega2\libgcc.a(_clzsi2.o) (__clz_tab)

Memory Configuration

Name             Origin             Length             Attributes
text             0x00000000         0x00100000         xr
data             0x00802000         0x0000ffa0         rw !x
eeprom           0x00810000         0x00010000         rw !x
fuse             0x00820000         0x00000400         rw !x
lock             0x00830000         0x00000400         rw !x
signature        0x00840000         0x00000400         rw !x
*default*        0x00000000         0xffffffff

Linker script and memory map

LOAD c:/program files/atmel/avr studio 5.0/avr toolchain/bin/../lib/gcc/avr/4.5.1/../../../../avr/lib/avrxmega2/crtx16a4.o
LOAD hardware.o
LOAD main.o
LOAD serial_midi.o
LOAD xnorMIDI/bytequeue/bytequeue.o
LOAD xnorMIDI/bytequeue/interrupt_setting.o
LOAD xnorMIDI/midi.o
LOAD xnorMIDI/midi_device.o
LOAD c:/program files/atmel/avr studio 5.0/avr toolchain/bin/../lib/gcc/avr/4.5.1/avrxmega2\libgcc.a
LOAD c:/program files/atmel/avr studio 5.0/avr toolchain/bin/../lib/gcc/avr/4.5.1/../../../../avr/lib/avrxmega2\libc.a
LOAD c:/program files/atmel/avr studio 5.0/avr toolchain/bin/../lib/gcc/avr/4.5.1/avrxmega2\libgcc.a

.hash
 *(.hash)

.dynsym
 *(.dynsym)

.dynstr
 *(.dynstr)

.gnu.version
 *(.gnu.version)

.gnu.version_d
 *(.gnu.version_d)

.gnu.version_r
 *(.gnu.version_r)

.rel.init
 *(.rel.init)

.rela.init
 *(.rela.init)

.rel.text
 *(.rel.text)
 *(.rel.text.*)
 *(.rel.gnu.linkonce.t*)

.rela.text
 *(.rela.text)
 *(.rela.text.*)
 *(.rela.gnu.linkonce.t*)

.rel.fini
 *(.rel.fini)

.rela.fini
 *(.rela.fini)

.rel.rodata
 *(.rel.rodata)
 *(.rel.rodata.*)
 *(.rel.gnu.linkonce.r*)

.rela.rodata
 *(.rela.rodata)
 *(.rela.rodata.*)
 *(.rela.gnu.linkonce.r*)

.rel.data
 *(.rel.data)
 *(.rel.data.*)
 *(.rel.gnu.linkonce.d*)

.rela.data
 *(.rela.data)
 *(.rela.data.*)
 *(.rela.gnu.linkonce.d*)

.rel.ctors
 *(.rel.ctors)

.rela.ctors
 *(.rela.ctors)

.rel.dtors
 *(.rel.dtors)

.rela.dtors
 *(.rela.dtors)

.rel.got
 *(.rel.got)

.rela.got
 *(.rela.got)

.rel.bss
 *(.rel.bss)

.rela.bss
 *(.rela.bss)

.rel.plt
 *(.rel.plt)

.rela.plt
 *(.rela.plt)

.text           0x00000000     0x2682
 *(.vectors)
 .vectors       0x00000000      0x178 c:/program files/atmel/avr studio 5.0/avr toolchain/bin/../lib/gcc/avr/4.5.1/../../../../avr/lib/avrxmega2/crtx16a4.o
                0x00000000                __vector_default
                0x00000000                __vectors
 *(.vectors)
 *(.progmem.gcc*)
 *(.progmem*)
                0x00000178                . = ALIGN (0x2)
                0x00000178                __trampolines_start = .
 *(.trampolines)
 .trampolines   0x00000178        0x0 linker stubs
 *(.trampolines*)
                0x00000178                __trampolines_end = .
 *(.jumptables)
 *(.jumptables*)
 *(.lowtext)
 *(.lowtext*)
                0x00000178                __ctors_start = .
 *(.ctors)
                0x00000178                __ctors_end = .
                0x00000178                __dtors_start = .
 *(.dtors)
                0x00000178                __dtors_end = .
 SORT(*)(.ctors)
 SORT(*)(.dtors)
 *(.init0)
 .init0         0x00000178        0x0 c:/program files/atmel/avr studio 5.0/avr toolchain/bin/../lib/gcc/avr/4.5.1/../../../../avr/lib/avrxmega2/crtx16a4.o
                0x00000178                __init
 *(.init0)
 *(.init1)
 *(.init1)
 *(.init2)
 .init2         0x00000178        0xc c:/program files/atmel/avr studio 5.0/avr toolchain/bin/../lib/gcc/avr/4.5.1/../../../../avr/lib/avrxmega2/crtx16a4.o
 *(.init2)
 *(.init3)
 *(.init3)
 *(.init4)
 .init4         0x00000184       0x16 c:/program files/atmel/avr studio 5.0/avr toolchain/bin/../lib/gcc/avr/4.5.1/avrxmega2\libgcc.a(_copy_data.o)
                0x00000184                __do_copy_data
 .init4         0x0000019a       0x10 c:/program files/atmel/avr studio 5.0/avr toolchain/bin/../lib/gcc/avr/4.5.1/avrxmega2\libgcc.a(_clear_bss.o)
                0x0000019a                __do_clear_bss
 *(.init4)
 *(.init5)
 *(.init5)
 *(.init6)
 *(.init6)
 *(.init7)
 *(.init7)
 *(.init8)
 *(.init8)
 *(.init9)
 .init9         0x000001aa        0x8 c:/program files/atmel/avr studio 5.0/avr toolchain/bin/../lib/gcc/avr/4.5.1/../../../../avr/lib/avrxmega2/crtx16a4.o
 *(.init9)
 *(.text)
 .text          0x000001b2        0x4 c:/program files/atmel/avr studio 5.0/avr toolchain/bin/../lib/gcc/avr/4.5.1/../../../../avr/lib/avrxmega2/crtx16a4.o
                0x000001b2                __vector_38
                0x000001b2                __vector_22
                0x000001b2                __vector_63
                0x000001b2                __vector_28
                0x000001b2                __vector_67
                0x000001b2                __vector_1
                0x000001b2                __vector_32
                0x000001b2                __vector_75
                0x000001b2                __vector_71
                0x000001b2                __vector_34
                0x000001b2                __vector_62
                0x000001b2                __vector_77
                0x000001b2                __vector_24
                0x000001b2                __vector_12
                0x000001b2                __vector_55
                0x000001b2                __vector_69
                0x000001b2                __vector_81
                0x000001b2                __vector_90
                0x000001b2                __vector_46
                0x000001b2                __bad_interrupt
                0x000001b2                __vector_72
                0x000001b2                __vector_6
                0x000001b2                __vector_31
                0x000001b2                __vector_92
                0x000001b2                __vector_35
                0x000001b2                __vector_78
                0x000001b2                __vector_74
                0x000001b2                __vector_39
                0x000001b2                __vector_3
                0x000001b2                __vector_23
                0x000001b2                __vector_68
                0x000001b2                __vector_30
                0x000001b2                __vector_73
                0x000001b2                __vector_45
                0x000001b2                __vector_25
                0x000001b2                __vector_93
                0x000001b2                __vector_61
                0x000001b2                __vector_11
                0x000001b2                __vector_54
                0x000001b2                __vector_13
                0x000001b2                __vector_17
                0x000001b2                __vector_19
                0x000001b2                __vector_56
                0x000001b2                __vector_7
                0x000001b2                __vector_49
                0x000001b2                __vector_41
                0x000001b2                __vector_86
                0x000001b2                __vector_64
                0x000001b2                __vector_88
                0x000001b2                __vector_43
                0x000001b2                __vector_27
                0x000001b2                __vector_5
                0x000001b2                __vector_33
                0x000001b2                __vector_76
                0x000001b2                __vector_47
                0x000001b2                __vector_52
                0x000001b2                __vector_37
                0x000001b2                __vector_89
                0x000001b2                __vector_4
                0x000001b2                __vector_44
                0x000001b2                __vector_82
                0x000001b2                __vector_51
                0x000001b2                __vector_9
                0x000001b2                __vector_2
                0x000001b2                __vector_21
                0x000001b2                __vector_15
                0x000001b2                __vector_66
                0x000001b2                __vector_36
                0x000001b2                __vector_79
                0x000001b2                __vector_58
                0x000001b2                __vector_70
                0x000001b2                __vector_83
                0x000001b2                __vector_29
                0x000001b2                __vector_60
                0x000001b2                __vector_40
                0x000001b2                __vector_85
                0x000001b2                __vector_8
                0x000001b2                __vector_26
                0x000001b2                __vector_48
                0x000001b2                __vector_80
                0x000001b2                __vector_14
                0x000001b2                __vector_84
                0x000001b2                __vector_57
                0x000001b2                __vector_53
                0x000001b2                __vector_10
                0x000001b2                __vector_50
                0x000001b2                __vector_16
                0x000001b2                __vector_59
                0x000001b2                __vector_18
                0x000001b2                __vector_20
                0x000001b2                __vector_42
                0x000001b2                __vector_87
                0x000001b2                __vector_65
 .text          0x000001b6      0x636 hardware.o
                0x000001b6                get_encoder
                0x000001bc                get_pot_value
                0x00000304                set_seven_segment_LEDs
                0x000003bc                set_LEDs_on
                0x000003ee                set_LEDs_off
                0x00000420                get_encoder_switch_state
                0x00000426                get_encoder_switch_edge
                0x0000042c                get_pushbutton_switch_state
                0x00000432                get_pushbutton_switch_edge
                0x00000438                get_toggle_switch_state
                0x0000043e                get_toggle_switch_edge
                0x00000444                initialize_hardware
                0x00000552                read_hardware
                0x000007ea                postloop_functions
 .text          0x000007ec      0x690 main.o
                0x000007ec                __vector_91
                0x00000846                test_pots
                0x0000089a                test_switches
                0x000008d2                test_seven_segment
                0x00000938                test_ADC
                0x000009c8                test_xnor_in
                0x00000a3a                test_blank
                0x00000a58                BPM_to_TMR
                0x00000c0a                BPM_to_TMR2
                0x00000dd8                test_pot_banks
                0x00000e72                main
 .text          0x00000e7c       0xf8 serial_midi.o
                0x00000e7c                generic_noteon_callback
                0x00000ec6                generic_catchall_callback
                0x00000f14                serial_midi_send
                0x00000f46                serial_midi_device
                0x00000f4c                serial_midi_init
 .text          0x00000f74      0x102 xnorMIDI/bytequeue/bytequeue.o
                0x00000f74                bytequeue_init
                0x00000f82                bytequeue_enqueue
                0x00000fe8                bytequeue_length
                0x00001014                bytequeue_get
                0x00001034                bytequeue_remove
 .text          0x00001076        0xa xnorMIDI/bytequeue/interrupt_setting.o
                0x00001076                store_and_clear_interrupt
                0x0000107c                restore_interrupt_setting
 .text          0x00001080      0x35a xnorMIDI/midi.o
                0x00001080                midi_is_statusbyte
                0x00001088                midi_is_realtime
                0x00001094                midi_packet_length
                0x00001100                midi_send_cc
                0x00001124                midi_send_noteon
                0x00001148                midi_send_noteoff
                0x0000116c                midi_send_aftertouch
                0x00001190                midi_send_pitchbend
                0x000011de                midi_send_programchange
                0x000011fe                midi_send_channelpressure
                0x0000121e                midi_send_clock
                0x00001236                midi_send_tick
                0x0000124e                midi_send_start
                0x00001266                midi_send_continue
                0x0000127e                midi_send_stop
                0x00001296                midi_send_activesense
                0x000012ae                midi_send_reset
                0x000012c6                midi_send_tcquarterframe
                0x000012e0                midi_send_songposition
                0x0000130a                midi_send_songselect
                0x00001324                midi_send_tunerequest
                0x0000133c                midi_send_byte
                0x00001354                midi_send_data
                0x00001362                midi_register_cc_callback
                0x0000136a                midi_register_noteon_callback
                0x00001372                midi_register_noteoff_callback
                0x0000137a                midi_register_aftertouch_callback
                0x00001382                midi_register_pitchbend_callback
                0x0000138a                midi_register_songposition_callback
                0x00001392                midi_register_progchange_callback
                0x0000139a                midi_register_chanpressure_callback
                0x000013a2                midi_register_songselect_callback
                0x000013aa                midi_register_tc_quarterframe_callback
                0x000013b2                midi_register_realtime_callback
                0x000013ba                midi_register_tunerequest_callback
                0x000013c2                midi_register_sysex_callback
                0x000013ca                midi_register_fallthrough_callback
                0x000013d2                midi_register_catchall_callback
 .text          0x000013da      0x3f2 xnorMIDI/midi_device.o
                0x000013da                midi_device_init
                0x0000143c                midi_device_input
                0x0000148a                midi_device_set_send_func
                0x00001492                midi_device_set_pre_input_process_func
                0x0000149a                midi_input_callbacks
                0x0000160c                midi_process_byte
                0x0000174a                midi_device_process
 .text          0x000017cc        0x0 c:/program files/atmel/avr studio 5.0/avr toolchain/bin/../lib/gcc/avr/4.5.1/avrxmega2\libgcc.a(_mulsi3.o)
 .text          0x000017cc        0x0 c:/program files/atmel/avr studio 5.0/avr toolchain/bin/../lib/gcc/avr/4.5.1/avrxmega2\libgcc.a(_udivmodhi4.o)
 .text          0x000017cc        0x0 c:/program files/atmel/avr studio 5.0/avr toolchain/bin/../lib/gcc/avr/4.5.1/avrxmega2\libgcc.a(_divmodhi4.o)
 .text          0x000017cc        0x0 c:/program files/atmel/avr studio 5.0/avr toolchain/bin/../lib/gcc/avr/4.5.1/avrxmega2\libgcc.a(_udivmodsi4.o)
 .text          0x000017cc        0x0 c:/program files/atmel/avr studio 5.0/avr toolchain/bin/../lib/gcc/avr/4.5.1/avrxmega2\libgcc.a(_exit.o)
 .text          0x000017cc        0x0 c:/program files/atmel/avr studio 5.0/avr toolchain/bin/../lib/gcc/avr/4.5.1/avrxmega2\libgcc.a(_copy_data.o)
 .text          0x000017cc        0x0 c:/program files/atmel/avr studio 5.0/avr toolchain/bin/../lib/gcc/avr/4.5.1/avrxmega2\libgcc.a(_clear_bss.o)
 .text          0x000017cc       0x58 c:/program files/atmel/avr studio 5.0/avr toolchain/bin/../lib/gcc/avr/4.5.1/avrxmega2\libgcc.a(_fixunssfsi.o)
                0x000017cc                __fixunssfsi
 .text          0x00001824      0x350 c:/program files/atmel/avr studio 5.0/avr toolchain/bin/../lib/gcc/avr/4.5.1/avrxmega2\libgcc.a(_addsub_sf.o)
                0x00001ab8                __addsf3
                0x00001b12                __subsf3
 .text          0x00001b74      0x1f4 c:/program files/atmel/avr studio 5.0/avr toolchain/bin/../lib/gcc/avr/4.5.1/avrxmega2\libgcc.a(_mul_sf.o)
                0x00001b74                __mulsf3
 .text          0x00001d68      0x15c c:/program files/atmel/avr studio 5.0/avr toolchain/bin/../lib/gcc/avr/4.5.1/avrxmega2\libgcc.a(_div_sf.o)
                0x00001d68                __divsf3
 .text          0x00001ec4       0x60 c:/program files/atmel/avr studio 5.0/avr toolchain/bin/../lib/gcc/avr/4.5.1/avrxmega2\libgcc.a(_gt_sf.o)
                0x00001ec4                __gtsf2
 .text          0x00001f24       0x60 c:/program files/atmel/avr studio 5.0/avr toolchain/bin/../lib/gcc/avr/4.5.1/avrxmega2\libgcc.a(_ge_sf.o)
                0x00001f24                __gesf2
 .text          0x00001f84       0x60 c:/program files/atmel/avr studio 5.0/avr toolchain/bin/../lib/gcc/avr/4.5.1/avrxmega2\libgcc.a(_lt_sf.o)
                0x00001f84                __ltsf2
 .text          0x00001fe4       0xa4 c:/program files/atmel/avr studio 5.0/avr toolchain/bin/../lib/gcc/avr/4.5.1/avrxmega2\libgcc.a(_sf_to_si.o)
                0x00001fe4                __fixsfsi
 .text          0x00002088        0x0 c:/program files/atmel/avr studio 5.0/avr toolchain/bin/../lib/gcc/avr/4.5.1/avrxmega2\libgcc.a(_thenan_sf.o)
 .text          0x00002088       0xf0 c:/program files/atmel/avr studio 5.0/avr toolchain/bin/../lib/gcc/avr/4.5.1/avrxmega2\libgcc.a(_usi_to_sf.o)
                0x00002088                __floatunsisf
 .text          0x00002178        0x0 c:/program files/atmel/avr studio 5.0/avr toolchain/bin/../lib/gcc/avr/4.5.1/avrxmega2\libgcc.a(_prologue.o)
 .text          0x00002178        0x0 c:/program files/atmel/avr studio 5.0/avr toolchain/bin/../lib/gcc/avr/4.5.1/avrxmega2\libgcc.a(_epilogue.o)
 .text          0x00002178       0xb4 c:/program files/atmel/avr studio 5.0/avr toolchain/bin/../lib/gcc/avr/4.5.1/avrxmega2\libgcc.a(_clzsi2.o)
                0x00002178                __clzsi2
 .text          0x0000222c      0x19c c:/program files/atmel/avr studio 5.0/avr toolchain/bin/../lib/gcc/avr/4.5.1/avrxmega2\libgcc.a(_pack_sf.o)
                0x0000222c                __pack_f
 .text          0x000023c8       0xd2 c:/program files/atmel/avr studio 5.0/avr toolchain/bin/../lib/gcc/avr/4.5.1/avrxmega2\libgcc.a(_unpack_sf.o)
                0x000023c8                __unpack_f
 .text          0x0000249a       0xb2 c:/program files/atmel/avr studio 5.0/avr toolchain/bin/../lib/gcc/avr/4.5.1/avrxmega2\libgcc.a(_fpcmp_parts_sf.o)
                0x0000249a                __fpcmp_parts_f
 .text          0x0000254c        0x0 c:/program files/atmel/avr studio 5.0/avr toolchain/bin/../lib/gcc/avr/4.5.1/avrxmega2\libgcc.a(_clz.o)
                0x0000254c                . = ALIGN (0x2)
 *(.text.*)
 .text.libgcc   0x0000254c       0x3e c:/program files/atmel/avr studio 5.0/avr toolchain/bin/../lib/gcc/avr/4.5.1/avrxmega2\libgcc.a(_mulsi3.o)
                0x0000254c                __mulsi3
 .text.libgcc   0x0000258a       0x28 c:/program files/atmel/avr studio 5.0/avr toolchain/bin/../lib/gcc/avr/4.5.1/avrxmega2\libgcc.a(_udivmodhi4.o)
                0x0000258a                __udivmodhi4
 .text.libgcc   0x000025b2       0x26 c:/program files/atmel/avr studio 5.0/avr toolchain/bin/../lib/gcc/avr/4.5.1/avrxmega2\libgcc.a(_divmodhi4.o)
                0x000025b2                _div
                0x000025b2                __divmodhi4
 .text.libgcc   0x000025d8       0x44 c:/program files/atmel/avr studio 5.0/avr toolchain/bin/../lib/gcc/avr/4.5.1/avrxmega2\libgcc.a(_udivmodsi4.o)
                0x000025d8                __udivmodsi4
 .text.libgcc   0x0000261c        0x0 c:/program files/atmel/avr studio 5.0/avr toolchain/bin/../lib/gcc/avr/4.5.1/avrxmega2\libgcc.a(_exit.o)
 .text.libgcc   0x0000261c        0x0 c:/program files/atmel/avr studio 5.0/avr toolchain/bin/../lib/gcc/avr/4.5.1/avrxmega2\libgcc.a(_copy_data.o)
 .text.libgcc   0x0000261c        0x0 c:/program files/atmel/avr studio 5.0/avr toolchain/bin/../lib/gcc/avr/4.5.1/avrxmega2\libgcc.a(_clear_bss.o)
 .text.libgcc   0x0000261c       0x32 c:/program files/atmel/avr studio 5.0/avr toolchain/bin/../lib/gcc/avr/4.5.1/avrxmega2\libgcc.a(_prologue.o)
                0x0000261c                __prologue_saves__
 .text.libgcc   0x0000264e       0x30 c:/program files/atmel/avr studio 5.0/avr toolchain/bin/../lib/gcc/avr/4.5.1/avrxmega2\libgcc.a(_epilogue.o)
                0x0000264e                __epilogue_restores__
                0x0000267e                . = ALIGN (0x2)
 *(.fini9)
 .fini9         0x0000267e        0x0 c:/program files/atmel/avr studio 5.0/avr toolchain/bin/../lib/gcc/avr/4.5.1/avrxmega2\libgcc.a(_exit.o)
                0x0000267e                _exit
                0x0000267e                exit
 *(.fini9)
 *(.fini8)
 *(.fini8)
 *(.fini7)
 *(.fini7)
 *(.fini6)
 *(.fini6)
 *(.fini5)
 *(.fini5)
 *(.fini4)
 *(.fini4)
 *(.fini3)
 *(.fini3)
 *(.fini2)
 *(.fini2)
 *(.fini1)
 *(.fini1)
 *(.fini0)
 .fini0         0x0000267e        0x4 c:/program files/atmel/avr studio 5.0/avr toolchain/bin/../lib/gcc/avr/4.5.1/avrxmega2\libgcc.a(_exit.o)
 *(.fini0)
                0x00002682                _etext = .

.data           0x00802000      0x158 load address 0x00002682
                0x00802000                PROVIDE (__data_start, .)
 *(.data)
 .data          0x00802000        0x0 c:/program files/atmel/avr studio 5.0/avr toolchain/bin/../lib/gcc/avr/4.5.1/../../../../avr/lib/avrxmega2/crtx16a4.o
 .data          0x00802000        0x0 hardware.o
 .data          0x00802000       0x40 main.o
 .data          0x00802040        0x0 serial_midi.o
 .data          0x00802040        0x0 xnorMIDI/bytequeue/bytequeue.o
 .data          0x00802040        0x0 xnorMIDI/bytequeue/interrupt_setting.o
 .data          0x00802040        0xf xnorMIDI/midi.o
 .data          0x0080204f        0x0 xnorMIDI/midi_device.o
 .data          0x0080204f        0x0 c:/program files/atmel/avr studio 5.0/avr toolchain/bin/../lib/gcc/avr/4.5.1/avrxmega2\libgcc.a(_mulsi3.o)
 .data          0x0080204f        0x0 c:/program files/atmel/avr studio 5.0/avr toolchain/bin/../lib/gcc/avr/4.5.1/avrxmega2\libgcc.a(_udivmodhi4.o)
 .data          0x0080204f        0x0 c:/program files/atmel/avr studio 5.0/avr toolchain/bin/../lib/gcc/avr/4.5.1/avrxmega2\libgcc.a(_divmodhi4.o)
 .data          0x0080204f        0x0 c:/program files/atmel/avr studio 5.0/avr toolchain/bin/../lib/gcc/avr/4.5.1/avrxmega2\libgcc.a(_udivmodsi4.o)
 .data          0x0080204f        0x0 c:/program files/atmel/avr studio 5.0/avr toolchain/bin/../lib/gcc/avr/4.5.1/avrxmega2\libgcc.a(_exit.o)
 .data          0x0080204f        0x0 c:/program files/atmel/avr studio 5.0/avr toolchain/bin/../lib/gcc/avr/4.5.1/avrxmega2\libgcc.a(_copy_data.o)
 .data          0x0080204f        0x0 c:/program files/atmel/avr studio 5.0/avr toolchain/bin/../lib/gcc/avr/4.5.1/avrxmega2\libgcc.a(_clear_bss.o)
 .data          0x0080204f        0x0 c:/program files/atmel/avr studio 5.0/avr toolchain/bin/../lib/gcc/avr/4.5.1/avrxmega2\libgcc.a(_fixunssfsi.o)
 .data          0x0080204f        0x0 c:/program files/atmel/avr studio 5.0/avr toolchain/bin/../lib/gcc/avr/4.5.1/avrxmega2\libgcc.a(_addsub_sf.o)
 .data          0x0080204f        0x0 c:/program files/atmel/avr studio 5.0/avr toolchain/bin/../lib/gcc/avr/4.5.1/avrxmega2\libgcc.a(_mul_sf.o)
 .data          0x0080204f        0x0 c:/program files/atmel/avr studio 5.0/avr toolchain/bin/../lib/gcc/avr/4.5.1/avrxmega2\libgcc.a(_div_sf.o)
 .data          0x0080204f        0x0 c:/program files/atmel/avr studio 5.0/avr toolchain/bin/../lib/gcc/avr/4.5.1/avrxmega2\libgcc.a(_gt_sf.o)
 .data          0x0080204f        0x0 c:/program files/atmel/avr studio 5.0/avr toolchain/bin/../lib/gcc/avr/4.5.1/avrxmega2\libgcc.a(_ge_sf.o)
 .data          0x0080204f        0x0 c:/program files/atmel/avr studio 5.0/avr toolchain/bin/../lib/gcc/avr/4.5.1/avrxmega2\libgcc.a(_lt_sf.o)
 .data          0x0080204f        0x0 c:/program files/atmel/avr studio 5.0/avr toolchain/bin/../lib/gcc/avr/4.5.1/avrxmega2\libgcc.a(_sf_to_si.o)
 .data          0x0080204f        0x8 c:/program files/atmel/avr studio 5.0/avr toolchain/bin/../lib/gcc/avr/4.5.1/avrxmega2\libgcc.a(_thenan_sf.o)
                0x0080204f                __thenan_sf
 .data          0x00802057        0x0 c:/program files/atmel/avr studio 5.0/avr toolchain/bin/../lib/gcc/avr/4.5.1/avrxmega2\libgcc.a(_usi_to_sf.o)
 .data          0x00802057        0x0 c:/program files/atmel/avr studio 5.0/avr toolchain/bin/../lib/gcc/avr/4.5.1/avrxmega2\libgcc.a(_prologue.o)
 .data          0x00802057        0x0 c:/program files/atmel/avr studio 5.0/avr toolchain/bin/../lib/gcc/avr/4.5.1/avrxmega2\libgcc.a(_epilogue.o)
 .data          0x00802057        0x0 c:/program files/atmel/avr studio 5.0/avr toolchain/bin/../lib/gcc/avr/4.5.1/avrxmega2\libgcc.a(_clzsi2.o)
 .data          0x00802057        0x0 c:/program files/atmel/avr studio 5.0/avr toolchain/bin/../lib/gcc/avr/4.5.1/avrxmega2\libgcc.a(_pack_sf.o)
 .data          0x00802057        0x0 c:/program files/atmel/avr studio 5.0/avr toolchain/bin/../lib/gcc/avr/4.5.1/avrxmega2\libgcc.a(_unpack_sf.o)
 .data          0x00802057        0x0 c:/program files/atmel/avr studio 5.0/avr toolchain/bin/../lib/gcc/avr/4.5.1/avrxmega2\libgcc.a(_fpcmp_parts_sf.o)
 .data          0x00802057      0x100 c:/program files/atmel/avr studio 5.0/avr toolchain/bin/../lib/gcc/avr/4.5.1/avrxmega2\libgcc.a(_clz.o)
                0x00802057                __clz_tab
 *(.data*)
 *(.rodata)
 *(.rodata*)
 *(.gnu.linkonce.d*)
                0x00802158                . = ALIGN (0x2)
 *fill*         0x00802157        0x1 00
                0x00802158                _edata = .
                0x00802158                PROVIDE (__data_end, .)

.bss            0x00802158      0x108
                0x00802158                PROVIDE (__bss_start, .)
 *(.bss)
 .bss           0x00802158        0x0 c:/program files/atmel/avr studio 5.0/avr toolchain/bin/../lib/gcc/avr/4.5.1/../../../../avr/lib/avrxmega2/crtx16a4.o
 .bss           0x00802158       0x18 hardware.o
 .bss           0x00802170        0x1 main.o
 .bss           0x00802171       0xef serial_midi.o
 .bss           0x00802260        0x0 xnorMIDI/bytequeue/bytequeue.o
 .bss           0x00802260        0x0 xnorMIDI/bytequeue/interrupt_setting.o
 .bss           0x00802260        0x0 xnorMIDI/midi.o
 .bss           0x00802260        0x0 xnorMIDI/midi_device.o
 .bss           0x00802260        0x0 c:/program files/atmel/avr studio 5.0/avr toolchain/bin/../lib/gcc/avr/4.5.1/avrxmega2\libgcc.a(_mulsi3.o)
 .bss           0x00802260        0x0 c:/program files/atmel/avr studio 5.0/avr toolchain/bin/../lib/gcc/avr/4.5.1/avrxmega2\libgcc.a(_udivmodhi4.o)
 .bss           0x00802260        0x0 c:/program files/atmel/avr studio 5.0/avr toolchain/bin/../lib/gcc/avr/4.5.1/avrxmega2\libgcc.a(_divmodhi4.o)
 .bss           0x00802260        0x0 c:/program files/atmel/avr studio 5.0/avr toolchain/bin/../lib/gcc/avr/4.5.1/avrxmega2\libgcc.a(_udivmodsi4.o)
 .bss           0x00802260        0x0 c:/program files/atmel/avr studio 5.0/avr toolchain/bin/../lib/gcc/avr/4.5.1/avrxmega2\libgcc.a(_exit.o)
 .bss           0x00802260        0x0 c:/program files/atmel/avr studio 5.0/avr toolchain/bin/../lib/gcc/avr/4.5.1/avrxmega2\libgcc.a(_copy_data.o)
 .bss           0x00802260        0x0 c:/program files/atmel/avr studio 5.0/avr toolchain/bin/../lib/gcc/avr/4.5.1/avrxmega2\libgcc.a(_clear_bss.o)
 .bss           0x00802260        0x0 c:/program files/atmel/avr studio 5.0/avr toolchain/bin/../lib/gcc/avr/4.5.1/avrxmega2\libgcc.a(_fixunssfsi.o)
 .bss           0x00802260        0x0 c:/program files/atmel/avr studio 5.0/avr toolchain/bin/../lib/gcc/avr/4.5.1/avrxmega2\libgcc.a(_addsub_sf.o)
 .bss           0x00802260        0x0 c:/program files/atmel/avr studio 5.0/avr toolchain/bin/../lib/gcc/avr/4.5.1/avrxmega2\libgcc.a(_mul_sf.o)
 .bss           0x00802260        0x0 c:/program files/atmel/avr studio 5.0/avr toolchain/bin/../lib/gcc/avr/4.5.1/avrxmega2\libgcc.a(_div_sf.o)
 .bss           0x00802260        0x0 c:/program files/atmel/avr studio 5.0/avr toolchain/bin/../lib/gcc/avr/4.5.1/avrxmega2\libgcc.a(_gt_sf.o)
 .bss           0x00802260        0x0 c:/program files/atmel/avr studio 5.0/avr toolchain/bin/../lib/gcc/avr/4.5.1/avrxmega2\libgcc.a(_ge_sf.o)
 .bss           0x00802260        0x0 c:/program files/atmel/avr studio 5.0/avr toolchain/bin/../lib/gcc/avr/4.5.1/avrxmega2\libgcc.a(_lt_sf.o)
 .bss           0x00802260        0x0 c:/program files/atmel/avr studio 5.0/avr toolchain/bin/../lib/gcc/avr/4.5.1/avrxmega2\libgcc.a(_sf_to_si.o)
 .bss           0x00802260        0x0 c:/program files/atmel/avr studio 5.0/avr toolchain/bin/../lib/gcc/avr/4.5.1/avrxmega2\libgcc.a(_thenan_sf.o)
 .bss           0x00802260        0x0 c:/program files/atmel/avr studio 5.0/avr toolchain/bin/../lib/gcc/avr/4.5.1/avrxmega2\libgcc.a(_usi_to_sf.o)
 .bss           0x00802260        0x0 c:/program files/atmel/avr studio 5.0/avr toolchain/bin/../lib/gcc/avr/4.5.1/avrxmega2\libgcc.a(_prologue.o)
 .bss           0x00802260        0x0 c:/program files/atmel/avr studio 5.0/avr toolchain/bin/../lib/gcc/avr/4.5.1/avrxmega2\libgcc.a(_epilogue.o)
 .bss           0x00802260        0x0 c:/program files/atmel/avr studio 5.0/avr toolchain/bin/../lib/gcc/avr/4.5.1/avrxmega2\libgcc.a(_clzsi2.o)
 .bss           0x00802260        0x0 c:/program files/atmel/avr studio 5.0/avr toolchain/bin/../lib/gcc/avr/4.5.1/avrxmega2\libgcc.a(_pack_sf.o)
 .bss           0x00802260        0x0 c:/program files/atmel/avr studio 5.0/avr toolchain/bin/../lib/gcc/avr/4.5.1/avrxmega2\libgcc.a(_unpack_sf.o)
 .bss           0x00802260        0x0 c:/program files/atmel/avr studio 5.0/avr toolchain/bin/../lib/gcc/avr/4.5.1/avrxmega2\libgcc.a(_fpcmp_parts_sf.o)
 .bss           0x00802260        0x0 c:/program files/atmel/avr studio 5.0/avr toolchain/bin/../lib/gcc/avr/4.5.1/avrxmega2\libgcc.a(_clz.o)
 *(.bss*)
 *(COMMON)
                0x00802260                PROVIDE (__bss_end, .)
                0x00002682                __data_load_start = LOADADDR (.data)
                0x000027da                __data_load_end = (__data_load_start + SIZEOF (.data))

.noinit         0x00802260        0x0
                0x00802260                PROVIDE (__noinit_start, .)
 *(.noinit*)
                0x00802260                PROVIDE (__noinit_end, .)
                0x00802260                _end = .
                0x00802260                PROVIDE (__heap_start, .)

.eeprom         0x00810000        0x0
 *(.eeprom*)
                0x00810000                __eeprom_end = .

.fuse
 *(.fuse)
 *(.lfuse)
 *(.hfuse)
 *(.efuse)

.lock
 *(.lock*)

.signature
 *(.signature*)

.stab           0x00000000      0x6cc
 *(.stab)
 .stab          0x00000000      0x6cc c:/program files/atmel/avr studio 5.0/avr toolchain/bin/../lib/gcc/avr/4.5.1/../../../../avr/lib/avrxmega2/crtx16a4.o

.stabstr        0x00000000       0x85
 *(.stabstr)
 .stabstr       0x00000000       0x85 c:/program files/atmel/avr studio 5.0/avr toolchain/bin/../lib/gcc/avr/4.5.1/../../../../avr/lib/avrxmega2/crtx16a4.o

.stab.excl
 *(.stab.excl)

.stab.exclstr
 *(.stab.exclstr)

.stab.index
 *(.stab.index)

.stab.indexstr
 *(.stab.indexstr)

.comment
 *(.comment)

.debug
 *(.debug)

.line
 *(.line)

.debug_srcinfo
 *(.debug_srcinfo)

.debug_sfnames
 *(.debug_sfnames)

.debug_aranges  0x00000000      0x280
 *(.debug_aranges)
 .debug_aranges
                0x00000000       0x20 hardware.o
 .debug_aranges
                0x00000020       0x20 main.o
 .debug_aranges
                0x00000040       0x20 serial_midi.o
 .debug_aranges
                0x00000060       0x20 xnorMIDI/bytequeue/bytequeue.o
 .debug_aranges
                0x00000080       0x20 xnorMIDI/bytequeue/interrupt_setting.o
 .debug_aranges
                0x000000a0       0x20 xnorMIDI/midi.o
 .debug_aranges
                0x000000c0       0x20 xnorMIDI/midi_device.o
 .debug_aranges
                0x000000e0       0x20 c:/program files/atmel/avr studio 5.0/avr toolchain/bin/../lib/gcc/avr/4.5.1/avrxmega2\libgcc.a(_fixunssfsi.o)
 .debug_aranges
                0x00000100       0x20 c:/program files/atmel/avr studio 5.0/avr toolchain/bin/../lib/gcc/avr/4.5.1/avrxmega2\libgcc.a(_addsub_sf.o)
 .debug_aranges
                0x00000120       0x20 c:/program files/atmel/avr studio 5.0/avr toolchain/bin/../lib/gcc/avr/4.5.1/avrxmega2\libgcc.a(_mul_sf.o)
 .debug_aranges
                0x00000140       0x20 c:/program files/atmel/avr studio 5.0/avr toolchain/bin/../lib/gcc/avr/4.5.1/avrxmega2\libgcc.a(_div_sf.o)
 .debug_aranges
                0x00000160       0x20 c:/program files/atmel/avr studio 5.0/avr toolchain/bin/../lib/gcc/avr/4.5.1/avrxmega2\libgcc.a(_gt_sf.o)
 .debug_aranges
                0x00000180       0x20 c:/program files/atmel/avr studio 5.0/avr toolchain/bin/../lib/gcc/avr/4.5.1/avrxmega2\libgcc.a(_ge_sf.o)
 .debug_aranges
                0x000001a0       0x20 c:/program files/atmel/avr studio 5.0/avr toolchain/bin/../lib/gcc/avr/4.5.1/avrxmega2\libgcc.a(_lt_sf.o)
 .debug_aranges
                0x000001c0       0x20 c:/program files/atmel/avr studio 5.0/avr toolchain/bin/../lib/gcc/avr/4.5.1/avrxmega2\libgcc.a(_sf_to_si.o)
 .debug_aranges
                0x000001e0       0x20 c:/program files/atmel/avr studio 5.0/avr toolchain/bin/../lib/gcc/avr/4.5.1/avrxmega2\libgcc.a(_usi_to_sf.o)
 .debug_aranges
                0x00000200       0x20 c:/program files/atmel/avr studio 5.0/avr toolchain/bin/../lib/gcc/avr/4.5.1/avrxmega2\libgcc.a(_clzsi2.o)
 .debug_aranges
                0x00000220       0x20 c:/program files/atmel/avr studio 5.0/avr toolchain/bin/../lib/gcc/avr/4.5.1/avrxmega2\libgcc.a(_pack_sf.o)
 .debug_aranges
                0x00000240       0x20 c:/program files/atmel/avr studio 5.0/avr toolchain/bin/../lib/gcc/avr/4.5.1/avrxmega2\libgcc.a(_unpack_sf.o)
 .debug_aranges
                0x00000260       0x20 c:/program files/atmel/avr studio 5.0/avr toolchain/bin/../lib/gcc/avr/4.5.1/avrxmega2\libgcc.a(_fpcmp_parts_sf.o)

.debug_pubnames
                0x00000000      0xa7e
 *(.debug_pubnames)
 .debug_pubnames
                0x00000000      0x160 hardware.o
 .debug_pubnames
                0x00000160       0xc1 main.o
 .debug_pubnames
                0x00000221       0x8d serial_midi.o
 .debug_pubnames
                0x000002ae       0x77 xnorMIDI/bytequeue/bytequeue.o
 .debug_pubnames
                0x00000325       0x4e xnorMIDI/bytequeue/interrupt_setting.o
 .debug_pubnames
                0x00000373      0x44c xnorMIDI/midi.o
 .debug_pubnames
                0x000007bf       0xcd xnorMIDI/midi_device.o
 .debug_pubnames
                0x0000088c       0x23 c:/program files/atmel/avr studio 5.0/avr toolchain/bin/../lib/gcc/avr/4.5.1/avrxmega2\libgcc.a(_fixunssfsi.o)
 .debug_pubnames
                0x000008af       0x2c c:/program files/atmel/avr studio 5.0/avr toolchain/bin/../lib/gcc/avr/4.5.1/avrxmega2\libgcc.a(_addsub_sf.o)
 .debug_pubnames
                0x000008db       0x1f c:/program files/atmel/avr studio 5.0/avr toolchain/bin/../lib/gcc/avr/4.5.1/avrxmega2\libgcc.a(_mul_sf.o)
 .debug_pubnames
                0x000008fa       0x1f c:/program files/atmel/avr studio 5.0/avr toolchain/bin/../lib/gcc/avr/4.5.1/avrxmega2\libgcc.a(_div_sf.o)
 .debug_pubnames
                0x00000919       0x1e c:/program files/atmel/avr studio 5.0/avr toolchain/bin/../lib/gcc/avr/4.5.1/avrxmega2\libgcc.a(_gt_sf.o)
 .debug_pubnames
                0x00000937       0x1e c:/program files/atmel/avr studio 5.0/avr toolchain/bin/../lib/gcc/avr/4.5.1/avrxmega2\libgcc.a(_ge_sf.o)
 .debug_pubnames
                0x00000955       0x1e c:/program files/atmel/avr studio 5.0/avr toolchain/bin/../lib/gcc/avr/4.5.1/avrxmega2\libgcc.a(_lt_sf.o)
 .debug_pubnames
                0x00000973       0x20 c:/program files/atmel/avr studio 5.0/avr toolchain/bin/../lib/gcc/avr/4.5.1/avrxmega2\libgcc.a(_sf_to_si.o)
 .debug_pubnames
                0x00000993       0x22 c:/program files/atmel/avr studio 5.0/avr toolchain/bin/../lib/gcc/avr/4.5.1/avrxmega2\libgcc.a(_thenan_sf.o)
 .debug_pubnames
                0x000009b5       0x24 c:/program files/atmel/avr studio 5.0/avr toolchain/bin/../lib/gcc/avr/4.5.1/avrxmega2\libgcc.a(_usi_to_sf.o)
 .debug_pubnames
                0x000009d9       0x1f c:/program files/atmel/avr studio 5.0/avr toolchain/bin/../lib/gcc/avr/4.5.1/avrxmega2\libgcc.a(_clzsi2.o)
 .debug_pubnames
                0x000009f8       0x1f c:/program files/atmel/avr studio 5.0/avr toolchain/bin/../lib/gcc/avr/4.5.1/avrxmega2\libgcc.a(_pack_sf.o)
 .debug_pubnames
                0x00000a17       0x21 c:/program files/atmel/avr studio 5.0/avr toolchain/bin/../lib/gcc/avr/4.5.1/avrxmega2\libgcc.a(_unpack_sf.o)
 .debug_pubnames
                0x00000a38       0x26 c:/program files/atmel/avr studio 5.0/avr toolchain/bin/../lib/gcc/avr/4.5.1/avrxmega2\libgcc.a(_fpcmp_parts_sf.o)
 .debug_pubnames
                0x00000a5e       0x20 c:/program files/atmel/avr studio 5.0/avr toolchain/bin/../lib/gcc/avr/4.5.1/avrxmega2\libgcc.a(_clz.o)

.debug_info     0x00000000     0x5651
 *(.debug_info)
 .debug_info    0x00000000      0xd21 hardware.o
 .debug_info    0x00000d21      0xb21 main.o
 .debug_info    0x00001842      0x564 serial_midi.o
 .debug_info    0x00001da6      0x23e xnorMIDI/bytequeue/bytequeue.o
 .debug_info    0x00001fe4       0xc2 xnorMIDI/bytequeue/interrupt_setting.o
 .debug_info    0x000020a6      0xc6b xnorMIDI/midi.o
 .debug_info    0x00002d11      0x5f8 xnorMIDI/midi_device.o
 .debug_info    0x00003309       0xbd c:/program files/atmel/avr studio 5.0/avr toolchain/bin/../lib/gcc/avr/4.5.1/avrxmega2\libgcc.a(_fixunssfsi.o)
 .debug_info    0x000033c6      0x455 c:/program files/atmel/avr studio 5.0/avr toolchain/bin/../lib/gcc/avr/4.5.1/avrxmega2\libgcc.a(_addsub_sf.o)
 .debug_info    0x0000381b      0x3ec c:/program files/atmel/avr studio 5.0/avr toolchain/bin/../lib/gcc/avr/4.5.1/avrxmega2\libgcc.a(_mul_sf.o)
 .debug_info    0x00003c07      0x37f c:/program files/atmel/avr studio 5.0/avr toolchain/bin/../lib/gcc/avr/4.5.1/avrxmega2\libgcc.a(_div_sf.o)
 .debug_info    0x00003f86      0x28a c:/program files/atmel/avr studio 5.0/avr toolchain/bin/../lib/gcc/avr/4.5.1/avrxmega2\libgcc.a(_gt_sf.o)
 .debug_info    0x00004210      0x28a c:/program files/atmel/avr studio 5.0/avr toolchain/bin/../lib/gcc/avr/4.5.1/avrxmega2\libgcc.a(_ge_sf.o)
 .debug_info    0x0000449a      0x28a c:/program files/atmel/avr studio 5.0/avr toolchain/bin/../lib/gcc/avr/4.5.1/avrxmega2\libgcc.a(_lt_sf.o)
 .debug_info    0x00004724      0x2a5 c:/program files/atmel/avr studio 5.0/avr toolchain/bin/../lib/gcc/avr/4.5.1/avrxmega2\libgcc.a(_sf_to_si.o)
 .debug_info    0x000049c9      0x15e c:/program files/atmel/avr studio 5.0/avr toolchain/bin/../lib/gcc/avr/4.5.1/avrxmega2\libgcc.a(_thenan_sf.o)
 .debug_info    0x00004b27      0x232 c:/program files/atmel/avr studio 5.0/avr toolchain/bin/../lib/gcc/avr/4.5.1/avrxmega2\libgcc.a(_usi_to_sf.o)
 .debug_info    0x00004d59      0x12c c:/program files/atmel/avr studio 5.0/avr toolchain/bin/../lib/gcc/avr/4.5.1/avrxmega2\libgcc.a(_clzsi2.o)
 .debug_info    0x00004e85      0x2d9 c:/program files/atmel/avr studio 5.0/avr toolchain/bin/../lib/gcc/avr/4.5.1/avrxmega2\libgcc.a(_pack_sf.o)
 .debug_info    0x0000515e      0x25c c:/program files/atmel/avr studio 5.0/avr toolchain/bin/../lib/gcc/avr/4.5.1/avrxmega2\libgcc.a(_unpack_sf.o)
 .debug_info    0x000053ba      0x1f1 c:/program files/atmel/avr studio 5.0/avr toolchain/bin/../lib/gcc/avr/4.5.1/avrxmega2\libgcc.a(_fpcmp_parts_sf.o)
 .debug_info    0x000055ab       0xa6 c:/program files/atmel/avr studio 5.0/avr toolchain/bin/../lib/gcc/avr/4.5.1/avrxmega2\libgcc.a(_clz.o)
 *(.gnu.linkonce.wi.*)

.debug_abbrev   0x00000000     0x1c2a
 *(.debug_abbrev)
 .debug_abbrev  0x00000000      0x287 hardware.o
 .debug_abbrev  0x00000287      0x1c1 main.o
 .debug_abbrev  0x00000448      0x16e serial_midi.o
 .debug_abbrev  0x000005b6       0xec xnorMIDI/bytequeue/bytequeue.o
 .debug_abbrev  0x000006a2       0x83 xnorMIDI/bytequeue/interrupt_setting.o
 .debug_abbrev  0x00000725      0x17c xnorMIDI/midi.o
 .debug_abbrev  0x000008a1      0x145 xnorMIDI/midi_device.o
 .debug_abbrev  0x000009e6       0x5d c:/program files/atmel/avr studio 5.0/avr toolchain/bin/../lib/gcc/avr/4.5.1/avrxmega2\libgcc.a(_fixunssfsi.o)
 .debug_abbrev  0x00000a43      0x1af c:/program files/atmel/avr studio 5.0/avr toolchain/bin/../lib/gcc/avr/4.5.1/avrxmega2\libgcc.a(_addsub_sf.o)
 .debug_abbrev  0x00000bf2      0x1d9 c:/program files/atmel/avr studio 5.0/avr toolchain/bin/../lib/gcc/avr/4.5.1/avrxmega2\libgcc.a(_mul_sf.o)
 .debug_abbrev  0x00000dcb      0x1c4 c:/program files/atmel/avr studio 5.0/avr toolchain/bin/../lib/gcc/avr/4.5.1/avrxmega2\libgcc.a(_div_sf.o)
 .debug_abbrev  0x00000f8f      0x151 c:/program files/atmel/avr studio 5.0/avr toolchain/bin/../lib/gcc/avr/4.5.1/avrxmega2\libgcc.a(_gt_sf.o)
 .debug_abbrev  0x000010e0      0x151 c:/program files/atmel/avr studio 5.0/avr toolchain/bin/../lib/gcc/avr/4.5.1/avrxmega2\libgcc.a(_ge_sf.o)
 .debug_abbrev  0x00001231      0x151 c:/program files/atmel/avr studio 5.0/avr toolchain/bin/../lib/gcc/avr/4.5.1/avrxmega2\libgcc.a(_lt_sf.o)
 .debug_abbrev  0x00001382      0x160 c:/program files/atmel/avr studio 5.0/avr toolchain/bin/../lib/gcc/avr/4.5.1/avrxmega2\libgcc.a(_sf_to_si.o)
 .debug_abbrev  0x000014e2       0xcb c:/program files/atmel/avr studio 5.0/avr toolchain/bin/../lib/gcc/avr/4.5.1/avrxmega2\libgcc.a(_thenan_sf.o)
 .debug_abbrev  0x000015ad      0x173 c:/program files/atmel/avr studio 5.0/avr toolchain/bin/../lib/gcc/avr/4.5.1/avrxmega2\libgcc.a(_usi_to_sf.o)
 .debug_abbrev  0x00001720       0xce c:/program files/atmel/avr studio 5.0/avr toolchain/bin/../lib/gcc/avr/4.5.1/avrxmega2\libgcc.a(_clzsi2.o)
 .debug_abbrev  0x000017ee      0x185 c:/program files/atmel/avr studio 5.0/avr toolchain/bin/../lib/gcc/avr/4.5.1/avrxmega2\libgcc.a(_pack_sf.o)
 .debug_abbrev  0x00001973      0x14b c:/program files/atmel/avr studio 5.0/avr toolchain/bin/../lib/gcc/avr/4.5.1/avrxmega2\libgcc.a(_unpack_sf.o)
 .debug_abbrev  0x00001abe      0x10b c:/program files/atmel/avr studio 5.0/avr toolchain/bin/../lib/gcc/avr/4.5.1/avrxmega2\libgcc.a(_fpcmp_parts_sf.o)
 .debug_abbrev  0x00001bc9       0x61 c:/program files/atmel/avr studio 5.0/avr toolchain/bin/../lib/gcc/avr/4.5.1/avrxmega2\libgcc.a(_clz.o)

.debug_line     0x00000000     0x323b
 *(.debug_line)
 .debug_line    0x00000000      0x6f5 hardware.o
 .debug_line    0x000006f5      0x61a main.o
 .debug_line    0x00000d0f      0x2a6 serial_midi.o
 .debug_line    0x00000fb5      0x1ea xnorMIDI/bytequeue/bytequeue.o
 .debug_line    0x0000119f      0x12b xnorMIDI/bytequeue/interrupt_setting.o
 .debug_line    0x000012ca      0x51a xnorMIDI/midi.o
 .debug_line    0x000017e4      0x53b xnorMIDI/midi_device.o
 .debug_line    0x00001d1f       0xc9 c:/program files/atmel/avr studio 5.0/avr toolchain/bin/../lib/gcc/avr/4.5.1/avrxmega2\libgcc.a(_fixunssfsi.o)
 .debug_line    0x00001de8      0x2ee c:/program files/atmel/avr studio 5.0/avr toolchain/bin/../lib/gcc/avr/4.5.1/avrxmega2\libgcc.a(_addsub_sf.o)
 .debug_line    0x000020d6      0x28a c:/program files/atmel/avr studio 5.0/avr toolchain/bin/../lib/gcc/avr/4.5.1/avrxmega2\libgcc.a(_mul_sf.o)
 .debug_line    0x00002360      0x210 c:/program files/atmel/avr studio 5.0/avr toolchain/bin/../lib/gcc/avr/4.5.1/avrxmega2\libgcc.a(_div_sf.o)
 .debug_line    0x00002570      0x105 c:/program files/atmel/avr studio 5.0/avr toolchain/bin/../lib/gcc/avr/4.5.1/avrxmega2\libgcc.a(_gt_sf.o)
 .debug_line    0x00002675      0x105 c:/program files/atmel/avr studio 5.0/avr toolchain/bin/../lib/gcc/avr/4.5.1/avrxmega2\libgcc.a(_ge_sf.o)
 .debug_line    0x0000277a      0x105 c:/program files/atmel/avr studio 5.0/avr toolchain/bin/../lib/gcc/avr/4.5.1/avrxmega2\libgcc.a(_lt_sf.o)
 .debug_line    0x0000287f      0x13f c:/program files/atmel/avr studio 5.0/avr toolchain/bin/../lib/gcc/avr/4.5.1/avrxmega2\libgcc.a(_sf_to_si.o)
 .debug_line    0x000029be       0xb2 c:/program files/atmel/avr studio 5.0/avr toolchain/bin/../lib/gcc/avr/4.5.1/avrxmega2\libgcc.a(_thenan_sf.o)
 .debug_line    0x00002a70      0x15b c:/program files/atmel/avr studio 5.0/avr toolchain/bin/../lib/gcc/avr/4.5.1/avrxmega2\libgcc.a(_usi_to_sf.o)
 .debug_line    0x00002bcb       0xef c:/program files/atmel/avr studio 5.0/avr toolchain/bin/../lib/gcc/avr/4.5.1/avrxmega2\libgcc.a(_clzsi2.o)
 .debug_line    0x00002cba      0x1f5 c:/program files/atmel/avr studio 5.0/avr toolchain/bin/../lib/gcc/avr/4.5.1/avrxmega2\libgcc.a(_pack_sf.o)
 .debug_line    0x00002eaf      0x175 c:/program files/atmel/avr studio 5.0/avr toolchain/bin/../lib/gcc/avr/4.5.1/avrxmega2\libgcc.a(_unpack_sf.o)
 .debug_line    0x00003024      0x179 c:/program files/atmel/avr studio 5.0/avr toolchain/bin/../lib/gcc/avr/4.5.1/avrxmega2\libgcc.a(_fpcmp_parts_sf.o)
 .debug_line    0x0000319d       0x9e c:/program files/atmel/avr studio 5.0/avr toolchain/bin/../lib/gcc/avr/4.5.1/avrxmega2\libgcc.a(_clz.o)

.debug_frame    0x00000000      0x750
 *(.debug_frame)
 .debug_frame   0x00000000       0xf0 hardware.o
 .debug_frame   0x000000f0       0xc0 main.o
 .debug_frame   0x000001b0       0x60 serial_midi.o
 .debug_frame   0x00000210       0x60 xnorMIDI/bytequeue/bytequeue.o
 .debug_frame   0x00000270       0x30 xnorMIDI/bytequeue/interrupt_setting.o
 .debug_frame   0x000002a0      0x270 xnorMIDI/midi.o
 .debug_frame   0x00000510       0x80 xnorMIDI/midi_device.o
 .debug_frame   0x00000590       0x20 c:/program files/atmel/avr studio 5.0/avr toolchain/bin/../lib/gcc/avr/4.5.1/avrxmega2\libgcc.a(_fixunssfsi.o)
 .debug_frame   0x000005b0       0x40 c:/program files/atmel/avr studio 5.0/avr toolchain/bin/../lib/gcc/avr/4.5.1/avrxmega2\libgcc.a(_addsub_sf.o)
 .debug_frame   0x000005f0       0x20 c:/program files/atmel/avr studio 5.0/avr toolchain/bin/../lib/gcc/avr/4.5.1/avrxmega2\libgcc.a(_mul_sf.o)
 .debug_frame   0x00000610       0x20 c:/program files/atmel/avr studio 5.0/avr toolchain/bin/../lib/gcc/avr/4.5.1/avrxmega2\libgcc.a(_div_sf.o)
 .debug_frame   0x00000630       0x20 c:/program files/atmel/avr studio 5.0/avr toolchain/bin/../lib/gcc/avr/4.5.1/avrxmega2\libgcc.a(_gt_sf.o)
 .debug_frame   0x00000650       0x20 c:/program files/atmel/avr studio 5.0/avr toolchain/bin/../lib/gcc/avr/4.5.1/avrxmega2\libgcc.a(_ge_sf.o)
 .debug_frame   0x00000670       0x20 c:/program files/atmel/avr studio 5.0/avr toolchain/bin/../lib/gcc/avr/4.5.1/avrxmega2\libgcc.a(_lt_sf.o)
 .debug_frame   0x00000690       0x20 c:/program files/atmel/avr studio 5.0/avr toolchain/bin/../lib/gcc/avr/4.5.1/avrxmega2\libgcc.a(_sf_to_si.o)
 .debug_frame   0x000006b0       0x20 c:/program files/atmel/avr studio 5.0/avr toolchain/bin/../lib/gcc/avr/4.5.1/avrxmega2\libgcc.a(_usi_to_sf.o)
 .debug_frame   0x000006d0       0x20 c:/program files/atmel/avr studio 5.0/avr toolchain/bin/../lib/gcc/avr/4.5.1/avrxmega2\libgcc.a(_clzsi2.o)
 .debug_frame   0x000006f0       0x20 c:/program files/atmel/avr studio 5.0/avr toolchain/bin/../lib/gcc/avr/4.5.1/avrxmega2\libgcc.a(_pack_sf.o)
 .debug_frame   0x00000710       0x20 c:/program files/atmel/avr studio 5.0/avr toolchain/bin/../lib/gcc/avr/4.5.1/avrxmega2\libgcc.a(_unpack_sf.o)
 .debug_frame   0x00000730       0x20 c:/program files/atmel/avr studio 5.0/avr toolchain/bin/../lib/gcc/avr/4.5.1/avrxmega2\libgcc.a(_fpcmp_parts_sf.o)

.debug_str      0x00000000     0x16c6
 *(.debug_str)
 .debug_str     0x00000000      0x6ba hardware.o
                                0x79a (size before relaxing)
 .debug_str     0x000006ba      0x3af main.o
                                0x5cf (size before relaxing)
 .debug_str     0x00000a69      0x355 serial_midi.o
                                0x4cc (size before relaxing)
 .debug_str     0x00000dbe       0xb1 xnorMIDI/bytequeue/bytequeue.o
                                0x1d1 (size before relaxing)
 .debug_str     0x00000e6f       0x63 xnorMIDI/bytequeue/interrupt_setting.o
                                0x15c (size before relaxing)
 .debug_str     0x00000ed2      0x413 xnorMIDI/midi.o
                                0x804 (size before relaxing)
 .debug_str     0x000012e5       0xd6 xnorMIDI/midi_device.o
                                0x4e2 (size before relaxing)
 .debug_str     0x000013bb       0xdc c:/program files/atmel/avr studio 5.0/avr toolchain/bin/../lib/gcc/avr/4.5.1/avrxmega2\libgcc.a(_fixunssfsi.o)
                                0x161 (size before relaxing)
 .debug_str     0x00001497      0x14f c:/program files/atmel/avr studio 5.0/avr toolchain/bin/../lib/gcc/avr/4.5.1/avrxmega2\libgcc.a(_addsub_sf.o)
                                0x248 (size before relaxing)
 .debug_str     0x000015e6       0x27 c:/program files/atmel/avr studio 5.0/avr toolchain/bin/../lib/gcc/avr/4.5.1/avrxmega2\libgcc.a(_mul_sf.o)
                                0x201 (size before relaxing)
 .debug_str     0x0000160d       0x2b c:/program files/atmel/avr studio 5.0/avr toolchain/bin/../lib/gcc/avr/4.5.1/avrxmega2\libgcc.a(_div_sf.o)
                                0x20a (size before relaxing)
 .debug_str     0x00001638        0x8 c:/program files/atmel/avr studio 5.0/avr toolchain/bin/../lib/gcc/avr/4.5.1/avrxmega2\libgcc.a(_gt_sf.o)
                                0x1cf (size before relaxing)
 .debug_str     0x00001640        0x8 c:/program files/atmel/avr studio 5.0/avr toolchain/bin/../lib/gcc/avr/4.5.1/avrxmega2\libgcc.a(_ge_sf.o)
                                0x1cf (size before relaxing)
 .debug_str     0x00001648        0x8 c:/program files/atmel/avr studio 5.0/avr toolchain/bin/../lib/gcc/avr/4.5.1/avrxmega2\libgcc.a(_lt_sf.o)
                                0x1cf (size before relaxing)
 .debug_str     0x00001650        0xa c:/program files/atmel/avr studio 5.0/avr toolchain/bin/../lib/gcc/avr/4.5.1/avrxmega2\libgcc.a(_sf_to_si.o)
                                0x1d8 (size before relaxing)
 .debug_str     0x00000000      0x17a c:/program files/atmel/avr studio 5.0/avr toolchain/bin/../lib/gcc/avr/4.5.1/avrxmega2\libgcc.a(_thenan_sf.o)
 .debug_str     0x0000165a       0x2a c:/program files/atmel/avr studio 5.0/avr toolchain/bin/../lib/gcc/avr/4.5.1/avrxmega2\libgcc.a(_usi_to_sf.o)
                                0x1ba (size before relaxing)
 .debug_str     0x00001684       0x17 c:/program files/atmel/avr studio 5.0/avr toolchain/bin/../lib/gcc/avr/4.5.1/avrxmega2\libgcc.a(_clzsi2.o)
                                0x16d (size before relaxing)
 .debug_str     0x0000169b       0x10 c:/program files/atmel/avr studio 5.0/avr toolchain/bin/../lib/gcc/avr/4.5.1/avrxmega2\libgcc.a(_pack_sf.o)
                                0x1d7 (size before relaxing)
 .debug_str     0x000016ab        0xb c:/program files/atmel/avr studio 5.0/avr toolchain/bin/../lib/gcc/avr/4.5.1/avrxmega2\libgcc.a(_unpack_sf.o)
                                0x1b9 (size before relaxing)
 .debug_str     0x000016b6       0x10 c:/program files/atmel/avr studio 5.0/avr toolchain/bin/../lib/gcc/avr/4.5.1/avrxmega2\libgcc.a(_fpcmp_parts_sf.o)
                                0x19d (size before relaxing)
 .debug_str     0x00000000      0x150 c:/program files/atmel/avr studio 5.0/avr toolchain/bin/../lib/gcc/avr/4.5.1/avrxmega2\libgcc.a(_clz.o)

.debug_loc      0x00000000     0x1e85
 *(.debug_loc)
 .debug_loc     0x00000000      0x19a hardware.o
 .debug_loc     0x0000019a      0x4b9 main.o
 .debug_loc     0x00000653       0x7a serial_midi.o
 .debug_loc     0x000006cd      0x151 xnorMIDI/bytequeue/bytequeue.o
 .debug_loc     0x0000081e      0x4a2 xnorMIDI/midi.o
 .debug_loc     0x00000cc0      0x458 xnorMIDI/midi_device.o
 .debug_loc     0x00001118       0x34 c:/program files/atmel/avr studio 5.0/avr toolchain/bin/../lib/gcc/avr/4.5.1/avrxmega2\libgcc.a(_fixunssfsi.o)
 .debug_loc     0x0000114c      0x31d c:/program files/atmel/avr studio 5.0/avr toolchain/bin/../lib/gcc/avr/4.5.1/avrxmega2\libgcc.a(_addsub_sf.o)
 .debug_loc     0x00001469      0x2a4 c:/program files/atmel/avr studio 5.0/avr toolchain/bin/../lib/gcc/avr/4.5.1/avrxmega2\libgcc.a(_mul_sf.o)
 .debug_loc     0x0000170d      0x1ac c:/program files/atmel/avr studio 5.0/avr toolchain/bin/../lib/gcc/avr/4.5.1/avrxmega2\libgcc.a(_div_sf.o)
 .debug_loc     0x000018b9       0x48 c:/program files/atmel/avr studio 5.0/avr toolchain/bin/../lib/gcc/avr/4.5.1/avrxmega2\libgcc.a(_gt_sf.o)
 .debug_loc     0x00001901       0x48 c:/program files/atmel/avr studio 5.0/avr toolchain/bin/../lib/gcc/avr/4.5.1/avrxmega2\libgcc.a(_ge_sf.o)
 .debug_loc     0x00001949       0x48 c:/program files/atmel/avr studio 5.0/avr toolchain/bin/../lib/gcc/avr/4.5.1/avrxmega2\libgcc.a(_lt_sf.o)
 .debug_loc     0x00001991       0x56 c:/program files/atmel/avr studio 5.0/avr toolchain/bin/../lib/gcc/avr/4.5.1/avrxmega2\libgcc.a(_sf_to_si.o)
 .debug_loc     0x000019e7       0x96 c:/program files/atmel/avr studio 5.0/avr toolchain/bin/../lib/gcc/avr/4.5.1/avrxmega2\libgcc.a(_usi_to_sf.o)
 .debug_loc     0x00001a7d       0xb2 c:/program files/atmel/avr studio 5.0/avr toolchain/bin/../lib/gcc/avr/4.5.1/avrxmega2\libgcc.a(_clzsi2.o)
 .debug_loc     0x00001b2f      0x1f5 c:/program files/atmel/avr studio 5.0/avr toolchain/bin/../lib/gcc/avr/4.5.1/avrxmega2\libgcc.a(_pack_sf.o)
 .debug_loc     0x00001d24      0x111 c:/program files/atmel/avr studio 5.0/avr toolchain/bin/../lib/gcc/avr/4.5.1/avrxmega2\libgcc.a(_unpack_sf.o)
 .debug_loc     0x00001e35       0x50 c:/program files/atmel/avr studio 5.0/avr toolchain/bin/../lib/gcc/avr/4.5.1/avrxmega2\libgcc.a(_fpcmp_parts_sf.o)

.debug_macinfo
 *(.debug_macinfo)
OUTPUT(GnarpAVRSTUDIO.elf elf32-avr)
LOAD linker stubs

.debug_pubtypes
                0x00000000      0xbf1
 .debug_pubtypes
                0x00000000      0x107 hardware.o
 .debug_pubtypes
                0x00000107       0x6e main.o
 .debug_pubtypes
                0x00000175      0x11d serial_midi.o
 .debug_pubtypes
                0x00000292       0x5b xnorMIDI/bytequeue/bytequeue.o
 .debug_pubtypes
                0x000002ed       0x36 xnorMIDI/bytequeue/interrupt_setting.o
 .debug_pubtypes
                0x00000323      0x125 xnorMIDI/midi.o
 .debug_pubtypes
                0x00000448      0x100 xnorMIDI/midi_device.o
 .debug_pubtypes
                0x00000548       0x34 c:/program files/atmel/avr studio 5.0/avr toolchain/bin/../lib/gcc/avr/4.5.1/avrxmega2\libgcc.a(_fixunssfsi.o)
 .debug_pubtypes
                0x0000057c       0x9d c:/program files/atmel/avr studio 5.0/avr toolchain/bin/../lib/gcc/avr/4.5.1/avrxmega2\libgcc.a(_addsub_sf.o)
 .debug_pubtypes
                0x00000619       0x86 c:/program files/atmel/avr studio 5.0/avr toolchain/bin/../lib/gcc/avr/4.5.1/avrxmega2\libgcc.a(_mul_sf.o)
 .debug_pubtypes
                0x0000069f       0x86 c:/program files/atmel/avr studio 5.0/avr toolchain/bin/../lib/gcc/avr/4.5.1/avrxmega2\libgcc.a(_div_sf.o)
 .debug_pubtypes
                0x00000725       0x91 c:/program files/atmel/avr studio 5.0/avr toolchain/bin/../lib/gcc/avr/4.5.1/avrxmega2\libgcc.a(_gt_sf.o)
 .debug_pubtypes
                0x000007b6       0x91 c:/program files/atmel/avr studio 5.0/avr toolchain/bin/../lib/gcc/avr/4.5.1/avrxmega2\libgcc.a(_ge_sf.o)
 .debug_pubtypes
                0x00000847       0x91 c:/program files/atmel/avr studio 5.0/avr toolchain/bin/../lib/gcc/avr/4.5.1/avrxmega2\libgcc.a(_lt_sf.o)
 .debug_pubtypes
                0x000008d8       0x91 c:/program files/atmel/avr studio 5.0/avr toolchain/bin/../lib/gcc/avr/4.5.1/avrxmega2\libgcc.a(_sf_to_si.o)
 .debug_pubtypes
                0x00000969       0x5b c:/program files/atmel/avr studio 5.0/avr toolchain/bin/../lib/gcc/avr/4.5.1/avrxmega2\libgcc.a(_thenan_sf.o)
 .debug_pubtypes
                0x000009c4       0x73 c:/program files/atmel/avr studio 5.0/avr toolchain/bin/../lib/gcc/avr/4.5.1/avrxmega2\libgcc.a(_usi_to_sf.o)
 .debug_pubtypes
                0x00000a37       0x35 c:/program files/atmel/avr studio 5.0/avr toolchain/bin/../lib/gcc/avr/4.5.1/avrxmega2\libgcc.a(_clzsi2.o)
 .debug_pubtypes
                0x00000a6c       0x86 c:/program files/atmel/avr studio 5.0/avr toolchain/bin/../lib/gcc/avr/4.5.1/avrxmega2\libgcc.a(_pack_sf.o)
 .debug_pubtypes
                0x00000af2       0x86 c:/program files/atmel/avr studio 5.0/avr toolchain/bin/../lib/gcc/avr/4.5.1/avrxmega2\libgcc.a(_unpack_sf.o)
 .debug_pubtypes
                0x00000b78       0x5b c:/program files/atmel/avr studio 5.0/avr toolchain/bin/../lib/gcc/avr/4.5.1/avrxmega2\libgcc.a(_fpcmp_parts_sf.o)
 .debug_pubtypes
                0x00000bd3       0x1e c:/program files/atmel/avr studio 5.0/avr toolchain/bin/../lib/gcc/avr/4.5.1/avrxmega2\libgcc.a(_clz.o)

.debug_ranges   0x00000000       0x68
 .debug_ranges  0x00000000       0x30 c:/program files/atmel/avr studio 5.0/avr toolchain/bin/../lib/gcc/avr/4.5.1/avrxmega2\libgcc.a(_mul_sf.o)
 .debug_ranges  0x00000030       0x38 c:/program files/atmel/avr studio 5.0/avr toolchain/bin/../lib/gcc/avr/4.5.1/avrxmega2\libgcc.a(_div_sf.o)
